::ffff:10.0.0.109 - - [28/Oct/2022:06:56:53 +0000] "POST /api/v1/category HTTP/1.1" 200 40 "http://10.0.0.101:3000/" "Mozilla/5.0 (Windows NT 10.0; Win64; x64) AppleWebKit/537.36 (KHTML, like Gecko) Chrome/106.0.0.0 Safari/537.36"
::ffff:10.0.0.100 - - [28/Oct/2022:06:56:55 +0000] "POST /api/v1/category HTTP/1.1" 200 4793 "http://10.0.0.101:3000/" "Mozilla/5.0 (Linux; Android 10; SM-G960N) AppleWebKit/537.36 (KHTML, like Gecko) Chrome/106.0.0.0 Mobile Safari/537.36"
::ffff:10.0.0.109 - - [28/Oct/2022:06:56:55 +0000] "POST /api/v1/category HTTP/1.1" 200 40 "http://10.0.0.101:3000/" "Mozilla/5.0 (Windows NT 10.0; Win64; x64) AppleWebKit/537.36 (KHTML, like Gecko) Chrome/106.0.0.0 Safari/537.36"
::ffff:10.0.0.109 - - [28/Oct/2022:06:56:56 +0000] "POST /api/v1/category HTTP/1.1" 200 4793 "http://10.0.0.101:3000/" "Mozilla/5.0 (Windows NT 10.0; Win64; x64) AppleWebKit/537.36 (KHTML, like Gecko) Chrome/106.0.0.0 Safari/537.36"
::ffff:10.0.0.109 - - [28/Oct/2022:06:56:56 +0000] "POST /api/v1/category HTTP/1.1" 200 40 "http://10.0.0.101:3000/" "Mozilla/5.0 (Windows NT 10.0; Win64; x64) AppleWebKit/537.36 (KHTML, like Gecko) Chrome/106.0.0.0 Safari/537.36"
::ffff:10.0.0.109 - - [28/Oct/2022:06:56:57 +0000] "POST /api/v1/category HTTP/1.1" 200 4793 "http://10.0.0.101:3000/" "Mozilla/5.0 (Windows NT 10.0; Win64; x64) AppleWebKit/537.36 (KHTML, like Gecko) Chrome/106.0.0.0 Safari/537.36"
::ffff:10.0.0.100 - - [28/Oct/2022:06:57:00 +0000] "POST /api/v1/category HTTP/1.1" 200 40 "http://10.0.0.101:3000/" "Mozilla/5.0 (Linux; Android 10; SM-G960N) AppleWebKit/537.36 (KHTML, like Gecko) Chrome/106.0.0.0 Mobile Safari/537.36"
::ffff:10.0.0.100 - - [28/Oct/2022:06:57:02 +0000] "POST /api/v1/category HTTP/1.1" 200 4709 "http://10.0.0.101:3000/" "Mozilla/5.0 (Linux; Android 10; SM-G960N) AppleWebKit/537.36 (KHTML, like Gecko) Chrome/106.0.0.0 Mobile Safari/537.36"
::ffff:10.0.0.100 - - [28/Oct/2022:06:57:06 +0000] "POST /api/v1/category HTTP/1.1" 200 2306 "http://10.0.0.101:3000/" "Mozilla/5.0 (Linux; Android 10; SM-G960N) AppleWebKit/537.36 (KHTML, like Gecko) Chrome/106.0.0.0 Mobile Safari/537.36"
::ffff:10.0.0.114 - - [28/Oct/2022:06:57:06 +0000] "POST /api/v1/category HTTP/1.1" 200 40 "http://10.0.0.101:3000/" "Mozilla/5.0 (iPhone; CPU iPhone OS 15_6_1 like Mac OS X) AppleWebKit/605.1.15 (KHTML, like Gecko) Version/15.6.1 Mobile/15E148 Safari/604.1"
::ffff:10.0.0.100 - - [28/Oct/2022:06:57:09 +0000] "POST /api/v1/category HTTP/1.1" 200 4709 "http://10.0.0.101:3000/" "Mozilla/5.0 (Linux; Android 10; SM-G960N) AppleWebKit/537.36 (KHTML, like Gecko) Chrome/106.0.0.0 Mobile Safari/537.36"
::ffff:10.0.0.114 - - [28/Oct/2022:06:57:11 +0000] "POST /api/v1/category HTTP/1.1" 200 4793 "http://10.0.0.101:3000/" "Mozilla/5.0 (iPhone; CPU iPhone OS 15_6_1 like Mac OS X) AppleWebKit/605.1.15 (KHTML, like Gecko) Version/15.6.1 Mobile/15E148 Safari/604.1"
::ffff:10.0.0.100 - - [28/Oct/2022:06:57:16 +0000] "POST /api/v1/category HTTP/1.1" 200 14140 "http://10.0.0.101:3000/" "Mozilla/5.0 (Linux; Android 10; SM-G960N) AppleWebKit/537.36 (KHTML, like Gecko) Chrome/106.0.0.0 Mobile Safari/537.36"
::ffff:10.0.0.114 - - [28/Oct/2022:06:58:13 +0000] "POST /api/v1/category HTTP/1.1" 200 40 "http://10.0.0.101:3000/" "Mozilla/5.0 (iPhone; CPU iPhone OS 15_6_1 like Mac OS X) AppleWebKit/605.1.15 (KHTML, like Gecko) Version/15.6.1 Mobile/15E148 Safari/604.1"
::ffff:10.0.0.114 - - [28/Oct/2022:06:58:13 +0000] "POST /api/v1/category HTTP/1.1" 200 40 "http://10.0.0.101:3000/" "Mozilla/5.0 (iPhone; CPU iPhone OS 15_6_1 like Mac OS X) AppleWebKit/605.1.15 (KHTML, like Gecko) Version/15.6.1 Mobile/15E148 Safari/604.1"
::ffff:10.0.0.114 - - [28/Oct/2022:06:58:14 +0000] "POST /api/v1/category HTTP/1.1" 200 40 "http://10.0.0.101:3000/" "Mozilla/5.0 (iPhone; CPU iPhone OS 15_6_1 like Mac OS X) AppleWebKit/605.1.15 (KHTML, like Gecko) Version/15.6.1 Mobile/15E148 Safari/604.1"
::ffff:10.0.0.114 - - [28/Oct/2022:06:58:17 +0000] "POST /api/v1/category HTTP/1.1" 200 4793 "http://10.0.0.101:3000/" "Mozilla/5.0 (iPhone; CPU iPhone OS 15_6_1 like Mac OS X) AppleWebKit/605.1.15 (KHTML, like Gecko) Version/15.6.1 Mobile/15E148 Safari/604.1"
::ffff:10.0.0.100 - - [28/Oct/2022:06:58:25 +0000] "GET /api/v1/categories HTTP/1.1" 304 - "http://10.0.0.101:3000/" "Mozilla/5.0 (Linux; Android 10; SM-G960N) AppleWebKit/537.36 (KHTML, like Gecko) Chrome/106.0.0.0 Mobile Safari/537.36"
::ffff:10.0.0.100 - - [28/Oct/2022:06:58:25 +0000] "POST /api/v1/category HTTP/1.1" 200 14140 "http://10.0.0.101:3000/" "Mozilla/5.0 (Linux; Android 10; SM-G960N) AppleWebKit/537.36 (KHTML, like Gecko) Chrome/106.0.0.0 Mobile Safari/537.36"
::ffff:10.0.0.114 - - [28/Oct/2022:06:58:30 +0000] "POST /api/v1/category HTTP/1.1" 200 14140 "http://10.0.0.101:3000/" "Mozilla/5.0 (iPhone; CPU iPhone OS 15_6_1 like Mac OS X) AppleWebKit/605.1.15 (KHTML, like Gecko) Version/15.6.1 Mobile/15E148 Safari/604.1"
::ffff:10.0.0.114 - - [28/Oct/2022:06:58:50 +0000] "POST /api/v1/category HTTP/1.1" 200 4793 "http://10.0.0.101:3000/" "Mozilla/5.0 (iPhone; CPU iPhone OS 15_6_1 like Mac OS X) AppleWebKit/605.1.15 (KHTML, like Gecko) Version/15.6.1 Mobile/15E148 Safari/604.1"
::ffff:10.0.0.114 - - [28/Oct/2022:06:58:56 +0000] "POST /api/v1/category HTTP/1.1" 200 14140 "http://10.0.0.101:3000/" "Mozilla/5.0 (iPhone; CPU iPhone OS 15_6_1 like Mac OS X) AppleWebKit/605.1.15 (KHTML, like Gecko) Version/15.6.1 Mobile/15E148 Safari/604.1"
::ffff:10.0.0.114 - - [28/Oct/2022:06:59:06 +0000] "POST /api/v1/category HTTP/1.1" 200 4793 "http://10.0.0.101:3000/" "Mozilla/5.0 (iPhone; CPU iPhone OS 15_6_1 like Mac OS X) AppleWebKit/605.1.15 (KHTML, like Gecko) Version/15.6.1 Mobile/15E148 Safari/604.1"
::ffff:10.0.0.114 - - [28/Oct/2022:06:59:16 +0000] "POST /api/v1/category HTTP/1.1" 200 14140 "http://10.0.0.101:3000/" "Mozilla/5.0 (iPhone; CPU iPhone OS 15_6_1 like Mac OS X) AppleWebKit/605.1.15 (KHTML, like Gecko) Version/15.6.1 Mobile/15E148 Safari/604.1"
::ffff:10.0.0.114 - - [28/Oct/2022:07:04:23 +0000] "POST /api/v1/category HTTP/1.1" 200 40 "http://10.0.0.101:3000/" "Mozilla/5.0 (Macintosh; Intel Mac OS X 10_13_5) AppleWebKit/605.1.15 (KHTML, like Gecko) CriOS/106 Version/11.1.1 Safari/605.1.15"
::ffff:10.0.0.114 - - [28/Oct/2022:07:04:59 +0000] "POST /api/v1/category HTTP/1.1" 200 14140 "http://10.0.0.101:3000/" "Mozilla/5.0 (Macintosh; Intel Mac OS X 10_13_5) AppleWebKit/605.1.15 (KHTML, like Gecko) CriOS/106 Version/11.1.1 Safari/605.1.15"
::ffff:10.0.0.114 - - [28/Oct/2022:07:05:00 +0000] "POST /api/v1/category HTTP/1.1" 200 40 "http://10.0.0.101:3000/" "Mozilla/5.0 (Macintosh; Intel Mac OS X 10_13_5) AppleWebKit/605.1.15 (KHTML, like Gecko) CriOS/106 Version/11.1.1 Safari/605.1.15"
::ffff:10.0.0.114 - - [28/Oct/2022:07:05:00 +0000] "POST /api/v1/category HTTP/1.1" 200 14140 "http://10.0.0.101:3000/" "Mozilla/5.0 (Macintosh; Intel Mac OS X 10_13_5) AppleWebKit/605.1.15 (KHTML, like Gecko) CriOS/106 Version/11.1.1 Safari/605.1.15"
::ffff:10.0.0.114 - - [28/Oct/2022:07:07:48 +0000] "POST /api/v1/category HTTP/1.1" 200 14140 "http://10.0.0.101:3000/" "Mozilla/5.0 (Macintosh; Intel Mac OS X 10_13_5) AppleWebKit/605.1.15 (KHTML, like Gecko) CriOS/106 Version/11.1.1 Safari/605.1.15"
::ffff:10.0.0.114 - - [28/Oct/2022:07:07:53 +0000] "POST /api/v1/category HTTP/1.1" 200 40 "http://10.0.0.101:3000/" "Mozilla/5.0 (Macintosh; Intel Mac OS X 10_13_5) AppleWebKit/605.1.15 (KHTML, like Gecko) CriOS/106 Version/11.1.1 Safari/605.1.15"
::ffff:10.0.0.114 - - [28/Oct/2022:07:08:01 +0000] "POST /api/v1/category HTTP/1.1" 200 40 "http://10.0.0.101:3000/" "Mozilla/5.0 (Macintosh; Intel Mac OS X 10_13_5) AppleWebKit/605.1.15 (KHTML, like Gecko) CriOS/106 Version/11.1.1 Safari/605.1.15"
::ffff:10.0.0.114 - - [28/Oct/2022:07:08:01 +0000] "POST /api/v1/category HTTP/1.1" 200 40 "http://10.0.0.101:3000/" "Mozilla/5.0 (Macintosh; Intel Mac OS X 10_13_5) AppleWebKit/605.1.15 (KHTML, like Gecko) CriOS/106 Version/11.1.1 Safari/605.1.15"
::ffff:10.0.0.114 - - [28/Oct/2022:07:08:05 +0000] "POST /api/v1/category HTTP/1.1" 200 14140 "http://10.0.0.101:3000/" "Mozilla/5.0 (Macintosh; Intel Mac OS X 10_13_5) AppleWebKit/605.1.15 (KHTML, like Gecko) CriOS/106 Version/11.1.1 Safari/605.1.15"
::ffff:10.0.0.114 - - [28/Oct/2022:07:08:37 +0000] "POST /api/v1/category HTTP/1.1" 200 14140 "http://10.0.0.101:3000/" "Mozilla/5.0 (Macintosh; Intel Mac OS X 10_13_5) AppleWebKit/605.1.15 (KHTML, like Gecko) CriOS/106 Version/11.1.1 Safari/605.1.15"
::ffff:10.0.0.114 - - [28/Oct/2022:07:10:26 +0000] "POST /api/v1/category HTTP/1.1" 200 14140 "http://10.0.0.101:3000/" "Mozilla/5.0 (Macintosh; Intel Mac OS X 10_13_5) AppleWebKit/605.1.15 (KHTML, like Gecko) CriOS/106 Version/11.1.1 Safari/605.1.15"
::ffff:10.0.0.114 - - [28/Oct/2022:07:10:27 +0000] "POST /api/v1/category HTTP/1.1" 200 40 "http://10.0.0.101:3000/" "Mozilla/5.0 (Macintosh; Intel Mac OS X 10_13_5) AppleWebKit/605.1.15 (KHTML, like Gecko) CriOS/106 Version/11.1.1 Safari/605.1.15"
::ffff:10.0.0.114 - - [28/Oct/2022:07:10:27 +0000] "POST /api/v1/category HTTP/1.1" 200 14140 "http://10.0.0.101:3000/" "Mozilla/5.0 (Macintosh; Intel Mac OS X 10_13_5) AppleWebKit/605.1.15 (KHTML, like Gecko) CriOS/106 Version/11.1.1 Safari/605.1.15"
::ffff:10.0.0.114 - - [28/Oct/2022:07:10:35 +0000] "POST /api/v1/category HTTP/1.1" 200 14140 "http://10.0.0.101:3000/" "Mozilla/5.0 (Macintosh; Intel Mac OS X 10_13_5) AppleWebKit/605.1.15 (KHTML, like Gecko) CriOS/106 Version/11.1.1 Safari/605.1.15"
::ffff:10.0.0.114 - - [28/Oct/2022:07:12:23 +0000] "GET /api/v1/categories HTTP/1.1" 304 - "http://10.0.0.101:3000/" "Mozilla/5.0 (Macintosh; Intel Mac OS X 10_13_5) AppleWebKit/605.1.15 (KHTML, like Gecko) CriOS/106 Version/11.1.1 Safari/605.1.15"
::ffff:10.0.0.114 - - [28/Oct/2022:07:20:56 +0000] "POST /api/v1/category HTTP/1.1" 200 14140 "http://10.0.0.101:3000/" "Mozilla/5.0 (Macintosh; Intel Mac OS X 10_13_5) AppleWebKit/605.1.15 (KHTML, like Gecko) CriOS/106 Version/11.1.1 Safari/605.1.15"
::ffff:10.0.0.114 - - [28/Oct/2022:07:23:45 +0000] "GET /api/v1/categories HTTP/1.1" 304 - "http://10.0.0.101:3000/" "Mozilla/5.0 (Macintosh; Intel Mac OS X 10_13_5) AppleWebKit/605.1.15 (KHTML, like Gecko) CriOS/106 Version/11.1.1 Safari/605.1.15"
::ffff:10.0.0.114 - - [28/Oct/2022:07:23:46 +0000] "POST /api/v1/category HTTP/1.1" 200 14140 "http://10.0.0.101:3000/" "Mozilla/5.0 (Macintosh; Intel Mac OS X 10_13_5) AppleWebKit/605.1.15 (KHTML, like Gecko) CriOS/106 Version/11.1.1 Safari/605.1.15"
::ffff:10.0.0.114 - - [28/Oct/2022:07:26:58 +0000] "POST /api/v1/category HTTP/1.1" 200 40 "http://10.0.0.101:3000/" "Mozilla/5.0 (Macintosh; Intel Mac OS X 10_13_5) AppleWebKit/605.1.15 (KHTML, like Gecko) CriOS/106 Version/11.1.1 Safari/605.1.15"
::ffff:10.0.0.114 - - [28/Oct/2022:07:26:58 +0000] "POST /api/v1/category HTTP/1.1" 200 14140 "http://10.0.0.101:3000/" "Mozilla/5.0 (Macintosh; Intel Mac OS X 10_13_5) AppleWebKit/605.1.15 (KHTML, like Gecko) CriOS/106 Version/11.1.1 Safari/605.1.15"
::ffff:10.0.0.103 - - [09/Nov/2022:06:24:26 +0000] "GET /api/v1/hallplans HTTP/1.1" 200 203 "http://10.0.0.103:3000/" "Mozilla/5.0 (Windows NT 10.0; Win64; x64) AppleWebKit/537.36 (KHTML, like Gecko) Chrome/107.0.0.0 Safari/537.36"
::ffff:10.0.0.103 - - [09/Nov/2022:06:24:27 +0000] "POST /api/v1/hallplans/tables HTTP/1.1" 200 387 "http://10.0.0.103:3000/" "Mozilla/5.0 (Windows NT 10.0; Win64; x64) AppleWebKit/537.36 (KHTML, like Gecko) Chrome/107.0.0.0 Safari/537.36"
::ffff:10.0.0.103 - - [09/Nov/2022:06:24:27 +0000] "POST /api/v1/category HTTP/1.1" 200 14140 "http://10.0.0.103:3000/" "Mozilla/5.0 (Windows NT 10.0; Win64; x64) AppleWebKit/537.36 (KHTML, like Gecko) Chrome/107.0.0.0 Safari/537.36"
::ffff:10.0.0.103 - - [09/Nov/2022:06:24:28 +0000] "GET /api/v1/categories HTTP/1.1" 200 3289 "http://10.0.0.103:3000/" "Mozilla/5.0 (Windows NT 10.0; Win64; x64) AppleWebKit/537.36 (KHTML, like Gecko) Chrome/107.0.0.0 Safari/537.36"
::ffff:10.0.0.103 - - [09/Nov/2022:06:25:19 +0000] "POST /api/v1/category HTTP/1.1" 200 14140 "http://10.0.0.103:3000/" "Mozilla/5.0 (Windows NT 10.0; Win64; x64) AppleWebKit/537.36 (KHTML, like Gecko) Chrome/107.0.0.0 Safari/537.36"
::ffff:10.0.0.103 - - [09/Nov/2022:06:25:19 +0000] "GET /api/v1/categories HTTP/1.1" 304 - "http://10.0.0.103:3000/" "Mozilla/5.0 (Windows NT 10.0; Win64; x64) AppleWebKit/537.36 (KHTML, like Gecko) Chrome/107.0.0.0 Safari/537.36"
::ffff:10.0.0.103 - - [09/Nov/2022:06:26:14 +0000] "POST /api/v1/category HTTP/1.1" 200 14140 "http://10.0.0.103:3000/" "Mozilla/5.0 (Windows NT 10.0; Win64; x64) AppleWebKit/537.36 (KHTML, like Gecko) Chrome/107.0.0.0 Safari/537.36"
::ffff:10.0.0.103 - - [09/Nov/2022:06:26:15 +0000] "GET /api/v1/categories HTTP/1.1" 304 - "http://10.0.0.103:3000/" "Mozilla/5.0 (Windows NT 10.0; Win64; x64) AppleWebKit/537.36 (KHTML, like Gecko) Chrome/107.0.0.0 Safari/537.36"
::ffff:10.0.0.103 - - [09/Nov/2022:06:29:31 +0000] "GET /api/v1/categories HTTP/1.1" 304 - "http://10.0.0.103:3000/" "Mozilla/5.0 (Windows NT 10.0; Win64; x64) AppleWebKit/537.36 (KHTML, like Gecko) Chrome/107.0.0.0 Safari/537.36"
::ffff:10.0.0.103 - - [09/Nov/2022:06:29:31 +0000] "POST /api/v1/category HTTP/1.1" 200 14140 "http://10.0.0.103:3000/" "Mozilla/5.0 (Windows NT 10.0; Win64; x64) AppleWebKit/537.36 (KHTML, like Gecko) Chrome/107.0.0.0 Safari/537.36"
::ffff:10.0.0.103 - - [09/Nov/2022:06:30:04 +0000] "POST /api/v1/category HTTP/1.1" 200 14140 "http://10.0.0.103:3000/" "Mozilla/5.0 (Windows NT 10.0; Win64; x64) AppleWebKit/537.36 (KHTML, like Gecko) Chrome/107.0.0.0 Safari/537.36"
::ffff:10.0.0.103 - - [09/Nov/2022:06:30:05 +0000] "GET /api/v1/categories HTTP/1.1" 304 - "http://10.0.0.103:3000/" "Mozilla/5.0 (Windows NT 10.0; Win64; x64) AppleWebKit/537.36 (KHTML, like Gecko) Chrome/107.0.0.0 Safari/537.36"
::ffff:10.0.0.103 - - [09/Nov/2022:06:30:44 +0000] "POST /api/v1/category HTTP/1.1" 200 14140 "http://10.0.0.103:3000/" "Mozilla/5.0 (Windows NT 10.0; Win64; x64) AppleWebKit/537.36 (KHTML, like Gecko) Chrome/107.0.0.0 Safari/537.36"
::ffff:10.0.0.103 - - [09/Nov/2022:06:30:45 +0000] "GET /api/v1/categories HTTP/1.1" 304 - "http://10.0.0.103:3000/" "Mozilla/5.0 (Windows NT 10.0; Win64; x64) AppleWebKit/537.36 (KHTML, like Gecko) Chrome/107.0.0.0 Safari/537.36"
::ffff:10.0.0.103 - - [09/Nov/2022:07:00:44 +0000] "GET /api/v1/categories HTTP/1.1" 304 - "http://10.0.0.103:3000/" "Mozilla/5.0 (Windows NT 10.0; Win64; x64) AppleWebKit/537.36 (KHTML, like Gecko) Chrome/107.0.0.0 Safari/537.36"
::ffff:10.0.0.103 - - [09/Nov/2022:07:00:44 +0000] "POST /api/v1/category HTTP/1.1" 200 14140 "http://10.0.0.103:3000/" "Mozilla/5.0 (Windows NT 10.0; Win64; x64) AppleWebKit/537.36 (KHTML, like Gecko) Chrome/107.0.0.0 Safari/537.36"
::ffff:10.0.0.103 - - [09/Nov/2022:07:05:02 +0000] "GET /api/v1/categories HTTP/1.1" 304 - "http://10.0.0.103:3000/" "Mozilla/5.0 (Windows NT 10.0; Win64; x64) AppleWebKit/537.36 (KHTML, like Gecko) Chrome/107.0.0.0 Safari/537.36"
::ffff:10.0.0.103 - - [09/Nov/2022:07:05:02 +0000] "POST /api/v1/category HTTP/1.1" 200 14140 "http://10.0.0.103:3000/" "Mozilla/5.0 (Windows NT 10.0; Win64; x64) AppleWebKit/537.36 (KHTML, like Gecko) Chrome/107.0.0.0 Safari/537.36"
::ffff:10.0.0.103 - - [09/Nov/2022:07:05:35 +0000] "GET /api/v1/categories HTTP/1.1" 304 - "http://10.0.0.103:3000/" "Mozilla/5.0 (Windows NT 10.0; Win64; x64) AppleWebKit/537.36 (KHTML, like Gecko) Chrome/107.0.0.0 Safari/537.36"
::ffff:10.0.0.103 - - [09/Nov/2022:07:05:36 +0000] "POST /api/v1/category HTTP/1.1" 200 14140 "http://10.0.0.103:3000/" "Mozilla/5.0 (Windows NT 10.0; Win64; x64) AppleWebKit/537.36 (KHTML, like Gecko) Chrome/107.0.0.0 Safari/537.36"
::ffff:10.0.0.103 - - [09/Nov/2022:08:14:58 +0000] "GET /api/v1/hallplans HTTP/1.1" 304 - "http://10.0.0.103:3000/" "Mozilla/5.0 (Windows NT 10.0; Win64; x64) AppleWebKit/537.36 (KHTML, like Gecko) Chrome/107.0.0.0 Safari/537.36"
::ffff:10.0.0.103 - - [09/Nov/2022:08:14:59 +0000] "POST /api/v1/hallplans/tables HTTP/1.1" 200 391 "http://10.0.0.103:3000/" "Mozilla/5.0 (Windows NT 10.0; Win64; x64) AppleWebKit/537.36 (KHTML, like Gecko) Chrome/107.0.0.0 Safari/537.36"
::ffff:10.0.0.103 - - [09/Nov/2022:08:15:00 +0000] "POST /api/v1/category HTTP/1.1" 200 14140 "http://10.0.0.103:3000/" "Mozilla/5.0 (Windows NT 10.0; Win64; x64) AppleWebKit/537.36 (KHTML, like Gecko) Chrome/107.0.0.0 Safari/537.36"
::ffff:10.0.0.103 - - [09/Nov/2022:08:15:01 +0000] "GET /api/v1/categories HTTP/1.1" 304 - "http://10.0.0.103:3000/" "Mozilla/5.0 (Windows NT 10.0; Win64; x64) AppleWebKit/537.36 (KHTML, like Gecko) Chrome/107.0.0.0 Safari/537.36"
::ffff:10.0.0.103 - - [09/Nov/2022:08:16:16 +0000] "POST /api/v1/category HTTP/1.1" 200 14140 "http://10.0.0.103:3000/" "Mozilla/5.0 (Windows NT 10.0; Win64; x64) AppleWebKit/537.36 (KHTML, like Gecko) Chrome/107.0.0.0 Safari/537.36"
::ffff:10.0.0.103 - - [09/Nov/2022:08:16:16 +0000] "GET /api/v1/categories HTTP/1.1" 304 - "http://10.0.0.103:3000/" "Mozilla/5.0 (Windows NT 10.0; Win64; x64) AppleWebKit/537.36 (KHTML, like Gecko) Chrome/107.0.0.0 Safari/537.36"
::ffff:10.0.0.103 - - [09/Nov/2022:08:16:52 +0000] "GET /api/v1/categories HTTP/1.1" 304 - "http://10.0.0.103:3000/" "Mozilla/5.0 (Windows NT 10.0; Win64; x64) AppleWebKit/537.36 (KHTML, like Gecko) Chrome/107.0.0.0 Safari/537.36"
::ffff:10.0.0.103 - - [09/Nov/2022:08:16:52 +0000] "POST /api/v1/category HTTP/1.1" 200 14140 "http://10.0.0.103:3000/" "Mozilla/5.0 (Windows NT 10.0; Win64; x64) AppleWebKit/537.36 (KHTML, like Gecko) Chrome/107.0.0.0 Safari/537.36"
::ffff:10.0.0.103 - - [09/Nov/2022:08:24:31 +0000] "POST /api/v1/category HTTP/1.1" 200 14140 "http://10.0.0.103:3000/" "Mozilla/5.0 (iPhone; CPU iPhone OS 13_2_3 like Mac OS X) AppleWebKit/605.1.15 (KHTML, like Gecko) Version/13.0.3 Mobile/15E148 Safari/604.1"
::ffff:10.0.0.103 - - [09/Nov/2022:08:24:31 +0000] "GET /api/v1/categories HTTP/1.1" 304 - "http://10.0.0.103:3000/" "Mozilla/5.0 (iPhone; CPU iPhone OS 13_2_3 like Mac OS X) AppleWebKit/605.1.15 (KHTML, like Gecko) Version/13.0.3 Mobile/15E148 Safari/604.1"
::ffff:10.0.0.100 - - [09/Nov/2022:08:29:31 +0000] "GET /api/v1/hallplans HTTP/1.1" 200 203 "http://10.0.0.103:3000/" "Mozilla/5.0 (Linux; Android 10; SM-G960N) AppleWebKit/537.36 (KHTML, like Gecko) Chrome/107.0.0.0 Mobile Safari/537.36"
::ffff:10.0.0.100 - - [09/Nov/2022:08:29:32 +0000] "POST /api/v1/hallplans/tables HTTP/1.1" 200 387 "http://10.0.0.103:3000/" "Mozilla/5.0 (Linux; Android 10; SM-G960N) AppleWebKit/537.36 (KHTML, like Gecko) Chrome/107.0.0.0 Mobile Safari/537.36"
::ffff:10.0.0.100 - - [09/Nov/2022:08:29:33 +0000] "GET /api/v1/categories HTTP/1.1" 200 3289 "http://10.0.0.103:3000/" "Mozilla/5.0 (Linux; Android 10; SM-G960N) AppleWebKit/537.36 (KHTML, like Gecko) Chrome/107.0.0.0 Mobile Safari/537.36"
::ffff:10.0.0.100 - - [09/Nov/2022:08:29:33 +0000] "POST /api/v1/category HTTP/1.1" 200 14140 "http://10.0.0.103:3000/" "Mozilla/5.0 (Linux; Android 10; SM-G960N) AppleWebKit/537.36 (KHTML, like Gecko) Chrome/107.0.0.0 Mobile Safari/537.36"
::ffff:10.0.0.100 - - [09/Nov/2022:08:32:26 +0000] "GET /api/v1/categories HTTP/1.1" 304 - "http://10.0.0.103:3000/" "Mozilla/5.0 (Linux; Android 10; SM-G960N) AppleWebKit/537.36 (KHTML, like Gecko) Chrome/107.0.0.0 Mobile Safari/537.36"
::ffff:10.0.0.100 - - [09/Nov/2022:08:32:26 +0000] "POST /api/v1/category HTTP/1.1" 200 14140 "http://10.0.0.103:3000/" "Mozilla/5.0 (Linux; Android 10; SM-G960N) AppleWebKit/537.36 (KHTML, like Gecko) Chrome/107.0.0.0 Mobile Safari/537.36"
::ffff:10.0.0.100 - - [09/Nov/2022:08:32:38 +0000] "GET /api/v1/categories HTTP/1.1" 304 - "http://10.0.0.103:3000/" "Mozilla/5.0 (Linux; Android 10; SM-G960N) AppleWebKit/537.36 (KHTML, like Gecko) Chrome/107.0.0.0 Mobile Safari/537.36"
::ffff:10.0.0.100 - - [09/Nov/2022:08:32:38 +0000] "POST /api/v1/category HTTP/1.1" 200 14140 "http://10.0.0.103:3000/" "Mozilla/5.0 (Linux; Android 10; SM-G960N) AppleWebKit/537.36 (KHTML, like Gecko) Chrome/107.0.0.0 Mobile Safari/537.36"
::ffff:10.0.0.100 - - [09/Nov/2022:08:34:08 +0000] "GET /api/v1/categories HTTP/1.1" 304 - "http://10.0.0.103:3000/" "Mozilla/5.0 (Linux; Android 10; SM-G960N) AppleWebKit/537.36 (KHTML, like Gecko) Chrome/107.0.0.0 Mobile Safari/537.36"
::ffff:10.0.0.100 - - [09/Nov/2022:08:34:08 +0000] "POST /api/v1/category HTTP/1.1" 200 14140 "http://10.0.0.103:3000/" "Mozilla/5.0 (Linux; Android 10; SM-G960N) AppleWebKit/537.36 (KHTML, like Gecko) Chrome/107.0.0.0 Mobile Safari/537.36"
::ffff:10.0.0.100 - - [09/Nov/2022:08:35:40 +0000] "GET /api/v1/categories HTTP/1.1" 304 - "http://10.0.0.103:3000/" "Mozilla/5.0 (Linux; Android 10; SM-G960N) AppleWebKit/537.36 (KHTML, like Gecko) Chrome/107.0.0.0 Mobile Safari/537.36"
::ffff:10.0.0.100 - - [09/Nov/2022:08:35:40 +0000] "POST /api/v1/category HTTP/1.1" 200 14140 "http://10.0.0.103:3000/" "Mozilla/5.0 (Linux; Android 10; SM-G960N) AppleWebKit/537.36 (KHTML, like Gecko) Chrome/107.0.0.0 Mobile Safari/537.36"
::ffff:10.0.0.103 - - [09/Nov/2022:08:35:51 +0000] "POST /api/v1/category HTTP/1.1" 200 14140 "http://10.0.0.103:3000/" "Mozilla/5.0 (Windows NT 10.0; Win64; x64) AppleWebKit/537.36 (KHTML, like Gecko) Chrome/107.0.0.0 Safari/537.36"
::ffff:10.0.0.103 - - [09/Nov/2022:08:35:51 +0000] "GET /api/v1/categories HTTP/1.1" 304 - "http://10.0.0.103:3000/" "Mozilla/5.0 (Windows NT 10.0; Win64; x64) AppleWebKit/537.36 (KHTML, like Gecko) Chrome/107.0.0.0 Safari/537.36"
::ffff:10.0.0.100 - - [09/Nov/2022:08:39:01 +0000] "GET /api/v1/categories HTTP/1.1" 304 - "http://10.0.0.103:3000/" "Mozilla/5.0 (Linux; Android 10; SM-G960N) AppleWebKit/537.36 (KHTML, like Gecko) Chrome/107.0.0.0 Mobile Safari/537.36"
::ffff:10.0.0.100 - - [09/Nov/2022:08:39:01 +0000] "POST /api/v1/category HTTP/1.1" 200 14140 "http://10.0.0.103:3000/" "Mozilla/5.0 (Linux; Android 10; SM-G960N) AppleWebKit/537.36 (KHTML, like Gecko) Chrome/107.0.0.0 Mobile Safari/537.36"
::ffff:10.0.0.103 - - [09/Nov/2022:08:39:02 +0000] "GET /api/v1/categories HTTP/1.1" 304 - "http://10.0.0.103:3000/" "Mozilla/5.0 (Windows NT 10.0; Win64; x64) AppleWebKit/537.36 (KHTML, like Gecko) Chrome/107.0.0.0 Safari/537.36"
::ffff:10.0.0.103 - - [09/Nov/2022:08:39:02 +0000] "POST /api/v1/category HTTP/1.1" 200 14140 "http://10.0.0.103:3000/" "Mozilla/5.0 (Windows NT 10.0; Win64; x64) AppleWebKit/537.36 (KHTML, like Gecko) Chrome/107.0.0.0 Safari/537.36"
::ffff:10.0.0.103 - - [09/Nov/2022:08:42:04 +0000] "GET /api/v1/categories HTTP/1.1" 304 - "http://10.0.0.103:3000/" "Mozilla/5.0 (Windows NT 10.0; Win64; x64) AppleWebKit/537.36 (KHTML, like Gecko) Chrome/107.0.0.0 Safari/537.36"
::ffff:10.0.0.103 - - [09/Nov/2022:08:42:04 +0000] "POST /api/v1/category HTTP/1.1" 200 14140 "http://10.0.0.103:3000/" "Mozilla/5.0 (Windows NT 10.0; Win64; x64) AppleWebKit/537.36 (KHTML, like Gecko) Chrome/107.0.0.0 Safari/537.36"
::ffff:10.0.0.100 - - [09/Nov/2022:08:42:06 +0000] "GET /api/v1/categories HTTP/1.1" 304 - "http://10.0.0.103:3000/" "Mozilla/5.0 (Linux; Android 10; SM-G960N) AppleWebKit/537.36 (KHTML, like Gecko) Chrome/107.0.0.0 Mobile Safari/537.36"
::ffff:10.0.0.100 - - [09/Nov/2022:08:42:06 +0000] "POST /api/v1/category HTTP/1.1" 200 14140 "http://10.0.0.103:3000/" "Mozilla/5.0 (Linux; Android 10; SM-G960N) AppleWebKit/537.36 (KHTML, like Gecko) Chrome/107.0.0.0 Mobile Safari/537.36"
::ffff:10.0.0.103 - - [09/Nov/2022:08:42:37 +0000] "GET /api/v1/categories HTTP/1.1" 304 - "http://10.0.0.103:3000/" "Mozilla/5.0 (Windows NT 10.0; Win64; x64) AppleWebKit/537.36 (KHTML, like Gecko) Chrome/107.0.0.0 Safari/537.36"
::ffff:10.0.0.103 - - [09/Nov/2022:08:42:37 +0000] "POST /api/v1/category HTTP/1.1" 200 14140 "http://10.0.0.103:3000/" "Mozilla/5.0 (Windows NT 10.0; Win64; x64) AppleWebKit/537.36 (KHTML, like Gecko) Chrome/107.0.0.0 Safari/537.36"
::ffff:10.0.0.103 - - [09/Nov/2022:08:43:18 +0000] "POST /api/v1/category HTTP/1.1" 200 14140 "http://10.0.0.103:3000/" "Mozilla/5.0 (Windows NT 10.0; Win64; x64) AppleWebKit/537.36 (KHTML, like Gecko) Chrome/107.0.0.0 Safari/537.36"
::ffff:10.0.0.103 - - [09/Nov/2022:08:43:18 +0000] "GET /api/v1/categories HTTP/1.1" 304 - "http://10.0.0.103:3000/" "Mozilla/5.0 (Windows NT 10.0; Win64; x64) AppleWebKit/537.36 (KHTML, like Gecko) Chrome/107.0.0.0 Safari/537.36"
::ffff:10.0.0.100 - - [09/Nov/2022:08:44:24 +0000] "GET /api/v1/categories HTTP/1.1" 304 - "http://10.0.0.103:3000/" "Mozilla/5.0 (Linux; Android 10; SM-G960N) AppleWebKit/537.36 (KHTML, like Gecko) Chrome/107.0.0.0 Mobile Safari/537.36"
::ffff:10.0.0.100 - - [09/Nov/2022:08:44:24 +0000] "POST /api/v1/category HTTP/1.1" 200 14140 "http://10.0.0.103:3000/" "Mozilla/5.0 (Linux; Android 10; SM-G960N) AppleWebKit/537.36 (KHTML, like Gecko) Chrome/107.0.0.0 Mobile Safari/537.36"
::ffff:10.0.0.103 - - [09/Nov/2022:08:48:06 +0000] "POST /api/v1/category HTTP/1.1" 200 14140 "http://10.0.0.103:3000/" "Mozilla/5.0 (Windows NT 10.0; Win64; x64) AppleWebKit/537.36 (KHTML, like Gecko) Chrome/107.0.0.0 Safari/537.36"
::ffff:10.0.0.103 - - [09/Nov/2022:08:48:06 +0000] "GET /api/v1/categories HTTP/1.1" 304 - "http://10.0.0.103:3000/" "Mozilla/5.0 (Windows NT 10.0; Win64; x64) AppleWebKit/537.36 (KHTML, like Gecko) Chrome/107.0.0.0 Safari/537.36"
::ffff:10.0.0.100 - - [09/Nov/2022:08:48:31 +0000] "GET /api/v1/categories HTTP/1.1" 304 - "http://10.0.0.103:3000/" "Mozilla/5.0 (Linux; Android 10; SM-G960N) AppleWebKit/537.36 (KHTML, like Gecko) Chrome/107.0.0.0 Mobile Safari/537.36"
::ffff:10.0.0.100 - - [09/Nov/2022:08:48:31 +0000] "POST /api/v1/category HTTP/1.1" 200 14140 "http://10.0.0.103:3000/" "Mozilla/5.0 (Linux; Android 10; SM-G960N) AppleWebKit/537.36 (KHTML, like Gecko) Chrome/107.0.0.0 Mobile Safari/537.36"
::ffff:10.0.0.103 - - [09/Nov/2022:08:52:11 +0000] "POST /api/v1/category HTTP/1.1" 200 14140 "http://10.0.0.103:3000/" "Mozilla/5.0 (Windows NT 10.0; Win64; x64) AppleWebKit/537.36 (KHTML, like Gecko) Chrome/107.0.0.0 Safari/537.36"
::ffff:10.0.0.103 - - [09/Nov/2022:08:52:11 +0000] "GET /api/v1/categories HTTP/1.1" 304 - "http://10.0.0.103:3000/" "Mozilla/5.0 (Windows NT 10.0; Win64; x64) AppleWebKit/537.36 (KHTML, like Gecko) Chrome/107.0.0.0 Safari/537.36"
::ffff:10.0.0.103 - - [09/Nov/2022:08:52:20 +0000] "POST /api/v1/category HTTP/1.1" 200 14140 "http://10.0.0.103:3000/" "Mozilla/5.0 (Windows NT 10.0; Win64; x64) AppleWebKit/537.36 (KHTML, like Gecko) Chrome/107.0.0.0 Safari/537.36"
::ffff:10.0.0.103 - - [09/Nov/2022:08:52:21 +0000] "GET /api/v1/categories HTTP/1.1" 304 - "http://10.0.0.103:3000/" "Mozilla/5.0 (Windows NT 10.0; Win64; x64) AppleWebKit/537.36 (KHTML, like Gecko) Chrome/107.0.0.0 Safari/537.36"
::ffff:10.0.0.100 - - [09/Nov/2022:08:55:01 +0000] "GET /api/v1/categories HTTP/1.1" 304 - "http://10.0.0.103:3000/" "Mozilla/5.0 (Linux; Android 10; SM-G960N) AppleWebKit/537.36 (KHTML, like Gecko) Chrome/107.0.0.0 Mobile Safari/537.36"
::ffff:10.0.0.100 - - [09/Nov/2022:08:55:01 +0000] "POST /api/v1/category HTTP/1.1" 200 14140 "http://10.0.0.103:3000/" "Mozilla/5.0 (Linux; Android 10; SM-G960N) AppleWebKit/537.36 (KHTML, like Gecko) Chrome/107.0.0.0 Mobile Safari/537.36"
::ffff:10.0.0.100 - - [09/Nov/2022:08:55:02 +0000] "GET /api/v1/categories HTTP/1.1" 304 - "http://10.0.0.103:3000/" "Mozilla/5.0 (Linux; Android 10; SM-G960N) AppleWebKit/537.36 (KHTML, like Gecko) Chrome/107.0.0.0 Mobile Safari/537.36"
::ffff:10.0.0.100 - - [09/Nov/2022:08:55:02 +0000] "POST /api/v1/category HTTP/1.1" 200 14140 "http://10.0.0.103:3000/" "Mozilla/5.0 (Linux; Android 10; SM-G960N) AppleWebKit/537.36 (KHTML, like Gecko) Chrome/107.0.0.0 Mobile Safari/537.36"
::ffff:10.0.0.100 - - [09/Nov/2022:08:57:24 +0000] "GET /api/v1/categories HTTP/1.1" 304 - "http://10.0.0.103:3000/" "Mozilla/5.0 (Linux; Android 10; SM-G960N) AppleWebKit/537.36 (KHTML, like Gecko) Chrome/107.0.0.0 Mobile Safari/537.36"
::ffff:10.0.0.100 - - [09/Nov/2022:08:57:24 +0000] "POST /api/v1/category HTTP/1.1" 200 14140 "http://10.0.0.103:3000/" "Mozilla/5.0 (Linux; Android 10; SM-G960N) AppleWebKit/537.36 (KHTML, like Gecko) Chrome/107.0.0.0 Mobile Safari/537.36"
::ffff:10.0.0.103 - - [09/Nov/2022:09:00:39 +0000] "POST /api/v1/category HTTP/1.1" 200 14140 "http://10.0.0.103:3000/" "Mozilla/5.0 (Windows NT 10.0; Win64; x64) AppleWebKit/537.36 (KHTML, like Gecko) Chrome/107.0.0.0 Safari/537.36"
::ffff:10.0.0.103 - - [09/Nov/2022:09:00:40 +0000] "GET /api/v1/categories HTTP/1.1" 304 - "http://10.0.0.103:3000/" "Mozilla/5.0 (Windows NT 10.0; Win64; x64) AppleWebKit/537.36 (KHTML, like Gecko) Chrome/107.0.0.0 Safari/537.36"
::ffff:10.0.0.103 - - [09/Nov/2022:09:00:57 +0000] "POST /api/v1/category HTTP/1.1" 200 14140 "http://10.0.0.103:3000/" "Mozilla/5.0 (Windows NT 10.0; Win64; x64) AppleWebKit/537.36 (KHTML, like Gecko) Chrome/107.0.0.0 Safari/537.36"
::ffff:10.0.0.103 - - [09/Nov/2022:09:00:57 +0000] "GET /api/v1/categories HTTP/1.1" 304 - "http://10.0.0.103:3000/" "Mozilla/5.0 (Windows NT 10.0; Win64; x64) AppleWebKit/537.36 (KHTML, like Gecko) Chrome/107.0.0.0 Safari/537.36"
::ffff:10.0.0.100 - - [09/Nov/2022:09:00:59 +0000] "GET /api/v1/categories HTTP/1.1" 304 - "http://10.0.0.103:3000/" "Mozilla/5.0 (Linux; Android 10; SM-G960N) AppleWebKit/537.36 (KHTML, like Gecko) Chrome/107.0.0.0 Mobile Safari/537.36"
::ffff:10.0.0.100 - - [09/Nov/2022:09:00:59 +0000] "POST /api/v1/category HTTP/1.1" 200 14140 "http://10.0.0.103:3000/" "Mozilla/5.0 (Linux; Android 10; SM-G960N) AppleWebKit/537.36 (KHTML, like Gecko) Chrome/107.0.0.0 Mobile Safari/537.36"
::ffff:10.0.0.103 - - [09/Nov/2022:09:07:51 +0000] "POST /api/v1/category HTTP/1.1" 200 14140 "http://10.0.0.103:3000/" "Mozilla/5.0 (Windows NT 10.0; Win64; x64) AppleWebKit/537.36 (KHTML, like Gecko) Chrome/107.0.0.0 Safari/537.36"
::ffff:10.0.0.103 - - [09/Nov/2022:09:07:51 +0000] "GET /api/v1/categories HTTP/1.1" 304 - "http://10.0.0.103:3000/" "Mozilla/5.0 (Windows NT 10.0; Win64; x64) AppleWebKit/537.36 (KHTML, like Gecko) Chrome/107.0.0.0 Safari/537.36"
::ffff:10.0.0.100 - - [09/Nov/2022:09:07:55 +0000] "GET /api/v1/categories HTTP/1.1" 304 - "http://10.0.0.103:3000/" "Mozilla/5.0 (Linux; Android 10; SM-G960N) AppleWebKit/537.36 (KHTML, like Gecko) Chrome/107.0.0.0 Mobile Safari/537.36"
::ffff:10.0.0.100 - - [09/Nov/2022:09:07:55 +0000] "POST /api/v1/category HTTP/1.1" 200 14140 "http://10.0.0.103:3000/" "Mozilla/5.0 (Linux; Android 10; SM-G960N) AppleWebKit/537.36 (KHTML, like Gecko) Chrome/107.0.0.0 Mobile Safari/537.36"
::ffff:10.0.0.103 - - [09/Nov/2022:09:08:01 +0000] "POST /api/v1/category HTTP/1.1" 200 14140 "http://10.0.0.103:3000/" "Mozilla/5.0 (Windows NT 10.0; Win64; x64) AppleWebKit/537.36 (KHTML, like Gecko) Chrome/107.0.0.0 Safari/537.36"
::ffff:10.0.0.103 - - [09/Nov/2022:09:08:01 +0000] "GET /api/v1/categories HTTP/1.1" 304 - "http://10.0.0.103:3000/" "Mozilla/5.0 (Windows NT 10.0; Win64; x64) AppleWebKit/537.36 (KHTML, like Gecko) Chrome/107.0.0.0 Safari/537.36"
::ffff:10.0.0.100 - - [09/Nov/2022:09:08:02 +0000] "GET /api/v1/categories HTTP/1.1" 304 - "http://10.0.0.103:3000/" "Mozilla/5.0 (Linux; Android 10; SM-G960N) AppleWebKit/537.36 (KHTML, like Gecko) Chrome/107.0.0.0 Mobile Safari/537.36"
::ffff:10.0.0.100 - - [09/Nov/2022:09:08:02 +0000] "POST /api/v1/category HTTP/1.1" 200 14140 "http://10.0.0.103:3000/" "Mozilla/5.0 (Linux; Android 10; SM-G960N) AppleWebKit/537.36 (KHTML, like Gecko) Chrome/107.0.0.0 Mobile Safari/537.36"
::ffff:10.0.0.103 - - [09/Nov/2022:09:09:04 +0000] "POST /api/v1/category HTTP/1.1" 200 14140 "http://10.0.0.103:3000/" "Mozilla/5.0 (Windows NT 10.0; Win64; x64) AppleWebKit/537.36 (KHTML, like Gecko) Chrome/107.0.0.0 Safari/537.36"
::ffff:10.0.0.103 - - [09/Nov/2022:09:09:04 +0000] "GET /api/v1/categories HTTP/1.1" 304 - "http://10.0.0.103:3000/" "Mozilla/5.0 (Windows NT 10.0; Win64; x64) AppleWebKit/537.36 (KHTML, like Gecko) Chrome/107.0.0.0 Safari/537.36"
::ffff:10.0.0.103 - - [09/Nov/2022:09:09:19 +0000] "POST /api/v1/category HTTP/1.1" 200 14140 "http://10.0.0.103:3000/" "Mozilla/5.0 (Windows NT 10.0; Win64; x64) AppleWebKit/537.36 (KHTML, like Gecko) Chrome/107.0.0.0 Safari/537.36"
::ffff:10.0.0.103 - - [09/Nov/2022:09:09:19 +0000] "GET /api/v1/categories HTTP/1.1" 304 - "http://10.0.0.103:3000/" "Mozilla/5.0 (Windows NT 10.0; Win64; x64) AppleWebKit/537.36 (KHTML, like Gecko) Chrome/107.0.0.0 Safari/537.36"
::ffff:10.0.0.103 - - [09/Nov/2022:09:09:28 +0000] "POST /api/v1/category HTTP/1.1" 200 14140 "http://10.0.0.103:3000/" "Mozilla/5.0 (Windows NT 10.0; Win64; x64) AppleWebKit/537.36 (KHTML, like Gecko) Chrome/107.0.0.0 Safari/537.36"
::ffff:10.0.0.103 - - [09/Nov/2022:09:09:28 +0000] "GET /api/v1/categories HTTP/1.1" 304 - "http://10.0.0.103:3000/" "Mozilla/5.0 (Windows NT 10.0; Win64; x64) AppleWebKit/537.36 (KHTML, like Gecko) Chrome/107.0.0.0 Safari/537.36"
::ffff:10.0.0.103 - - [09/Nov/2022:09:09:39 +0000] "POST /api/v1/category HTTP/1.1" 200 14140 "http://10.0.0.103:3000/" "Mozilla/5.0 (Windows NT 10.0; Win64; x64) AppleWebKit/537.36 (KHTML, like Gecko) Chrome/107.0.0.0 Safari/537.36"
::ffff:10.0.0.103 - - [09/Nov/2022:09:09:39 +0000] "GET /api/v1/categories HTTP/1.1" 304 - "http://10.0.0.103:3000/" "Mozilla/5.0 (Windows NT 10.0; Win64; x64) AppleWebKit/537.36 (KHTML, like Gecko) Chrome/107.0.0.0 Safari/537.36"
::ffff:10.0.0.103 - - [09/Nov/2022:09:10:59 +0000] "POST /api/v1/category HTTP/1.1" 200 14140 "http://10.0.0.103:3000/" "Mozilla/5.0 (Windows NT 10.0; Win64; x64) AppleWebKit/537.36 (KHTML, like Gecko) Chrome/107.0.0.0 Safari/537.36"
::ffff:10.0.0.103 - - [09/Nov/2022:09:11:00 +0000] "GET /api/v1/categories HTTP/1.1" 304 - "http://10.0.0.103:3000/" "Mozilla/5.0 (Windows NT 10.0; Win64; x64) AppleWebKit/537.36 (KHTML, like Gecko) Chrome/107.0.0.0 Safari/537.36"
::ffff:10.0.0.103 - - [09/Nov/2022:09:11:56 +0000] "POST /api/v1/category HTTP/1.1" 200 14140 "http://10.0.0.103:3000/" "Mozilla/5.0 (Windows NT 10.0; Win64; x64) AppleWebKit/537.36 (KHTML, like Gecko) Chrome/107.0.0.0 Safari/537.36"
::ffff:10.0.0.103 - - [09/Nov/2022:09:11:56 +0000] "GET /api/v1/categories HTTP/1.1" 304 - "http://10.0.0.103:3000/" "Mozilla/5.0 (Windows NT 10.0; Win64; x64) AppleWebKit/537.36 (KHTML, like Gecko) Chrome/107.0.0.0 Safari/537.36"
::ffff:10.0.0.103 - - [09/Nov/2022:09:12:04 +0000] "POST /api/v1/category HTTP/1.1" 200 14140 "http://10.0.0.103:3000/" "Mozilla/5.0 (Windows NT 10.0; Win64; x64) AppleWebKit/537.36 (KHTML, like Gecko) Chrome/107.0.0.0 Safari/537.36"
::ffff:10.0.0.103 - - [09/Nov/2022:09:12:04 +0000] "GET /api/v1/categories HTTP/1.1" 304 - "http://10.0.0.103:3000/" "Mozilla/5.0 (Windows NT 10.0; Win64; x64) AppleWebKit/537.36 (KHTML, like Gecko) Chrome/107.0.0.0 Safari/537.36"
::ffff:10.0.0.100 - - [09/Nov/2022:09:14:48 +0000] "GET /api/v1/categories HTTP/1.1" 304 - "http://10.0.0.103:3000/" "Mozilla/5.0 (Linux; Android 10; SM-G960N) AppleWebKit/537.36 (KHTML, like Gecko) Chrome/107.0.0.0 Mobile Safari/537.36"
::ffff:10.0.0.100 - - [09/Nov/2022:09:14:48 +0000] "POST /api/v1/category HTTP/1.1" 200 14140 "http://10.0.0.103:3000/" "Mozilla/5.0 (Linux; Android 10; SM-G960N) AppleWebKit/537.36 (KHTML, like Gecko) Chrome/107.0.0.0 Mobile Safari/537.36"
::ffff:10.0.0.100 - - [09/Nov/2022:09:14:53 +0000] "POST /api/v1/hallplans/tables HTTP/1.1" 200 387 "http://10.0.0.103:3000/" "Mozilla/5.0 (Linux; Android 10; SM-G960N) AppleWebKit/537.36 (KHTML, like Gecko) Chrome/107.0.0.0 Mobile Safari/537.36"
::ffff:10.0.0.100 - - [09/Nov/2022:09:14:57 +0000] "GET /api/v1/categories HTTP/1.1" 304 - "http://10.0.0.103:3000/" "Mozilla/5.0 (Linux; Android 10; SM-G960N) AppleWebKit/537.36 (KHTML, like Gecko) Chrome/107.0.0.0 Mobile Safari/537.36"
::ffff:10.0.0.100 - - [09/Nov/2022:09:14:57 +0000] "POST /api/v1/category HTTP/1.1" 200 14140 "http://10.0.0.103:3000/" "Mozilla/5.0 (Linux; Android 10; SM-G960N) AppleWebKit/537.36 (KHTML, like Gecko) Chrome/107.0.0.0 Mobile Safari/537.36"
::ffff:10.0.0.103 - - [09/Nov/2022:09:18:32 +0000] "POST /api/v1/category HTTP/1.1" 200 14140 "http://10.0.0.103:3000/" "Mozilla/5.0 (Windows NT 10.0; Win64; x64) AppleWebKit/537.36 (KHTML, like Gecko) Chrome/107.0.0.0 Safari/537.36"
::ffff:10.0.0.103 - - [09/Nov/2022:09:18:32 +0000] "GET /api/v1/categories HTTP/1.1" 304 - "http://10.0.0.103:3000/" "Mozilla/5.0 (Windows NT 10.0; Win64; x64) AppleWebKit/537.36 (KHTML, like Gecko) Chrome/107.0.0.0 Safari/537.36"
::ffff:10.0.0.103 - - [09/Nov/2022:09:22:14 +0000] "POST /api/v1/category HTTP/1.1" 200 14140 "http://10.0.0.103:3000/" "Mozilla/5.0 (Windows NT 10.0; Win64; x64) AppleWebKit/537.36 (KHTML, like Gecko) Chrome/107.0.0.0 Safari/537.36"
::ffff:10.0.0.103 - - [09/Nov/2022:09:22:14 +0000] "GET /api/v1/categories HTTP/1.1" 304 - "http://10.0.0.103:3000/" "Mozilla/5.0 (Windows NT 10.0; Win64; x64) AppleWebKit/537.36 (KHTML, like Gecko) Chrome/107.0.0.0 Safari/537.36"
::ffff:10.0.0.103 - - [09/Nov/2022:09:24:23 +0000] "POST /api/v1/category HTTP/1.1" 200 14140 "http://10.0.0.103:3000/" "Mozilla/5.0 (Windows NT 10.0; Win64; x64) AppleWebKit/537.36 (KHTML, like Gecko) Chrome/107.0.0.0 Safari/537.36"
::ffff:10.0.0.103 - - [09/Nov/2022:09:24:23 +0000] "GET /api/v1/categories HTTP/1.1" 304 - "http://10.0.0.103:3000/" "Mozilla/5.0 (Windows NT 10.0; Win64; x64) AppleWebKit/537.36 (KHTML, like Gecko) Chrome/107.0.0.0 Safari/537.36"
::ffff:10.0.0.103 - - [09/Nov/2022:09:24:46 +0000] "POST /api/v1/category HTTP/1.1" 200 14140 "http://10.0.0.103:3000/" "Mozilla/5.0 (Windows NT 10.0; Win64; x64) AppleWebKit/537.36 (KHTML, like Gecko) Chrome/107.0.0.0 Safari/537.36"
::ffff:10.0.0.103 - - [09/Nov/2022:09:24:46 +0000] "GET /api/v1/categories HTTP/1.1" 304 - "http://10.0.0.103:3000/" "Mozilla/5.0 (Windows NT 10.0; Win64; x64) AppleWebKit/537.36 (KHTML, like Gecko) Chrome/107.0.0.0 Safari/537.36"
::ffff:10.0.0.103 - - [09/Nov/2022:09:24:52 +0000] "POST /api/v1/category HTTP/1.1" 200 14140 "http://10.0.0.103:3000/" "Mozilla/5.0 (Windows NT 10.0; Win64; x64) AppleWebKit/537.36 (KHTML, like Gecko) Chrome/107.0.0.0 Safari/537.36"
::ffff:10.0.0.103 - - [09/Nov/2022:09:24:52 +0000] "GET /api/v1/categories HTTP/1.1" 304 - "http://10.0.0.103:3000/" "Mozilla/5.0 (Windows NT 10.0; Win64; x64) AppleWebKit/537.36 (KHTML, like Gecko) Chrome/107.0.0.0 Safari/537.36"
::ffff:10.0.0.103 - - [09/Nov/2022:09:25:08 +0000] "POST /api/v1/category HTTP/1.1" 200 14140 "http://10.0.0.103:3000/" "Mozilla/5.0 (Windows NT 10.0; Win64; x64) AppleWebKit/537.36 (KHTML, like Gecko) Chrome/107.0.0.0 Safari/537.36"
::ffff:10.0.0.103 - - [09/Nov/2022:09:25:08 +0000] "GET /api/v1/categories HTTP/1.1" 304 - "http://10.0.0.103:3000/" "Mozilla/5.0 (Windows NT 10.0; Win64; x64) AppleWebKit/537.36 (KHTML, like Gecko) Chrome/107.0.0.0 Safari/537.36"
::ffff:10.0.0.103 - - [09/Nov/2022:09:25:12 +0000] "POST /api/v1/category HTTP/1.1" 200 14140 "http://10.0.0.103:3000/" "Mozilla/5.0 (Windows NT 10.0; Win64; x64) AppleWebKit/537.36 (KHTML, like Gecko) Chrome/107.0.0.0 Safari/537.36"
::ffff:10.0.0.103 - - [09/Nov/2022:09:25:12 +0000] "GET /api/v1/categories HTTP/1.1" 304 - "http://10.0.0.103:3000/" "Mozilla/5.0 (Windows NT 10.0; Win64; x64) AppleWebKit/537.36 (KHTML, like Gecko) Chrome/107.0.0.0 Safari/537.36"
::ffff:10.0.0.100 - - [09/Nov/2022:09:25:23 +0000] "GET /api/v1/categories HTTP/1.1" 304 - "http://10.0.0.103:3000/" "Mozilla/5.0 (Linux; Android 10; SM-G960N) AppleWebKit/537.36 (KHTML, like Gecko) Chrome/107.0.0.0 Mobile Safari/537.36"
::ffff:10.0.0.100 - - [09/Nov/2022:09:25:23 +0000] "POST /api/v1/category HTTP/1.1" 200 14140 "http://10.0.0.103:3000/" "Mozilla/5.0 (Linux; Android 10; SM-G960N) AppleWebKit/537.36 (KHTML, like Gecko) Chrome/107.0.0.0 Mobile Safari/537.36"
::ffff:10.0.0.103 - - [09/Nov/2022:09:26:26 +0000] "POST /api/v1/category HTTP/1.1" 200 14140 "http://10.0.0.103:3000/" "Mozilla/5.0 (Windows NT 10.0; Win64; x64) AppleWebKit/537.36 (KHTML, like Gecko) Chrome/107.0.0.0 Safari/537.36"
::ffff:10.0.0.103 - - [09/Nov/2022:09:26:26 +0000] "GET /api/v1/categories HTTP/1.1" 304 - "http://10.0.0.103:3000/" "Mozilla/5.0 (Windows NT 10.0; Win64; x64) AppleWebKit/537.36 (KHTML, like Gecko) Chrome/107.0.0.0 Safari/537.36"
::ffff:10.0.0.100 - - [09/Nov/2022:09:34:46 +0000] "GET /api/v1/categories HTTP/1.1" 304 - "http://10.0.0.103:3000/" "Mozilla/5.0 (Linux; Android 10; SM-G960N) AppleWebKit/537.36 (KHTML, like Gecko) Chrome/107.0.0.0 Mobile Safari/537.36"
::ffff:10.0.0.100 - - [09/Nov/2022:09:34:46 +0000] "GET /api/v1/categories HTTP/1.1" - - "http://10.0.0.103:3000/" "Mozilla/5.0 (Linux; Android 10; SM-G960N) AppleWebKit/537.36 (KHTML, like Gecko) Chrome/107.0.0.0 Mobile Safari/537.36"
::ffff:10.0.0.100 - - [09/Nov/2022:09:34:46 +0000] "GET /api/v1/categories HTTP/1.1" - - "http://10.0.0.103:3000/" "Mozilla/5.0 (Linux; Android 10; SM-G960N) AppleWebKit/537.36 (KHTML, like Gecko) Chrome/107.0.0.0 Mobile Safari/537.36"
::ffff:10.0.0.100 - - [09/Nov/2022:09:34:46 +0000] "GET /api/v1/categories HTTP/1.1" - - "http://10.0.0.103:3000/" "Mozilla/5.0 (Linux; Android 10; SM-G960N) AppleWebKit/537.36 (KHTML, like Gecko) Chrome/107.0.0.0 Mobile Safari/537.36"
::ffff:10.0.0.100 - - [09/Nov/2022:09:34:46 +0000] "GET /api/v1/hallplans HTTP/1.1" - - "http://10.0.0.103:3000/" "Mozilla/5.0 (Linux; Android 10; SM-G960N) AppleWebKit/537.36 (KHTML, like Gecko) Chrome/107.0.0.0 Mobile Safari/537.36"
::ffff:10.0.0.100 - - [09/Nov/2022:09:34:46 +0000] "GET /api/v1/hallplans HTTP/1.1" - - "http://10.0.0.103:3000/" "Mozilla/5.0 (Linux; Android 10; SM-G960N) AppleWebKit/537.36 (KHTML, like Gecko) Chrome/107.0.0.0 Mobile Safari/537.36"
::ffff:10.0.0.103 - - [09/Nov/2022:09:34:46 +0000] "POST /api/v1/category HTTP/1.1" 200 14140 "http://10.0.0.103:3000/" "Mozilla/5.0 (iPhone; CPU iPhone OS 13_2_3 like Mac OS X) AppleWebKit/605.1.15 (KHTML, like Gecko) Version/13.0.3 Mobile/15E148 Safari/604.1"
::ffff:10.0.0.100 - - [09/Nov/2022:09:34:47 +0000] "GET /api/v1/hallplans HTTP/1.1" 200 203 "http://10.0.0.103:3000/" "Mozilla/5.0 (Linux; Android 10; SM-G960N) AppleWebKit/537.36 (KHTML, like Gecko) Chrome/107.0.0.0 Mobile Safari/537.36"
::ffff:10.0.0.103 - - [09/Nov/2022:09:34:47 +0000] "GET /api/v1/categories HTTP/1.1" 304 - "http://10.0.0.103:3000/" "Mozilla/5.0 (iPhone; CPU iPhone OS 13_2_3 like Mac OS X) AppleWebKit/605.1.15 (KHTML, like Gecko) Version/13.0.3 Mobile/15E148 Safari/604.1"
::ffff:10.0.0.100 - - [09/Nov/2022:09:35:20 +0000] "POST /api/v1/hallplans/tables HTTP/1.1" 200 387 "http://10.0.0.103:3000/" "Mozilla/5.0 (Linux; Android 10; SM-G960N) AppleWebKit/537.36 (KHTML, like Gecko) Chrome/107.0.0.0 Mobile Safari/537.36"
::ffff:10.0.0.100 - - [09/Nov/2022:09:35:21 +0000] "GET /api/v1/categories HTTP/1.1" 200 3289 "http://10.0.0.103:3000/" "Mozilla/5.0 (Linux; Android 10; SM-G960N) AppleWebKit/537.36 (KHTML, like Gecko) Chrome/107.0.0.0 Mobile Safari/537.36"
::ffff:10.0.0.100 - - [09/Nov/2022:09:35:21 +0000] "POST /api/v1/category HTTP/1.1" 200 14140 "http://10.0.0.103:3000/" "Mozilla/5.0 (Linux; Android 10; SM-G960N) AppleWebKit/537.36 (KHTML, like Gecko) Chrome/107.0.0.0 Mobile Safari/537.36"
::ffff:10.0.0.100 - - [09/Nov/2022:09:37:48 +0000] "GET /api/v1/categories HTTP/1.1" 304 - "http://10.0.0.103:3000/" "Mozilla/5.0 (Linux; Android 10; SM-G960N) AppleWebKit/537.36 (KHTML, like Gecko) Chrome/107.0.0.0 Mobile Safari/537.36"
::ffff:10.0.0.100 - - [09/Nov/2022:09:37:48 +0000] "POST /api/v1/category HTTP/1.1" 200 14140 "http://10.0.0.103:3000/" "Mozilla/5.0 (Linux; Android 10; SM-G960N) AppleWebKit/537.36 (KHTML, like Gecko) Chrome/107.0.0.0 Mobile Safari/537.36"
::ffff:10.0.0.103 - - [09/Nov/2022:09:37:48 +0000] "POST /api/v1/category HTTP/1.1" 200 14140 "http://10.0.0.103:3000/" "Mozilla/5.0 (iPhone; CPU iPhone OS 13_2_3 like Mac OS X) AppleWebKit/605.1.15 (KHTML, like Gecko) Version/13.0.3 Mobile/15E148 Safari/604.1"
::ffff:10.0.0.103 - - [09/Nov/2022:09:37:49 +0000] "GET /api/v1/categories HTTP/1.1" 304 - "http://10.0.0.103:3000/" "Mozilla/5.0 (iPhone; CPU iPhone OS 13_2_3 like Mac OS X) AppleWebKit/605.1.15 (KHTML, like Gecko) Version/13.0.3 Mobile/15E148 Safari/604.1"
::ffff:10.0.0.100 - - [09/Nov/2022:09:38:39 +0000] "GET /api/v1/categories HTTP/1.1" 304 - "http://10.0.0.103:3000/" "Mozilla/5.0 (Linux; Android 10; SM-G960N) AppleWebKit/537.36 (KHTML, like Gecko) Chrome/107.0.0.0 Mobile Safari/537.36"
::ffff:10.0.0.100 - - [09/Nov/2022:09:38:39 +0000] "POST /api/v1/category HTTP/1.1" 200 14140 "http://10.0.0.103:3000/" "Mozilla/5.0 (Linux; Android 10; SM-G960N) AppleWebKit/537.36 (KHTML, like Gecko) Chrome/107.0.0.0 Mobile Safari/537.36"
::ffff:10.0.0.103 - - [09/Nov/2022:09:39:41 +0000] "POST /api/v1/category HTTP/1.1" 200 14140 "http://10.0.0.103:3000/" "Mozilla/5.0 (iPhone; CPU iPhone OS 13_2_3 like Mac OS X) AppleWebKit/605.1.15 (KHTML, like Gecko) Version/13.0.3 Mobile/15E148 Safari/604.1"
::ffff:10.0.0.103 - - [09/Nov/2022:09:39:41 +0000] "GET /api/v1/categories HTTP/1.1" 304 - "http://10.0.0.103:3000/" "Mozilla/5.0 (iPhone; CPU iPhone OS 13_2_3 like Mac OS X) AppleWebKit/605.1.15 (KHTML, like Gecko) Version/13.0.3 Mobile/15E148 Safari/604.1"
::ffff:10.0.0.100 - - [09/Nov/2022:09:39:43 +0000] "GET /api/v1/categories HTTP/1.1" 304 - "http://10.0.0.103:3000/" "Mozilla/5.0 (Linux; Android 10; SM-G960N) AppleWebKit/537.36 (KHTML, like Gecko) Chrome/107.0.0.0 Mobile Safari/537.36"
::ffff:10.0.0.100 - - [09/Nov/2022:09:39:43 +0000] "POST /api/v1/category HTTP/1.1" 200 14140 "http://10.0.0.103:3000/" "Mozilla/5.0 (Linux; Android 10; SM-G960N) AppleWebKit/537.36 (KHTML, like Gecko) Chrome/107.0.0.0 Mobile Safari/537.36"
::ffff:10.0.0.103 - - [09/Nov/2022:09:47:34 +0000] "GET /api/v1/categories HTTP/1.1" 304 - "http://10.0.0.103:3000/" "Mozilla/5.0 (iPhone; CPU iPhone OS 13_2_3 like Mac OS X) AppleWebKit/605.1.15 (KHTML, like Gecko) Version/13.0.3 Mobile/15E148 Safari/604.1"
::ffff:10.0.0.103 - - [09/Nov/2022:09:47:34 +0000] "POST /api/v1/category HTTP/1.1" 200 14140 "http://10.0.0.103:3000/" "Mozilla/5.0 (iPhone; CPU iPhone OS 13_2_3 like Mac OS X) AppleWebKit/605.1.15 (KHTML, like Gecko) Version/13.0.3 Mobile/15E148 Safari/604.1"
::ffff:10.0.0.100 - - [09/Nov/2022:09:53:38 +0000] "GET /api/v1/categories HTTP/1.1" 304 - "http://10.0.0.103:3000/" "Mozilla/5.0 (Linux; Android 10; SM-G960N) AppleWebKit/537.36 (KHTML, like Gecko) Chrome/107.0.0.0 Mobile Safari/537.36"
::ffff:10.0.0.100 - - [09/Nov/2022:09:53:38 +0000] "POST /api/v1/category HTTP/1.1" 200 14140 "http://10.0.0.103:3000/" "Mozilla/5.0 (Linux; Android 10; SM-G960N) AppleWebKit/537.36 (KHTML, like Gecko) Chrome/107.0.0.0 Mobile Safari/537.36"
::ffff:10.0.0.103 - - [09/Nov/2022:09:54:54 +0000] "POST /api/v1/category HTTP/1.1" 200 14140 "http://10.0.0.103:3000/" "Mozilla/5.0 (Windows NT 10.0; Win64; x64) AppleWebKit/537.36 (KHTML, like Gecko) Chrome/107.0.0.0 Safari/537.36"
::ffff:10.0.0.103 - - [09/Nov/2022:09:54:54 +0000] "GET /api/v1/categories HTTP/1.1" 304 - "http://10.0.0.103:3000/" "Mozilla/5.0 (Windows NT 10.0; Win64; x64) AppleWebKit/537.36 (KHTML, like Gecko) Chrome/107.0.0.0 Safari/537.36"
::ffff:10.0.0.100 - - [09/Nov/2022:09:55:00 +0000] "POST /api/v1/category HTTP/1.1" 200 14140 "http://10.0.0.103:3000/" "Mozilla/5.0 (Linux; Android 10; SM-G960N) AppleWebKit/537.36 (KHTML, like Gecko) Chrome/107.0.0.0 Mobile Safari/537.36"
::ffff:10.0.0.100 - - [09/Nov/2022:09:55:01 +0000] "GET /api/v1/categories HTTP/1.1" 304 - "http://10.0.0.103:3000/" "Mozilla/5.0 (Linux; Android 10; SM-G960N) AppleWebKit/537.36 (KHTML, like Gecko) Chrome/107.0.0.0 Mobile Safari/537.36"
::ffff:10.0.0.103 - - [09/Nov/2022:09:56:02 +0000] "POST /api/v1/category HTTP/1.1" 200 14140 "http://10.0.0.103:3000/" "Mozilla/5.0 (Windows NT 10.0; Win64; x64) AppleWebKit/537.36 (KHTML, like Gecko) Chrome/107.0.0.0 Safari/537.36"
::ffff:10.0.0.103 - - [09/Nov/2022:09:56:02 +0000] "GET /api/v1/categories HTTP/1.1" 304 - "http://10.0.0.103:3000/" "Mozilla/5.0 (Windows NT 10.0; Win64; x64) AppleWebKit/537.36 (KHTML, like Gecko) Chrome/107.0.0.0 Safari/537.36"
::ffff:10.0.0.100 - - [09/Nov/2022:09:56:08 +0000] "GET /api/v1/categories HTTP/1.1" 304 - "http://10.0.0.103:3000/" "Mozilla/5.0 (Linux; Android 10; SM-G960N) AppleWebKit/537.36 (KHTML, like Gecko) Chrome/107.0.0.0 Mobile Safari/537.36"
::ffff:10.0.0.100 - - [09/Nov/2022:09:56:08 +0000] "POST /api/v1/category HTTP/1.1" 200 14140 "http://10.0.0.103:3000/" "Mozilla/5.0 (Linux; Android 10; SM-G960N) AppleWebKit/537.36 (KHTML, like Gecko) Chrome/107.0.0.0 Mobile Safari/537.36"
::ffff:10.0.0.100 - - [09/Nov/2022:10:02:32 +0000] "GET /api/v1/categories HTTP/1.1" 304 - "http://10.0.0.103:3000/" "Mozilla/5.0 (Linux; Android 10; SM-G960N) AppleWebKit/537.36 (KHTML, like Gecko) Chrome/107.0.0.0 Mobile Safari/537.36"
::ffff:10.0.0.100 - - [09/Nov/2022:10:02:32 +0000] "POST /api/v1/category HTTP/1.1" 200 14140 "http://10.0.0.103:3000/" "Mozilla/5.0 (Linux; Android 10; SM-G960N) AppleWebKit/537.36 (KHTML, like Gecko) Chrome/107.0.0.0 Mobile Safari/537.36"
::ffff:10.0.0.103 - - [09/Nov/2022:10:06:05 +0000] "POST /api/v1/category HTTP/1.1" 200 14140 "http://10.0.0.103:3000/" "Mozilla/5.0 (Windows NT 10.0; Win64; x64) AppleWebKit/537.36 (KHTML, like Gecko) Chrome/107.0.0.0 Safari/537.36"
::ffff:10.0.0.103 - - [09/Nov/2022:10:06:05 +0000] "GET /api/v1/categories HTTP/1.1" 304 - "http://10.0.0.103:3000/" "Mozilla/5.0 (Windows NT 10.0; Win64; x64) AppleWebKit/537.36 (KHTML, like Gecko) Chrome/107.0.0.0 Safari/537.36"
::ffff:10.0.0.100 - - [09/Nov/2022:10:06:06 +0000] "POST /api/v1/category HTTP/1.1" 200 14140 "http://10.0.0.103:3000/" "Mozilla/5.0 (Linux; Android 10; SM-G960N) AppleWebKit/537.36 (KHTML, like Gecko) Chrome/107.0.0.0 Mobile Safari/537.36"
::ffff:10.0.0.100 - - [09/Nov/2022:10:06:06 +0000] "GET /api/v1/categories HTTP/1.1" 304 - "http://10.0.0.103:3000/" "Mozilla/5.0 (Linux; Android 10; SM-G960N) AppleWebKit/537.36 (KHTML, like Gecko) Chrome/107.0.0.0 Mobile Safari/537.36"
::ffff:10.0.0.103 - - [09/Nov/2022:10:06:07 +0000] "GET /api/v1/categories HTTP/1.1" 304 - "http://10.0.0.103:3000/" "Mozilla/5.0 (iPhone; CPU iPhone OS 13_2_3 like Mac OS X) AppleWebKit/605.1.15 (KHTML, like Gecko) Version/13.0.3 Mobile/15E148 Safari/604.1"
