::ffff:10.0.0.105 - - [14/Jun/2023:06:52:10 +0000] "POST /api/v1/restaurants/getrestaurants HTTP/1.1" 200 274 "http://10.0.0.105:3000/" "Mozilla/5.0 (Windows NT 10.0; Win64; x64) AppleWebKit/537.36 (KHTML, like Gecko) Chrome/114.0.0.0 Safari/537.36"
::ffff:10.0.0.105 - - [14/Jun/2023:06:52:20 +0000] "POST /api/v1/hallplans/db HTTP/1.1" 200 7503 "http://10.0.0.105:3000/" "Mozilla/5.0 (Linux; Android 8.0.0; SM-G955U Build/R16NW) AppleWebKit/537.36 (KHTML, like Gecko) Chrome/87.0.4280.141 Mobile Safari/537.36"
::ffff:10.0.0.105 - - [14/Jun/2023:06:52:22 +0000] "POST /api/v1/tables HTTP/1.1" 200 8705 "http://10.0.0.105:3000/" "Mozilla/5.0 (Linux; Android 8.0.0; SM-G955U Build/R16NW) AppleWebKit/537.36 (KHTML, like Gecko) Chrome/87.0.4280.141 Mobile Safari/537.36"
::ffff:10.0.0.105 - - [14/Jun/2023:06:52:24 +0000] "POST /api/v1/categories HTTP/1.1" 200 4128 "http://10.0.0.105:3000/" "Mozilla/5.0 (Linux; Android 8.0.0; SM-G955U Build/R16NW) AppleWebKit/537.36 (KHTML, like Gecko) Chrome/87.0.4280.141 Mobile Safari/537.36"
::ffff:10.0.0.105 - - [14/Jun/2023:06:52:24 +0000] "POST /api/v1/settings/getsettings HTTP/1.1" 200 227 "http://10.0.0.105:3000/" "Mozilla/5.0 (Linux; Android 8.0.0; SM-G955U Build/R16NW) AppleWebKit/537.36 (KHTML, like Gecko) Chrome/87.0.4280.141 Mobile Safari/537.36"
::ffff:10.0.0.105 - - [14/Jun/2023:06:52:24 +0000] "POST /api/v1/menu HTTP/1.1" 200 36180 "http://10.0.0.105:3000/" "Mozilla/5.0 (Linux; Android 8.0.0; SM-G955U Build/R16NW) AppleWebKit/537.36 (KHTML, like Gecko) Chrome/87.0.4280.141 Mobile Safari/537.36"
::ffff:10.0.0.105 - - [14/Jun/2023:06:52:41 +0000] "POST /api/v1/categories HTTP/1.1" 200 4128 "http://10.0.0.105:3000/" "Mozilla/5.0 (Linux; Android 8.0.0; SM-G955U Build/R16NW) AppleWebKit/537.36 (KHTML, like Gecko) Chrome/87.0.4280.141 Mobile Safari/537.36"
::ffff:10.0.0.105 - - [14/Jun/2023:06:52:41 +0000] "POST /api/v1/settings/getsettings HTTP/1.1" 200 227 "http://10.0.0.105:3000/" "Mozilla/5.0 (Linux; Android 8.0.0; SM-G955U Build/R16NW) AppleWebKit/537.36 (KHTML, like Gecko) Chrome/87.0.4280.141 Mobile Safari/537.36"
::ffff:10.0.0.105 - - [14/Jun/2023:06:52:41 +0000] "POST /api/v1/menu HTTP/1.1" 200 36180 "http://10.0.0.105:3000/" "Mozilla/5.0 (Linux; Android 8.0.0; SM-G955U Build/R16NW) AppleWebKit/537.36 (KHTML, like Gecko) Chrome/87.0.4280.141 Mobile Safari/537.36"
::ffff:10.0.0.105 - - [19/Jun/2023:04:55:41 +0000] "POST /api/v1/restaurants/getrestaurants HTTP/1.1" 200 274 "http://10.0.0.105:3000/" "Mozilla/5.0 (Windows NT 10.0; Win64; x64) AppleWebKit/537.36 (KHTML, like Gecko) Chrome/114.0.0.0 Safari/537.36"
::ffff:10.0.0.105 - - [19/Jun/2023:04:57:13 +0000] "POST /api/v1/menu HTTP/1.1" 200 36180 "-" "PostmanRuntime/7.32.2"
::ffff:10.0.0.105 - - [19/Jun/2023:04:58:59 +0000] "POST /api/v1/restaurants/getrestaurants HTTP/1.1" 200 274 "http://10.0.0.105:3000/" "Mozilla/5.0 (Linux; Android 8.0.0; SM-G955U Build/R16NW) AppleWebKit/537.36 (KHTML, like Gecko) Chrome/87.0.4280.141 Mobile Safari/537.36"
::ffff:10.0.0.105 - - [19/Jun/2023:05:00:19 +0000] "POST /api/v1/restaurants/getrestaurants HTTP/1.1" 200 274 "http://10.0.0.105:3000/" "Mozilla/5.0 (Linux; Android 8.0.0; SM-G955U Build/R16NW) AppleWebKit/537.36 (KHTML, like Gecko) Chrome/87.0.4280.141 Mobile Safari/537.36"
::ffff:10.0.0.105 - - [19/Jun/2023:05:00:21 +0000] "POST /api/v1/restaurants/getrestaurants HTTP/1.1" 200 274 "http://10.0.0.105:3000/" "Mozilla/5.0 (Linux; Android 8.0.0; SM-G955U Build/R16NW) AppleWebKit/537.36 (KHTML, like Gecko) Chrome/87.0.4280.141 Mobile Safari/537.36"
::ffff:10.0.0.105 - - [19/Jun/2023:05:00:24 +0000] "POST /api/v1/hallplans/db HTTP/1.1" 200 26 "http://10.0.0.105:3000/" "Mozilla/5.0 (Linux; Android 8.0.0; SM-G955U Build/R16NW) AppleWebKit/537.36 (KHTML, like Gecko) Chrome/87.0.4280.141 Mobile Safari/537.36"
::ffff:10.0.0.105 - - [19/Jun/2023:05:00:30 +0000] "POST /api/v1/restaurants/getrestaurants HTTP/1.1" 200 274 "http://10.0.0.105:3000/" "Mozilla/5.0 (Linux; Android 8.0.0; SM-G955U Build/R16NW) AppleWebKit/537.36 (KHTML, like Gecko) Chrome/87.0.4280.141 Mobile Safari/537.36"
::ffff:10.0.0.105 - - [19/Jun/2023:05:00:39 +0000] "POST /api/v1/restaurants/getrestaurants HTTP/1.1" 200 274 "http://10.0.0.105:3000/" "Mozilla/5.0 (Linux; Android 8.0.0; SM-G955U Build/R16NW) AppleWebKit/537.36 (KHTML, like Gecko) Chrome/87.0.4280.141 Mobile Safari/537.36"
::ffff:10.0.0.105 - - [19/Jun/2023:05:00:39 +0000] "POST /api/v1/restaurants/getrestaurants HTTP/1.1" 200 274 "http://10.0.0.105:3000/" "Mozilla/5.0 (Linux; Android 8.0.0; SM-G955U Build/R16NW) AppleWebKit/537.36 (KHTML, like Gecko) Chrome/87.0.4280.141 Mobile Safari/537.36"
::ffff:10.0.0.105 - - [19/Jun/2023:05:00:41 +0000] "POST /api/v1/settings/getsettings HTTP/1.1" 200 227 "http://10.0.0.105:3000/" "Mozilla/5.0 (Linux; Android 8.0.0; SM-G955U Build/R16NW) AppleWebKit/537.36 (KHTML, like Gecko) Chrome/87.0.4280.141 Mobile Safari/537.36"
::ffff:10.0.0.105 - - [19/Jun/2023:05:01:19 +0000] "POST /api/v1/hallplans HTTP/1.1" 200 63189 "http://10.0.0.105:3000/" "Mozilla/5.0 (Linux; Android 8.0.0; SM-G955U Build/R16NW) AppleWebKit/537.36 (KHTML, like Gecko) Chrome/87.0.4280.141 Mobile Safari/537.36"
::ffff:10.0.0.105 - - [19/Jun/2023:05:01:24 +0000] "POST /api/v1/menuitems HTTP/1.1" 200 1323296 "http://10.0.0.105:3000/" "Mozilla/5.0 (Linux; Android 8.0.0; SM-G955U Build/R16NW) AppleWebKit/537.36 (KHTML, like Gecko) Chrome/87.0.4280.141 Mobile Safari/537.36"
::ffff:10.0.0.105 - - [19/Jun/2023:05:01:25 +0000] "POST /api/v1/price HTTP/1.1" 200 5460 "http://10.0.0.105:3000/" "Mozilla/5.0 (Linux; Android 8.0.0; SM-G955U Build/R16NW) AppleWebKit/537.36 (KHTML, like Gecko) Chrome/87.0.4280.141 Mobile Safari/537.36"
::ffff:10.0.0.105 - - [19/Jun/2023:05:01:44 +0000] "POST /api/v1/restaurants/getrestaurants HTTP/1.1" - - "http://10.0.0.105:3000/" "Mozilla/5.0 (Linux; Android 8.0.0; SM-G955U Build/R16NW) AppleWebKit/537.36 (KHTML, like Gecko) Chrome/87.0.4280.141 Mobile Safari/537.36"
::ffff:10.0.0.105 - - [19/Jun/2023:05:01:47 +0000] "POST /api/v1/restaurants/getrestaurants HTTP/1.1" - - "http://10.0.0.105:3000/" "Mozilla/5.0 (Linux; Android 8.0.0; SM-G955U Build/R16NW) AppleWebKit/537.36 (KHTML, like Gecko) Chrome/87.0.4280.141 Mobile Safari/537.36"
::ffff:10.0.0.105 - - [19/Jun/2023:05:01:52 +0000] "POST /api/v1/restaurants/getrestaurants HTTP/1.1" - - "http://10.0.0.105:3000/" "Mozilla/5.0 (Linux; Android 8.0.0; SM-G955U Build/R16NW) AppleWebKit/537.36 (KHTML, like Gecko) Chrome/87.0.4280.141 Mobile Safari/537.36"
::ffff:10.0.0.105 - - [19/Jun/2023:05:01:59 +0000] "POST /api/v1/restaurants/getrestaurants HTTP/1.1" - - "http://10.0.0.105:3000/" "Mozilla/5.0 (Linux; Android 8.0.0; SM-G955U Build/R16NW) AppleWebKit/537.36 (KHTML, like Gecko) Chrome/87.0.4280.141 Mobile Safari/537.36"
::ffff:10.0.0.105 - - [19/Jun/2023:05:02:00 +0000] "POST /api/v1/restaurants/getrestaurants HTTP/1.1" - - "http://10.0.0.105:3000/" "Mozilla/5.0 (Linux; Android 8.0.0; SM-G955U Build/R16NW) AppleWebKit/537.36 (KHTML, like Gecko) Chrome/87.0.4280.141 Mobile Safari/537.36"
::ffff:10.0.0.105 - - [19/Jun/2023:05:02:01 +0000] "POST /api/v1/restaurants/getrestaurants HTTP/1.1" - - "http://10.0.0.105:3000/" "Mozilla/5.0 (Linux; Android 8.0.0; SM-G955U Build/R16NW) AppleWebKit/537.36 (KHTML, like Gecko) Chrome/87.0.4280.141 Mobile Safari/537.36"
::ffff:10.0.0.105 - - [19/Jun/2023:05:02:02 +0000] "POST /api/v1/restaurants/getrestaurants HTTP/1.1" - - "http://10.0.0.105:3000/" "Mozilla/5.0 (Linux; Android 8.0.0; SM-G955U Build/R16NW) AppleWebKit/537.36 (KHTML, like Gecko) Chrome/87.0.4280.141 Mobile Safari/537.36"
::ffff:10.0.0.105 - - [19/Jun/2023:05:02:06 +0000] "POST /api/v1/restaurants/getrestaurants HTTP/1.1" - - "http://10.0.0.105:3000/" "Mozilla/5.0 (Linux; Android 8.0.0; SM-G955U Build/R16NW) AppleWebKit/537.36 (KHTML, like Gecko) Chrome/87.0.4280.141 Mobile Safari/537.36"
::ffff:10.0.0.105 - - [19/Jun/2023:05:02:07 +0000] "POST /api/v1/restaurants/getrestaurants HTTP/1.1" - - "http://10.0.0.105:3000/" "Mozilla/5.0 (Linux; Android 8.0.0; SM-G955U Build/R16NW) AppleWebKit/537.36 (KHTML, like Gecko) Chrome/87.0.4280.141 Mobile Safari/537.36"
::ffff:10.0.0.105 - - [19/Jun/2023:05:02:08 +0000] "POST /api/v1/restaurants/getrestaurants HTTP/1.1" - - "http://10.0.0.105:3000/" "Mozilla/5.0 (Linux; Android 8.0.0; SM-G955U Build/R16NW) AppleWebKit/537.36 (KHTML, like Gecko) Chrome/87.0.4280.141 Mobile Safari/537.36"
::ffff:10.0.0.105 - - [19/Jun/2023:05:02:10 +0000] "POST /api/v1/restaurants/getrestaurants HTTP/1.1" - - "http://10.0.0.105:3000/" "Mozilla/5.0 (Linux; Android 8.0.0; SM-G955U Build/R16NW) AppleWebKit/537.36 (KHTML, like Gecko) Chrome/87.0.4280.141 Mobile Safari/537.36"
::ffff:10.0.0.105 - - [19/Jun/2023:05:02:11 +0000] "POST /api/v1/restaurants/getrestaurants HTTP/1.1" - - "http://10.0.0.105:3000/" "Mozilla/5.0 (Linux; Android 8.0.0; SM-G955U Build/R16NW) AppleWebKit/537.36 (KHTML, like Gecko) Chrome/87.0.4280.141 Mobile Safari/537.36"
::ffff:10.0.0.105 - - [19/Jun/2023:05:02:12 +0000] "POST /api/v1/restaurants/getrestaurants HTTP/1.1" - - "http://10.0.0.105:3000/" "Mozilla/5.0 (Linux; Android 8.0.0; SM-G955U Build/R16NW) AppleWebKit/537.36 (KHTML, like Gecko) Chrome/87.0.4280.141 Mobile Safari/537.36"
::ffff:10.0.0.105 - - [19/Jun/2023:05:02:13 +0000] "POST /api/v1/restaurants/getrestaurants HTTP/1.1" - - "http://10.0.0.105:3000/" "Mozilla/5.0 (Linux; Android 8.0.0; SM-G955U Build/R16NW) AppleWebKit/537.36 (KHTML, like Gecko) Chrome/87.0.4280.141 Mobile Safari/537.36"
::ffff:10.0.0.105 - - [19/Jun/2023:05:02:14 +0000] "POST /api/v1/restaurants/getrestaurants HTTP/1.1" - - "http://10.0.0.105:3000/" "Mozilla/5.0 (Linux; Android 8.0.0; SM-G955U Build/R16NW) AppleWebKit/537.36 (KHTML, like Gecko) Chrome/87.0.4280.141 Mobile Safari/537.36"
::ffff:10.0.0.105 - - [19/Jun/2023:05:02:14 +0000] "POST /api/v1/restaurants/getrestaurants HTTP/1.1" - - "http://10.0.0.105:3000/" "Mozilla/5.0 (Linux; Android 8.0.0; SM-G955U Build/R16NW) AppleWebKit/537.36 (KHTML, like Gecko) Chrome/87.0.4280.141 Mobile Safari/537.36"
::ffff:10.0.0.105 - - [19/Jun/2023:05:02:15 +0000] "POST /api/v1/restaurants/getrestaurants HTTP/1.1" - - "http://10.0.0.105:3000/" "Mozilla/5.0 (Linux; Android 8.0.0; SM-G955U Build/R16NW) AppleWebKit/537.36 (KHTML, like Gecko) Chrome/87.0.4280.141 Mobile Safari/537.36"
::ffff:10.0.0.105 - - [19/Jun/2023:05:02:16 +0000] "POST /api/v1/restaurants/getrestaurants HTTP/1.1" - - "http://10.0.0.105:3000/" "Mozilla/5.0 (Linux; Android 8.0.0; SM-G955U Build/R16NW) AppleWebKit/537.36 (KHTML, like Gecko) Chrome/87.0.4280.141 Mobile Safari/537.36"
::ffff:10.0.0.105 - - [19/Jun/2023:05:02:17 +0000] "POST /api/v1/restaurants/getrestaurants HTTP/1.1" - - "http://10.0.0.105:3000/" "Mozilla/5.0 (Linux; Android 8.0.0; SM-G955U Build/R16NW) AppleWebKit/537.36 (KHTML, like Gecko) Chrome/87.0.4280.141 Mobile Safari/537.36"
::ffff:10.0.0.105 - - [19/Jun/2023:05:02:18 +0000] "POST /api/v1/restaurants/getrestaurants HTTP/1.1" - - "http://10.0.0.105:3000/" "Mozilla/5.0 (Linux; Android 8.0.0; SM-G955U Build/R16NW) AppleWebKit/537.36 (KHTML, like Gecko) Chrome/87.0.4280.141 Mobile Safari/537.36"
::ffff:10.0.0.105 - - [19/Jun/2023:05:02:19 +0000] "POST /api/v1/restaurants/getrestaurants HTTP/1.1" - - "http://10.0.0.105:3000/" "Mozilla/5.0 (Linux; Android 8.0.0; SM-G955U Build/R16NW) AppleWebKit/537.36 (KHTML, like Gecko) Chrome/87.0.4280.141 Mobile Safari/537.36"
::ffff:10.0.0.105 - - [19/Jun/2023:05:02:20 +0000] "POST /api/v1/restaurants/getrestaurants HTTP/1.1" - - "http://10.0.0.105:3000/" "Mozilla/5.0 (Linux; Android 8.0.0; SM-G955U Build/R16NW) AppleWebKit/537.36 (KHTML, like Gecko) Chrome/87.0.4280.141 Mobile Safari/537.36"
::ffff:10.0.0.106 - - [19/Jun/2023:05:02:38 +0000] "POST /api/v1/restaurants/getrestaurants HTTP/1.1" - - "http://10.0.0.105:3000/" "Mozilla/5.0 (Linux; Android 10; K) AppleWebKit/537.36 (KHTML, like Gecko) Chrome/114.0.0.0 Mobile Safari/537.36"
::ffff:10.0.0.106 - - [19/Jun/2023:05:02:41 +0000] "POST /api/v1/restaurants/getrestaurants HTTP/1.1" - - "http://10.0.0.105:3000/" "Mozilla/5.0 (Linux; Android 10; K) AppleWebKit/537.36 (KHTML, like Gecko) Chrome/114.0.0.0 Mobile Safari/537.36"
::ffff:10.0.0.105 - - [19/Jun/2023:05:02:44 +0000] "POST /api/v1/restaurants/getrestaurants HTTP/1.1" - - "http://10.0.0.105:3000/" "Mozilla/5.0 (Linux; Android 8.0.0; SM-G955U Build/R16NW) AppleWebKit/537.36 (KHTML, like Gecko) Chrome/87.0.4280.141 Mobile Safari/537.36"
::ffff:10.0.0.105 - - [19/Jun/2023:05:02:47 +0000] "POST /api/v1/restaurants/getrestaurants HTTP/1.1" - - "http://10.0.0.105:3000/" "Mozilla/5.0 (Linux; Android 8.0.0; SM-G955U Build/R16NW) AppleWebKit/537.36 (KHTML, like Gecko) Chrome/87.0.4280.141 Mobile Safari/537.36"
::ffff:10.0.0.106 - - [19/Jun/2023:05:03:06 +0000] "POST /api/v1/restaurants/getrestaurants HTTP/1.1" - - "http://10.0.0.105:3000/" "Mozilla/5.0 (Linux; Android 10; K) AppleWebKit/537.36 (KHTML, like Gecko) Chrome/114.0.0.0 Mobile Safari/537.36"
::ffff:10.0.0.106 - - [19/Jun/2023:05:03:08 +0000] "POST /api/v1/restaurants/getrestaurants HTTP/1.1" - - "http://10.0.0.105:3000/" "Mozilla/5.0 (Linux; Android 10; K) AppleWebKit/537.36 (KHTML, like Gecko) Chrome/114.0.0.0 Mobile Safari/537.36"
::ffff:10.0.0.106 - - [19/Jun/2023:05:03:09 +0000] "POST /api/v1/restaurants/getrestaurants HTTP/1.1" - - "http://10.0.0.105:3000/" "Mozilla/5.0 (Linux; Android 10; K) AppleWebKit/537.36 (KHTML, like Gecko) Chrome/114.0.0.0 Mobile Safari/537.36"
::ffff:10.0.0.105 - - [19/Jun/2023:05:03:10 +0000] "POST /api/v1/restaurants/getrestaurants HTTP/1.1" 200 274 "http://10.0.0.105:3000/" "Mozilla/5.0 (Linux; Android 8.0.0; SM-G955U Build/R16NW) AppleWebKit/537.36 (KHTML, like Gecko) Chrome/87.0.4280.141 Mobile Safari/537.36"
::ffff:10.0.0.106 - - [19/Jun/2023:05:03:10 +0000] "POST /api/v1/restaurants/getrestaurants HTTP/1.1" 200 274 "http://10.0.0.105:3000/" "Mozilla/5.0 (Linux; Android 10; K) AppleWebKit/537.36 (KHTML, like Gecko) Chrome/114.0.0.0 Mobile Safari/537.36"
::ffff:10.0.0.106 - - [19/Jun/2023:05:03:11 +0000] "POST /api/v1/restaurants/getrestaurants HTTP/1.1" 200 274 "http://10.0.0.105:3000/" "Mozilla/5.0 (Linux; Android 10; K) AppleWebKit/537.36 (KHTML, like Gecko) Chrome/114.0.0.0 Mobile Safari/537.36"
::ffff:10.0.0.105 - - [19/Jun/2023:05:03:16 +0000] "POST /api/v1/hallplans/db HTTP/1.1" 200 7503 "http://10.0.0.105:3000/" "Mozilla/5.0 (Linux; Android 8.0.0; SM-G955U Build/R16NW) AppleWebKit/537.36 (KHTML, like Gecko) Chrome/87.0.4280.141 Mobile Safari/537.36"
::ffff:10.0.0.105 - - [19/Jun/2023:05:03:17 +0000] "POST /api/v1/tables HTTP/1.1" 200 18501 "http://10.0.0.105:3000/" "Mozilla/5.0 (Linux; Android 8.0.0; SM-G955U Build/R16NW) AppleWebKit/537.36 (KHTML, like Gecko) Chrome/87.0.4280.141 Mobile Safari/537.36"
::ffff:10.0.0.105 - - [19/Jun/2023:05:03:18 +0000] "POST /api/v1/categories HTTP/1.1" 200 4128 "http://10.0.0.105:3000/" "Mozilla/5.0 (Linux; Android 8.0.0; SM-G955U Build/R16NW) AppleWebKit/537.36 (KHTML, like Gecko) Chrome/87.0.4280.141 Mobile Safari/537.36"
::ffff:10.0.0.105 - - [19/Jun/2023:05:03:18 +0000] "POST /api/v1/settings/getsettings HTTP/1.1" 200 227 "http://10.0.0.105:3000/" "Mozilla/5.0 (Linux; Android 8.0.0; SM-G955U Build/R16NW) AppleWebKit/537.36 (KHTML, like Gecko) Chrome/87.0.4280.141 Mobile Safari/537.36"
::ffff:10.0.0.105 - - [19/Jun/2023:05:03:19 +0000] "POST /api/v1/menu HTTP/1.1" 200 36179 "http://10.0.0.105:3000/" "Mozilla/5.0 (Linux; Android 8.0.0; SM-G955U Build/R16NW) AppleWebKit/537.36 (KHTML, like Gecko) Chrome/87.0.4280.141 Mobile Safari/537.36"
::ffff:10.0.0.106 - - [19/Jun/2023:05:03:59 +0000] "POST /api/v1/restaurants/getrestaurants HTTP/1.1" 200 274 "http://10.0.0.105:3000/" "Mozilla/5.0 (Linux; Android 10; K) AppleWebKit/537.36 (KHTML, like Gecko) Chrome/114.0.0.0 Mobile Safari/537.36"
::ffff:10.0.0.105 - - [19/Jun/2023:05:04:08 +0000] "POST /api/v1/restaurants/getrestaurants HTTP/1.1" 200 274 "http://10.0.0.105:3000/" "Mozilla/5.0 (Linux; Android 8.0.0; SM-G955U Build/R16NW) AppleWebKit/537.36 (KHTML, like Gecko) Chrome/87.0.4280.141 Mobile Safari/537.36"
::ffff:10.0.0.105 - - [19/Jun/2023:05:04:08 +0000] "POST /api/v1/restaurants/getrestaurants HTTP/1.1" 200 274 "http://10.0.0.105:3000/" "Mozilla/5.0 (Linux; Android 8.0.0; SM-G955U Build/R16NW) AppleWebKit/537.36 (KHTML, like Gecko) Chrome/87.0.4280.141 Mobile Safari/537.36"
::ffff:10.0.0.105 - - [19/Jun/2023:05:04:09 +0000] "POST /api/v1/settings/getsettings HTTP/1.1" 200 227 "http://10.0.0.105:3000/" "Mozilla/5.0 (Linux; Android 8.0.0; SM-G955U Build/R16NW) AppleWebKit/537.36 (KHTML, like Gecko) Chrome/87.0.4280.141 Mobile Safari/537.36"
::ffff:10.0.0.105 - - [19/Jun/2023:05:04:13 +0000] "POST /api/v1/hallplans HTTP/1.1" 200 63189 "http://10.0.0.105:3000/" "Mozilla/5.0 (Linux; Android 8.0.0; SM-G955U Build/R16NW) AppleWebKit/537.36 (KHTML, like Gecko) Chrome/87.0.4280.141 Mobile Safari/537.36"
::ffff:10.0.0.105 - - [19/Jun/2023:05:04:18 +0000] "POST /api/v1/menuitems HTTP/1.1" 200 1323296 "http://10.0.0.105:3000/" "Mozilla/5.0 (Linux; Android 8.0.0; SM-G955U Build/R16NW) AppleWebKit/537.36 (KHTML, like Gecko) Chrome/87.0.4280.141 Mobile Safari/537.36"
::ffff:10.0.0.106 - - [19/Jun/2023:05:04:18 +0000] "POST /api/v1/hallplans/db HTTP/1.1" - - "http://10.0.0.105:3000/" "Mozilla/5.0 (Linux; Android 10; K) AppleWebKit/537.36 (KHTML, like Gecko) Chrome/114.0.0.0 Mobile Safari/537.36"
::ffff:10.0.0.105 - - [19/Jun/2023:05:04:18 +0000] "POST /api/v1/price HTTP/1.1" 200 5460 "http://10.0.0.105:3000/" "Mozilla/5.0 (Linux; Android 8.0.0; SM-G955U Build/R16NW) AppleWebKit/537.36 (KHTML, like Gecko) Chrome/87.0.4280.141 Mobile Safari/537.36"
::ffff:10.0.0.106 - - [19/Jun/2023:05:04:21 +0000] "POST /api/v1/restaurants/getrestaurants HTTP/1.1" - - "http://10.0.0.105:3000/" "Mozilla/5.0 (Linux; Android 10; K) AppleWebKit/537.36 (KHTML, like Gecko) Chrome/114.0.0.0 Mobile Safari/537.36"
::ffff:10.0.0.106 - - [19/Jun/2023:05:04:21 +0000] "POST /api/v1/hallplans/db HTTP/1.1" - - "http://10.0.0.105:3000/" "Mozilla/5.0 (Linux; Android 10; K) AppleWebKit/537.36 (KHTML, like Gecko) Chrome/114.0.0.0 Mobile Safari/537.36"
::ffff:10.0.0.106 - - [19/Jun/2023:05:05:17 +0000] "POST /api/v1/restaurants/getrestaurants HTTP/1.1" 200 274 "http://10.0.0.105:3000/" "Mozilla/5.0 (Linux; Android 10; K) AppleWebKit/537.36 (KHTML, like Gecko) Chrome/114.0.0.0 Mobile Safari/537.36"
::ffff:10.0.0.105 - - [19/Jun/2023:05:05:58 +0000] "POST /api/v1/menu HTTP/1.1" 200 36179 "-" "PostmanRuntime/7.32.2"
::ffff:10.0.0.105 - - [19/Jun/2023:05:06:01 +0000] "POST /api/v1/menu HTTP/1.1" 200 36179 "-" "PostmanRuntime/7.32.2"
::ffff:10.0.0.105 - - [19/Jun/2023:05:06:04 +0000] "POST /api/v1/menu HTTP/1.1" 200 36179 "-" "PostmanRuntime/7.32.2"
::ffff:10.0.0.106 - - [19/Jun/2023:05:06:14 +0000] "POST /api/v1/hallplans/db HTTP/1.1" 200 7503 "http://10.0.0.105:3000/" "Mozilla/5.0 (Linux; Android 10; K) AppleWebKit/537.36 (KHTML, like Gecko) Chrome/114.0.0.0 Mobile Safari/537.36"
::ffff:10.0.0.106 - - [19/Jun/2023:05:06:15 +0000] "POST /api/v1/restaurants/getrestaurants HTTP/1.1" 200 274 "http://10.0.0.105:3000/" "Mozilla/5.0 (Linux; Android 10; K) AppleWebKit/537.36 (KHTML, like Gecko) Chrome/114.0.0.0 Mobile Safari/537.36"
::ffff:10.0.0.105 - - [19/Jun/2023:05:06:22 +0000] "POST /api/v1/restaurants/getrestaurants HTTP/1.1" 200 274 "http://10.0.0.105:3000/" "Mozilla/5.0 (Linux; Android 8.0.0; SM-G955U Build/R16NW) AppleWebKit/537.36 (KHTML, like Gecko) Chrome/87.0.4280.141 Mobile Safari/537.36"
::ffff:10.0.0.105 - - [19/Jun/2023:05:06:23 +0000] "POST /api/v1/restaurants/getrestaurants HTTP/1.1" 200 274 "http://10.0.0.105:3000/" "Mozilla/5.0 (Linux; Android 8.0.0; SM-G955U Build/R16NW) AppleWebKit/537.36 (KHTML, like Gecko) Chrome/87.0.4280.141 Mobile Safari/537.36"
::ffff:10.0.0.105 - - [19/Jun/2023:05:06:28 +0000] "POST /api/v1/settings/getsettings HTTP/1.1" 200 227 "http://10.0.0.105:3000/" "Mozilla/5.0 (Linux; Android 8.0.0; SM-G955U Build/R16NW) AppleWebKit/537.36 (KHTML, like Gecko) Chrome/87.0.4280.141 Mobile Safari/537.36"
::ffff:10.0.0.105 - - [19/Jun/2023:05:06:32 +0000] "POST /api/v1/hallplans HTTP/1.1" 200 63189 "http://10.0.0.105:3000/" "Mozilla/5.0 (Linux; Android 8.0.0; SM-G955U Build/R16NW) AppleWebKit/537.36 (KHTML, like Gecko) Chrome/87.0.4280.141 Mobile Safari/537.36"
::ffff:10.0.0.105 - - [19/Jun/2023:05:06:38 +0000] "POST /api/v1/menuitems HTTP/1.1" 200 1323295 "http://10.0.0.105:3000/" "Mozilla/5.0 (Linux; Android 8.0.0; SM-G955U Build/R16NW) AppleWebKit/537.36 (KHTML, like Gecko) Chrome/87.0.4280.141 Mobile Safari/537.36"
::ffff:10.0.0.105 - - [19/Jun/2023:05:06:38 +0000] "POST /api/v1/price HTTP/1.1" 200 5460 "http://10.0.0.105:3000/" "Mozilla/5.0 (Linux; Android 8.0.0; SM-G955U Build/R16NW) AppleWebKit/537.36 (KHTML, like Gecko) Chrome/87.0.4280.141 Mobile Safari/537.36"
::ffff:10.0.0.106 - - [19/Jun/2023:05:07:31 +0000] "POST /api/v1/restaurants/getrestaurants HTTP/1.1" 200 274 "http://10.0.0.105:3000/" "Mozilla/5.0 (Linux; Android 10; K) AppleWebKit/537.36 (KHTML, like Gecko) Chrome/114.0.0.0 Mobile Safari/537.36"
::ffff:10.0.0.105 - - [19/Jun/2023:05:07:53 +0000] "POST /api/v1/menu HTTP/1.1" 200 36179 "-" "PostmanRuntime/7.32.2"
::ffff:10.0.0.105 - - [19/Jun/2023:05:52:06 +0000] "POST /api/v1/hallplans HTTP/1.1" 200 63189 "http://10.0.0.105:3000/" "Mozilla/5.0 (Linux; Android 8.0.0; SM-G955U Build/R16NW) AppleWebKit/537.36 (KHTML, like Gecko) Chrome/87.0.4280.141 Mobile Safari/537.36"
::ffff:10.0.0.105 - - [19/Jun/2023:05:52:12 +0000] "POST /api/v1/menuitems HTTP/1.1" 200 1323295 "http://10.0.0.105:3000/" "Mozilla/5.0 (Linux; Android 8.0.0; SM-G955U Build/R16NW) AppleWebKit/537.36 (KHTML, like Gecko) Chrome/87.0.4280.141 Mobile Safari/537.36"
::ffff:10.0.0.105 - - [19/Jun/2023:05:52:13 +0000] "POST /api/v1/price HTTP/1.1" 200 5460 "http://10.0.0.105:3000/" "Mozilla/5.0 (Linux; Android 8.0.0; SM-G955U Build/R16NW) AppleWebKit/537.36 (KHTML, like Gecko) Chrome/87.0.4280.141 Mobile Safari/537.36"
::ffff:10.0.0.105 - - [19/Jun/2023:06:02:45 +0000] "POST /api/v1/settings/getsettings HTTP/1.1" 200 227 "http://10.0.0.105:3000/" "Mozilla/5.0 (Linux; Android 8.0.0; SM-G955U Build/R16NW) AppleWebKit/537.36 (KHTML, like Gecko) Chrome/87.0.4280.141 Mobile Safari/537.36"
::ffff:10.0.0.105 - - [19/Jun/2023:06:02:50 +0000] "POST /api/v1/hallplans HTTP/1.1" 200 63189 "http://10.0.0.105:3000/" "Mozilla/5.0 (Linux; Android 8.0.0; SM-G955U Build/R16NW) AppleWebKit/537.36 (KHTML, like Gecko) Chrome/87.0.4280.141 Mobile Safari/537.36"
::ffff:10.0.0.105 - - [19/Jun/2023:06:02:56 +0000] "POST /api/v1/menuitems HTTP/1.1" 200 1323295 "http://10.0.0.105:3000/" "Mozilla/5.0 (Linux; Android 8.0.0; SM-G955U Build/R16NW) AppleWebKit/537.36 (KHTML, like Gecko) Chrome/87.0.4280.141 Mobile Safari/537.36"
::ffff:10.0.0.105 - - [19/Jun/2023:06:02:57 +0000] "POST /api/v1/price HTTP/1.1" 200 5460 "http://10.0.0.105:3000/" "Mozilla/5.0 (Linux; Android 8.0.0; SM-G955U Build/R16NW) AppleWebKit/537.36 (KHTML, like Gecko) Chrome/87.0.4280.141 Mobile Safari/537.36"
::ffff:10.0.0.106 - - [19/Jun/2023:06:03:23 +0000] "POST /api/v1/restaurants/getrestaurants HTTP/1.1" - - "http://10.0.0.105:3000/" "Mozilla/5.0 (Linux; Android 10; K) AppleWebKit/537.36 (KHTML, like Gecko) Chrome/114.0.0.0 Mobile Safari/537.36"
::ffff:10.0.0.106 - - [19/Jun/2023:06:04:15 +0000] "POST /api/v1/restaurants/getrestaurants HTTP/1.1" 200 274 "http://10.0.0.105:3000/" "Mozilla/5.0 (Linux; Android 10; K) AppleWebKit/537.36 (KHTML, like Gecko) Chrome/114.0.0.0 Mobile Safari/537.36"
::ffff:10.0.0.105 - - [19/Jun/2023:06:04:39 +0000] "POST /api/v1/menu HTTP/1.1" 200 36179 "-" "PostmanRuntime/7.32.2"
::ffff:10.0.0.105 - - [19/Jun/2023:06:40:48 +0000] "POST /api/v1/menu HTTP/1.1" 200 36179 "-" "PostmanRuntime/7.32.2"
::ffff:10.0.0.105 - - [19/Jun/2023:06:40:59 +0000] "POST /api/v1/hallplans HTTP/1.1" 200 63189 "http://10.0.0.105:3000/" "Mozilla/5.0 (Linux; Android 8.0.0; SM-G955U Build/R16NW) AppleWebKit/537.36 (KHTML, like Gecko) Chrome/87.0.4280.141 Mobile Safari/537.36"
::ffff:10.0.0.105 - - [19/Jun/2023:06:41:07 +0000] "POST /api/v1/hallplans HTTP/1.1" 200 63189 "http://10.0.0.105:3000/" "Mozilla/5.0 (Linux; Android 8.0.0; SM-G955U Build/R16NW) AppleWebKit/537.36 (KHTML, like Gecko) Chrome/87.0.4280.141 Mobile Safari/537.36"
::ffff:10.0.0.105 - - [19/Jun/2023:06:41:08 +0000] "POST /api/v1/menuitems HTTP/1.1" 200 1323296 "http://10.0.0.105:3000/" "Mozilla/5.0 (Linux; Android 8.0.0; SM-G955U Build/R16NW) AppleWebKit/537.36 (KHTML, like Gecko) Chrome/87.0.4280.141 Mobile Safari/537.36"
::ffff:10.0.0.105 - - [19/Jun/2023:06:41:12 +0000] "POST /api/v1/price HTTP/1.1" 200 5460 "http://10.0.0.105:3000/" "Mozilla/5.0 (Linux; Android 8.0.0; SM-G955U Build/R16NW) AppleWebKit/537.36 (KHTML, like Gecko) Chrome/87.0.4280.141 Mobile Safari/537.36"
::ffff:10.0.0.105 - - [19/Jun/2023:06:41:13 +0000] "POST /api/v1/menuitems HTTP/1.1" 200 1323296 "http://10.0.0.105:3000/" "Mozilla/5.0 (Linux; Android 8.0.0; SM-G955U Build/R16NW) AppleWebKit/537.36 (KHTML, like Gecko) Chrome/87.0.4280.141 Mobile Safari/537.36"
::ffff:10.0.0.105 - - [19/Jun/2023:06:41:13 +0000] "POST /api/v1/price HTTP/1.1" 200 5460 "http://10.0.0.105:3000/" "Mozilla/5.0 (Linux; Android 8.0.0; SM-G955U Build/R16NW) AppleWebKit/537.36 (KHTML, like Gecko) Chrome/87.0.4280.141 Mobile Safari/537.36"
::ffff:10.0.0.105 - - [19/Jun/2023:06:41:19 +0000] "POST /api/v1/menu HTTP/1.1" - - "-" "PostmanRuntime/7.32.2"
::ffff:10.0.0.105 - - [19/Jun/2023:06:45:38 +0000] "POST /api/v1/menu HTTP/1.1" 200 36179 "-" "PostmanRuntime/7.32.2"
::ffff:10.0.0.106 - - [19/Jun/2023:06:46:17 +0000] "POST /api/v1/restaurants/getrestaurants HTTP/1.1" 200 274 "http://10.0.0.105:3000/" "Mozilla/5.0 (Linux; Android 10; K) AppleWebKit/537.36 (KHTML, like Gecko) Chrome/114.0.0.0 Mobile Safari/537.36"
::ffff:10.0.0.106 - - [19/Jun/2023:06:46:23 +0000] "POST /api/v1/hallplans/db HTTP/1.1" 200 7503 "http://10.0.0.105:3000/" "Mozilla/5.0 (Linux; Android 10; K) AppleWebKit/537.36 (KHTML, like Gecko) Chrome/114.0.0.0 Mobile Safari/537.36"
::ffff:10.0.0.105 - - [19/Jun/2023:06:46:23 +0000] "POST /api/v1/menu HTTP/1.1" 200 36179 "-" "PostmanRuntime/7.32.2"
::ffff:10.0.0.106 - - [19/Jun/2023:06:46:24 +0000] "POST /api/v1/tables HTTP/1.1" 200 18501 "http://10.0.0.105:3000/" "Mozilla/5.0 (Linux; Android 10; K) AppleWebKit/537.36 (KHTML, like Gecko) Chrome/114.0.0.0 Mobile Safari/537.36"
::ffff:10.0.0.106 - - [19/Jun/2023:06:46:27 +0000] "POST /api/v1/categories HTTP/1.1" 200 4128 "http://10.0.0.105:3000/" "Mozilla/5.0 (Linux; Android 10; K) AppleWebKit/537.36 (KHTML, like Gecko) Chrome/114.0.0.0 Mobile Safari/537.36"
::ffff:10.0.0.106 - - [19/Jun/2023:06:46:27 +0000] "POST /api/v1/settings/getsettings HTTP/1.1" 200 227 "http://10.0.0.105:3000/" "Mozilla/5.0 (Linux; Android 10; K) AppleWebKit/537.36 (KHTML, like Gecko) Chrome/114.0.0.0 Mobile Safari/537.36"
::ffff:10.0.0.105 - - [19/Jun/2023:06:46:27 +0000] "POST /api/v1/menu HTTP/1.1" 200 36179 "-" "PostmanRuntime/7.32.2"
::ffff:10.0.0.106 - - [19/Jun/2023:06:46:27 +0000] "POST /api/v1/menu HTTP/1.1" 200 36179 "http://10.0.0.105:3000/" "Mozilla/5.0 (Linux; Android 10; K) AppleWebKit/537.36 (KHTML, like Gecko) Chrome/114.0.0.0 Mobile Safari/537.36"
::ffff:10.0.0.105 - - [19/Jun/2023:06:46:32 +0000] "POST /api/v1/menu HTTP/1.1" 200 36179 "-" "PostmanRuntime/7.32.2"
::ffff:10.0.0.105 - - [19/Jun/2023:06:46:36 +0000] "POST /api/v1/menu HTTP/1.1" 200 36179 "-" "PostmanRuntime/7.32.2"
::ffff:10.0.0.105 - - [19/Jun/2023:06:46:45 +0000] "POST /api/v1/menu HTTP/1.1" 200 36179 "-" "PostmanRuntime/7.32.2"
::ffff:10.0.0.106 - - [19/Jun/2023:06:46:49 +0000] "POST /api/v1/categories HTTP/1.1" 200 4128 "http://10.0.0.105:3000/" "Mozilla/5.0 (Linux; Android 10; K) AppleWebKit/537.36 (KHTML, like Gecko) Chrome/114.0.0.0 Mobile Safari/537.36"
::ffff:10.0.0.106 - - [19/Jun/2023:06:46:49 +0000] "POST /api/v1/settings/getsettings HTTP/1.1" 200 227 "http://10.0.0.105:3000/" "Mozilla/5.0 (Linux; Android 10; K) AppleWebKit/537.36 (KHTML, like Gecko) Chrome/114.0.0.0 Mobile Safari/537.36"
::ffff:10.0.0.106 - - [19/Jun/2023:06:46:49 +0000] "POST /api/v1/menu HTTP/1.1" 200 36179 "http://10.0.0.105:3000/" "Mozilla/5.0 (Linux; Android 10; K) AppleWebKit/537.36 (KHTML, like Gecko) Chrome/114.0.0.0 Mobile Safari/537.36"
::ffff:10.0.0.105 - - [19/Jun/2023:06:46:51 +0000] "POST /api/v1/menu HTTP/1.1" 200 36179 "-" "PostmanRuntime/7.32.2"
::ffff:10.0.0.105 - - [19/Jun/2023:06:47:55 +0000] "POST /api/v1/settings/getsettings HTTP/1.1" 200 227 "http://10.0.0.105:3000/" "Mozilla/5.0 (Linux; Android 8.0.0; SM-G955U Build/R16NW) AppleWebKit/537.36 (KHTML, like Gecko) Chrome/87.0.4280.141 Mobile Safari/537.36"
::ffff:10.0.0.105 - - [19/Jun/2023:06:47:58 +0000] "POST /api/v1/hallplans HTTP/1.1" 200 63189 "http://10.0.0.105:3000/" "Mozilla/5.0 (Linux; Android 8.0.0; SM-G955U Build/R16NW) AppleWebKit/537.36 (KHTML, like Gecko) Chrome/87.0.4280.141 Mobile Safari/537.36"
::ffff:10.0.0.105 - - [19/Jun/2023:06:48:03 +0000] "POST /api/v1/menuitems HTTP/1.1" 200 1323295 "http://10.0.0.105:3000/" "Mozilla/5.0 (Linux; Android 8.0.0; SM-G955U Build/R16NW) AppleWebKit/537.36 (KHTML, like Gecko) Chrome/87.0.4280.141 Mobile Safari/537.36"
::ffff:10.0.0.105 - - [19/Jun/2023:06:48:03 +0000] "POST /api/v1/price HTTP/1.1" 200 5460 "http://10.0.0.105:3000/" "Mozilla/5.0 (Linux; Android 8.0.0; SM-G955U Build/R16NW) AppleWebKit/537.36 (KHTML, like Gecko) Chrome/87.0.4280.141 Mobile Safari/537.36"
::ffff:10.0.0.106 - - [19/Jun/2023:06:48:18 +0000] "POST /api/v1/restaurants/getrestaurants HTTP/1.1" - - "http://10.0.0.105:3000/" "Mozilla/5.0 (Linux; Android 10; K) AppleWebKit/537.36 (KHTML, like Gecko) Chrome/114.0.0.0 Mobile Safari/537.36"
::ffff:10.0.0.105 - - [19/Jun/2023:06:48:35 +0000] "POST /api/v1/menu HTTP/1.1" - - "-" "PostmanRuntime/7.32.2"
::ffff:10.0.0.105 - - [19/Jun/2023:06:49:02 +0000] "POST /api/v1/settings/getsettings HTTP/1.1" - - "http://10.0.0.105:3000/" "Mozilla/5.0 (Linux; Android 8.0.0; SM-G955U Build/R16NW) AppleWebKit/537.36 (KHTML, like Gecko) Chrome/87.0.4280.141 Mobile Safari/537.36"
::ffff:10.0.0.106 - - [19/Jun/2023:06:49:12 +0000] "POST /api/v1/restaurants/getrestaurants HTTP/1.1" 200 274 "http://10.0.0.105:3000/" "Mozilla/5.0 (Linux; Android 10; K) AppleWebKit/537.36 (KHTML, like Gecko) Chrome/114.0.0.0 Mobile Safari/537.36"
::ffff:10.0.0.105 - - [19/Jun/2023:06:49:13 +0000] "POST /api/v1/settings/getsettings HTTP/1.1" - - "http://10.0.0.105:3000/" "Mozilla/5.0 (Linux; Android 8.0.0; SM-G955U Build/R16NW) AppleWebKit/537.36 (KHTML, like Gecko) Chrome/87.0.4280.141 Mobile Safari/537.36"
::ffff:10.0.0.105 - - [19/Jun/2023:06:49:20 +0000] "POST /api/v1/settings/getsettings HTTP/1.1" - - "http://10.0.0.105:3000/" "Mozilla/5.0 (Linux; Android 8.0.0; SM-G955U Build/R16NW) AppleWebKit/537.36 (KHTML, like Gecko) Chrome/87.0.4280.141 Mobile Safari/537.36"
::ffff:10.0.0.105 - - [19/Jun/2023:06:49:49 +0000] "POST /api/v1/restaurants/getrestaurants HTTP/1.1" 200 274 "http://10.0.0.105:3000/" "Mozilla/5.0 (Linux; Android 8.0.0; SM-G955U Build/R16NW) AppleWebKit/537.36 (KHTML, like Gecko) Chrome/87.0.4280.141 Mobile Safari/537.36"
::ffff:10.0.0.105 - - [19/Jun/2023:06:49:49 +0000] "POST /api/v1/restaurants/getrestaurants HTTP/1.1" 200 274 "http://10.0.0.105:3000/" "Mozilla/5.0 (Linux; Android 8.0.0; SM-G955U Build/R16NW) AppleWebKit/537.36 (KHTML, like Gecko) Chrome/87.0.4280.141 Mobile Safari/537.36"
::ffff:10.0.0.105 - - [19/Jun/2023:06:50:21 +0000] "POST /api/v1/restaurants/getrestaurants HTTP/1.1" 200 274 "http://10.0.0.105:3000/" "Mozilla/5.0 (Linux; Android 8.0.0; SM-G955U Build/R16NW) AppleWebKit/537.36 (KHTML, like Gecko) Chrome/87.0.4280.141 Mobile Safari/537.36"
::ffff:10.0.0.105 - - [19/Jun/2023:06:50:21 +0000] "POST /api/v1/restaurants/getrestaurants HTTP/1.1" 200 274 "http://10.0.0.105:3000/" "Mozilla/5.0 (Linux; Android 8.0.0; SM-G955U Build/R16NW) AppleWebKit/537.36 (KHTML, like Gecko) Chrome/87.0.4280.141 Mobile Safari/537.36"
::ffff:10.0.0.105 - - [19/Jun/2023:06:50:26 +0000] "POST /api/v1/restaurants/getrestaurants HTTP/1.1" 200 274 "http://10.0.0.105:3000/" "Mozilla/5.0 (Linux; Android 8.0.0; SM-G955U Build/R16NW) AppleWebKit/537.36 (KHTML, like Gecko) Chrome/87.0.4280.141 Mobile Safari/537.36"
::ffff:10.0.0.105 - - [19/Jun/2023:06:50:26 +0000] "POST /api/v1/restaurants/getrestaurants HTTP/1.1" 200 274 "http://10.0.0.105:3000/" "Mozilla/5.0 (Linux; Android 8.0.0; SM-G955U Build/R16NW) AppleWebKit/537.36 (KHTML, like Gecko) Chrome/87.0.4280.141 Mobile Safari/537.36"
::ffff:10.0.0.105 - - [19/Jun/2023:06:51:18 +0000] "POST /api/v1/restaurants/getrestaurants HTTP/1.1" 200 274 "http://10.0.0.105:3000/" "Mozilla/5.0 (Linux; Android 8.0.0; SM-G955U Build/R16NW) AppleWebKit/537.36 (KHTML, like Gecko) Chrome/87.0.4280.141 Mobile Safari/537.36"
::ffff:10.0.0.105 - - [19/Jun/2023:06:51:18 +0000] "POST /api/v1/restaurants/getrestaurants HTTP/1.1" 200 274 "http://10.0.0.105:3000/" "Mozilla/5.0 (Linux; Android 8.0.0; SM-G955U Build/R16NW) AppleWebKit/537.36 (KHTML, like Gecko) Chrome/87.0.4280.141 Mobile Safari/537.36"
::ffff:10.0.0.105 - - [19/Jun/2023:06:51:19 +0000] "POST /api/v1/settings/getsettings HTTP/1.1" 200 227 "http://10.0.0.105:3000/" "Mozilla/5.0 (Linux; Android 8.0.0; SM-G955U Build/R16NW) AppleWebKit/537.36 (KHTML, like Gecko) Chrome/87.0.4280.141 Mobile Safari/537.36"
::ffff:10.0.0.105 - - [19/Jun/2023:06:51:24 +0000] "POST /api/v1/hallplans HTTP/1.1" 200 63189 "http://10.0.0.105:3000/" "Mozilla/5.0 (Linux; Android 8.0.0; SM-G955U Build/R16NW) AppleWebKit/537.36 (KHTML, like Gecko) Chrome/87.0.4280.141 Mobile Safari/537.36"
::ffff:10.0.0.105 - - [19/Jun/2023:06:51:30 +0000] "POST /api/v1/menuitems HTTP/1.1" 200 1323300 "http://10.0.0.105:3000/" "Mozilla/5.0 (Linux; Android 8.0.0; SM-G955U Build/R16NW) AppleWebKit/537.36 (KHTML, like Gecko) Chrome/87.0.4280.141 Mobile Safari/537.36"
::ffff:10.0.0.105 - - [19/Jun/2023:06:51:30 +0000] "POST /api/v1/price HTTP/1.1" 200 5462 "http://10.0.0.105:3000/" "Mozilla/5.0 (Linux; Android 8.0.0; SM-G955U Build/R16NW) AppleWebKit/537.36 (KHTML, like Gecko) Chrome/87.0.4280.141 Mobile Safari/537.36"
::ffff:10.0.0.106 - - [19/Jun/2023:06:52:25 +0000] "POST /api/v1/restaurants/getrestaurants HTTP/1.1" 200 274 "http://10.0.0.105:3000/" "Mozilla/5.0 (Linux; Android 10; K) AppleWebKit/537.36 (KHTML, like Gecko) Chrome/114.0.0.0 Mobile Safari/537.36"
::ffff:10.0.0.105 - - [19/Jun/2023:06:52:44 +0000] "POST /api/v1/menu HTTP/1.1" 200 36179 "-" "PostmanRuntime/7.32.2"
::ffff:10.0.0.106 - - [19/Jun/2023:06:53:45 +0000] "POST /api/v1/hallplans/db HTTP/1.1" 200 7503 "http://10.0.0.105:3000/" "Mozilla/5.0 (Linux; Android 10; K) AppleWebKit/537.36 (KHTML, like Gecko) Chrome/114.0.0.0 Mobile Safari/537.36"
::ffff:10.0.0.106 - - [19/Jun/2023:07:09:28 +0000] "POST /api/v1/hallplans/db HTTP/1.1" 200 7503 "http://10.0.0.105:3000/" "Mozilla/5.0 (Linux; Android 10; K) AppleWebKit/537.36 (KHTML, like Gecko) Chrome/114.0.0.0 Mobile Safari/537.36"
::ffff:10.0.0.106 - - [19/Jun/2023:07:09:31 +0000] "POST /api/v1/tables HTTP/1.1" 200 35737 "http://10.0.0.105:3000/" "Mozilla/5.0 (Linux; Android 10; K) AppleWebKit/537.36 (KHTML, like Gecko) Chrome/114.0.0.0 Mobile Safari/537.36"
::ffff:10.0.0.106 - - [19/Jun/2023:07:09:33 +0000] "POST /api/v1/categories HTTP/1.1" 200 4128 "http://10.0.0.105:3000/" "Mozilla/5.0 (Linux; Android 10; K) AppleWebKit/537.36 (KHTML, like Gecko) Chrome/114.0.0.0 Mobile Safari/537.36"
::ffff:10.0.0.106 - - [19/Jun/2023:07:09:33 +0000] "POST /api/v1/settings/getsettings HTTP/1.1" 200 227 "http://10.0.0.105:3000/" "Mozilla/5.0 (Linux; Android 10; K) AppleWebKit/537.36 (KHTML, like Gecko) Chrome/114.0.0.0 Mobile Safari/537.36"
::ffff:10.0.0.106 - - [19/Jun/2023:07:09:34 +0000] "POST /api/v1/menu HTTP/1.1" 200 36181 "http://10.0.0.105:3000/" "Mozilla/5.0 (Linux; Android 10; K) AppleWebKit/537.36 (KHTML, like Gecko) Chrome/114.0.0.0 Mobile Safari/537.36"
::ffff:10.0.0.103 - - [20/Jun/2023:04:07:37 +0000] "POST /api/v1/restaurants/getrestaurants HTTP/1.1" 200 274 "http://10.0.0.103:3000/" "Mozilla/5.0 (Windows NT 10.0; Win64; x64) AppleWebKit/537.36 (KHTML, like Gecko) Chrome/114.0.0.0 Safari/537.36"
::ffff:10.0.0.103 - - [20/Jun/2023:04:08:09 +0000] "POST /api/v1/restaurants/getrestaurants HTTP/1.1" 200 274 "http://10.0.0.103:3000/" "Mozilla/5.0 (Linux; Android 8.0.0; SM-G955U Build/R16NW) AppleWebKit/537.36 (KHTML, like Gecko) Chrome/87.0.4280.141 Mobile Safari/537.36"
::ffff:10.0.0.103 - - [20/Jun/2023:04:08:09 +0000] "POST /api/v1/restaurants/getrestaurants HTTP/1.1" 200 274 "http://10.0.0.103:3000/" "Mozilla/5.0 (Linux; Android 8.0.0; SM-G955U Build/R16NW) AppleWebKit/537.36 (KHTML, like Gecko) Chrome/87.0.4280.141 Mobile Safari/537.36"
::ffff:10.0.0.103 - - [20/Jun/2023:04:08:16 +0000] "POST /api/v1/menu HTTP/1.1" 200 26 "-" "PostmanRuntime/7.32.3"
::ffff:10.0.0.103 - - [20/Jun/2023:04:08:20 +0000] "POST /api/v1/menu HTTP/1.1" 200 26 "-" "PostmanRuntime/7.32.3"
::ffff:10.0.0.103 - - [20/Jun/2023:04:08:24 +0000] "POST /api/v1/settings/getsettings HTTP/1.1" 200 227 "http://10.0.0.103:3000/" "Mozilla/5.0 (Linux; Android 8.0.0; SM-G955U Build/R16NW) AppleWebKit/537.36 (KHTML, like Gecko) Chrome/87.0.4280.141 Mobile Safari/537.36"
::ffff:10.0.0.103 - - [20/Jun/2023:04:08:35 +0000] "POST /api/v1/hallplans HTTP/1.1" 200 63189 "http://10.0.0.103:3000/" "Mozilla/5.0 (Linux; Android 8.0.0; SM-G955U Build/R16NW) AppleWebKit/537.36 (KHTML, like Gecko) Chrome/87.0.4280.141 Mobile Safari/537.36"
::ffff:10.0.0.103 - - [20/Jun/2023:04:08:40 +0000] "POST /api/v1/menuitems HTTP/1.1" 200 1323299 "http://10.0.0.103:3000/" "Mozilla/5.0 (Linux; Android 8.0.0; SM-G955U Build/R16NW) AppleWebKit/537.36 (KHTML, like Gecko) Chrome/87.0.4280.141 Mobile Safari/537.36"
::ffff:10.0.0.103 - - [20/Jun/2023:04:08:40 +0000] "POST /api/v1/price HTTP/1.1" 200 5462 "http://10.0.0.103:3000/" "Mozilla/5.0 (Linux; Android 8.0.0; SM-G955U Build/R16NW) AppleWebKit/537.36 (KHTML, like Gecko) Chrome/87.0.4280.141 Mobile Safari/537.36"
::ffff:10.0.0.103 - - [20/Jun/2023:04:09:40 +0000] "POST /api/v1/menu HTTP/1.1" 200 26 "-" "PostmanRuntime/7.32.3"
::ffff:10.0.0.103 - - [20/Jun/2023:04:09:50 +0000] "POST /api/v1/restaurants/getrestaurants HTTP/1.1" 200 274 "http://10.0.0.103:3000/" "Mozilla/5.0 (Windows NT 10.0; Win64; x64) AppleWebKit/537.36 (KHTML, like Gecko) Chrome/114.0.0.0 Safari/537.36"
::ffff:10.0.0.103 - - [20/Jun/2023:04:13:36 +0000] "POST /api/v1/menu HTTP/1.1" 200 36181 "-" "PostmanRuntime/7.32.3"
::ffff:10.0.0.103 - - [20/Jun/2023:04:15:13 +0000] "POST /api/v1/hallplans HTTP/1.1" 200 63189 "http://10.0.0.103:3000/" "Mozilla/5.0 (Linux; Android 8.0.0; SM-G955U Build/R16NW) AppleWebKit/537.36 (KHTML, like Gecko) Chrome/87.0.4280.141 Mobile Safari/537.36"
::ffff:10.0.0.103 - - [20/Jun/2023:04:15:18 +0000] "POST /api/v1/menuitems HTTP/1.1" 200 1323299 "http://10.0.0.103:3000/" "Mozilla/5.0 (Linux; Android 8.0.0; SM-G955U Build/R16NW) AppleWebKit/537.36 (KHTML, like Gecko) Chrome/87.0.4280.141 Mobile Safari/537.36"
::ffff:10.0.0.103 - - [20/Jun/2023:04:15:18 +0000] "POST /api/v1/price HTTP/1.1" 200 5462 "http://10.0.0.103:3000/" "Mozilla/5.0 (Linux; Android 8.0.0; SM-G955U Build/R16NW) AppleWebKit/537.36 (KHTML, like Gecko) Chrome/87.0.4280.141 Mobile Safari/537.36"
::ffff:10.0.0.103 - - [20/Jun/2023:04:15:18 +0000] "POST /api/v1/hallplans HTTP/1.1" 200 63189 "http://10.0.0.103:3000/" "Mozilla/5.0 (Linux; Android 8.0.0; SM-G955U Build/R16NW) AppleWebKit/537.36 (KHTML, like Gecko) Chrome/87.0.4280.141 Mobile Safari/537.36"
::ffff:10.0.0.103 - - [20/Jun/2023:04:15:24 +0000] "POST /api/v1/menuitems HTTP/1.1" 200 1323299 "http://10.0.0.103:3000/" "Mozilla/5.0 (Linux; Android 8.0.0; SM-G955U Build/R16NW) AppleWebKit/537.36 (KHTML, like Gecko) Chrome/87.0.4280.141 Mobile Safari/537.36"
::ffff:10.0.0.103 - - [20/Jun/2023:04:15:24 +0000] "POST /api/v1/price HTTP/1.1" 200 5462 "http://10.0.0.103:3000/" "Mozilla/5.0 (Linux; Android 8.0.0; SM-G955U Build/R16NW) AppleWebKit/537.36 (KHTML, like Gecko) Chrome/87.0.4280.141 Mobile Safari/537.36"
::ffff:10.0.0.103 - - [20/Jun/2023:04:17:47 +0000] "POST /api/v1/menu HTTP/1.1" - - "-" "PostmanRuntime/7.32.3"
::ffff:10.0.0.103 - - [20/Jun/2023:04:18:42 +0000] "POST /api/v1/settings/getsettings HTTP/1.1" 200 227 "http://10.0.0.103:3000/" "Mozilla/5.0 (Linux; Android 8.0.0; SM-G955U Build/R16NW) AppleWebKit/537.36 (KHTML, like Gecko) Chrome/87.0.4280.141 Mobile Safari/537.36"
::ffff:10.0.0.111 - http_user1 [20/Jun/2023:04:23:32 +0000] "POST /api/v1/menu HTTP/1.1" 200 36181 "-" "PostmanRuntime/7.28.4"
::ffff:10.0.0.103 - http_user1 [20/Jun/2023:04:24:02 +0000] "POST /api/v1/menuitems HTTP/1.1" 200 1323297 "-" "PostmanRuntime/7.32.3"
::ffff:10.0.0.103 - http_user1 [20/Jun/2023:04:24:13 +0000] "POST /api/v1/menuitems HTTP/1.1" 200 1323296 "-" "PostmanRuntime/7.32.3"
::ffff:10.0.0.103 - http_user1 [20/Jun/2023:04:24:21 +0000] "POST /api/v1/menuitems HTTP/1.1" 200 1323297 "-" "PostmanRuntime/7.32.3"
::ffff:10.0.0.111 - http_user1 [20/Jun/2023:04:24:21 +0000] "POST /api/v1/menu HTTP/1.1" 200 36181 "-" "PostmanRuntime/7.28.4"
::ffff:10.0.0.103 - - [20/Jun/2023:04:29:45 +0000] "POST /api/v1/restaurants/getrestaurants HTTP/1.1" 200 274 "http://10.0.0.103:3000/" "Mozilla/5.0 (Windows NT 10.0; Win64; x64) AppleWebKit/537.36 (KHTML, like Gecko) Chrome/114.0.0.0 Safari/537.36"
::ffff:10.0.0.103 - http_user1 [20/Jun/2023:04:30:23 +0000] "POST /api/v1/menuitems HTTP/1.1" 200 1323297 "-" "PostmanRuntime/7.32.3"
::ffff:10.0.0.102 - - [20/Jun/2023:04:30:26 +0000] "POST /api/v1/restaurants/getrestaurants HTTP/1.1" 200 274 "http://10.0.0.103:3000/" "Mozilla/5.0 (Linux; Android 10; K) AppleWebKit/537.36 (KHTML, like Gecko) Chrome/114.0.0.0 Mobile Safari/537.36"
::ffff:10.0.0.102 - - [20/Jun/2023:04:30:37 +0000] "POST /api/v1/hallplans/db HTTP/1.1" 200 26 "http://10.0.0.103:3000/" "Mozilla/5.0 (Linux; Android 10; K) AppleWebKit/537.36 (KHTML, like Gecko) Chrome/114.0.0.0 Mobile Safari/537.36"
::ffff:10.0.0.102 - - [20/Jun/2023:04:30:39 +0000] "POST /api/v1/restaurants/getrestaurants HTTP/1.1" 200 274 "http://10.0.0.103:3000/" "Mozilla/5.0 (Linux; Android 10; K) AppleWebKit/537.36 (KHTML, like Gecko) Chrome/114.0.0.0 Mobile Safari/537.36"
::ffff:10.0.0.102 - - [20/Jun/2023:04:30:44 +0000] "POST /api/v1/restaurants/getrestaurants HTTP/1.1" 200 274 "http://10.0.0.103:3000/" "Mozilla/5.0 (Linux; Android 10; K) AppleWebKit/537.36 (KHTML, like Gecko) Chrome/114.0.0.0 Mobile Safari/537.36"
::ffff:10.0.0.102 - - [20/Jun/2023:04:30:48 +0000] "POST /api/v1/hallplans/db HTTP/1.1" 200 26 "http://10.0.0.103:3000/" "Mozilla/5.0 (Linux; Android 10; K) AppleWebKit/537.36 (KHTML, like Gecko) Chrome/114.0.0.0 Mobile Safari/537.36"
::ffff:10.0.0.103 - http_user1 [20/Jun/2023:04:30:49 +0000] "POST /api/v1/menuitems HTTP/1.1" 200 1323297 "-" "PostmanRuntime/7.32.3"
::ffff:10.0.0.102 - - [20/Jun/2023:04:30:52 +0000] "POST /api/v1/restaurants/getrestaurants HTTP/1.1" 200 274 "http://10.0.0.103:3000/" "Mozilla/5.0 (Linux; Android 10; K) AppleWebKit/537.36 (KHTML, like Gecko) Chrome/114.0.0.0 Mobile Safari/537.36"
::ffff:10.0.0.103 - http_user1 [20/Jun/2023:04:31:16 +0000] "POST /api/v1/menuitems HTTP/1.1" 200 1323297 "-" "PostmanRuntime/7.32.3"
::ffff:10.0.0.103 - - [20/Jun/2023:04:31:22 +0000] "POST /api/v1/restaurants/getrestaurants HTTP/1.1" 200 274 "http://10.0.0.103:3000/" "Mozilla/5.0 (Linux; Android 8.0.0; SM-G955U Build/R16NW) AppleWebKit/537.36 (KHTML, like Gecko) Chrome/87.0.4280.141 Mobile Safari/537.36"
::ffff:10.0.0.103 - - [20/Jun/2023:04:31:28 +0000] "POST /api/v1/hallplans/db HTTP/1.1" 200 26 "http://10.0.0.103:3000/" "Mozilla/5.0 (Linux; Android 8.0.0; SM-G955U Build/R16NW) AppleWebKit/537.36 (KHTML, like Gecko) Chrome/87.0.4280.141 Mobile Safari/537.36"
::ffff:10.0.0.103 - http_user1 [20/Jun/2023:04:31:29 +0000] "POST /api/v1/menuitems HTTP/1.1" 200 1323297 "-" "PostmanRuntime/7.32.3"
::ffff:10.0.0.103 - - [20/Jun/2023:04:31:33 +0000] "POST /api/v1/restaurants/getrestaurants HTTP/1.1" 200 274 "http://10.0.0.103:3000/" "Mozilla/5.0 (Linux; Android 8.0.0; SM-G955U Build/R16NW) AppleWebKit/537.36 (KHTML, like Gecko) Chrome/87.0.4280.141 Mobile Safari/537.36"
::ffff:10.0.0.111 - http_user1 [20/Jun/2023:04:33:48 +0000] "POST /api/v1/menu HTTP/1.1" 200 26 "-" "PostmanRuntime/7.28.4"
::ffff:10.0.0.103 - http_user1 [20/Jun/2023:04:33:48 +0000] "POST /api/v1/menuitems HTTP/1.1" 200 1323297 "-" "PostmanRuntime/7.32.3"
::ffff:10.0.0.111 - http_user1 [20/Jun/2023:04:34:02 +0000] "POST /api/v1/menu HTTP/1.1" 200 26 "-" "PostmanRuntime/7.28.4"
::ffff:10.0.0.103 - http_user1 [20/Jun/2023:04:34:03 +0000] "POST /api/v1/menuitems HTTP/1.1" 200 1323296 "-" "PostmanRuntime/7.32.3"
::ffff:10.0.0.111 - http_user1 [20/Jun/2023:04:34:09 +0000] "POST /api/v1/menu HTTP/1.1" 200 26 "-" "PostmanRuntime/7.28.4"
::ffff:10.0.0.103 - - [20/Jun/2023:04:35:37 +0000] "POST /api/v1/settings/createsettings HTTP/1.1" 200 16 "http://10.0.0.103:3000/" "Mozilla/5.0 (Linux; Android 8.0.0; SM-G955U Build/R16NW) AppleWebKit/537.36 (KHTML, like Gecko) Chrome/87.0.4280.141 Mobile Safari/537.36"
::ffff:10.0.0.103 - - [20/Jun/2023:04:35:45 +0000] "POST /api/v1/hallplans HTTP/1.1" 200 63189 "http://10.0.0.103:3000/" "Mozilla/5.0 (Linux; Android 8.0.0; SM-G955U Build/R16NW) AppleWebKit/537.36 (KHTML, like Gecko) Chrome/87.0.4280.141 Mobile Safari/537.36"
::ffff:10.0.0.103 - - [20/Jun/2023:04:35:50 +0000] "POST /api/v1/menuitems HTTP/1.1" 200 1323299 "http://10.0.0.103:3000/" "Mozilla/5.0 (Linux; Android 8.0.0; SM-G955U Build/R16NW) AppleWebKit/537.36 (KHTML, like Gecko) Chrome/87.0.4280.141 Mobile Safari/537.36"
::ffff:10.0.0.103 - - [20/Jun/2023:04:35:50 +0000] "POST /api/v1/price HTTP/1.1" 200 5462 "http://10.0.0.103:3000/" "Mozilla/5.0 (Linux; Android 8.0.0; SM-G955U Build/R16NW) AppleWebKit/537.36 (KHTML, like Gecko) Chrome/87.0.4280.141 Mobile Safari/537.36"
::ffff:10.0.0.103 - http_user1 [20/Jun/2023:04:36:29 +0000] "POST /api/v1/menuitems HTTP/1.1" 200 1323297 "-" "PostmanRuntime/7.32.3"
::ffff:10.0.0.103 - - [20/Jun/2023:04:36:41 +0000] "POST /api/v1/hallplans HTTP/1.1" 200 63189 "http://10.0.0.103:3000/" "Mozilla/5.0 (Linux; Android 8.0.0; SM-G955U Build/R16NW) AppleWebKit/537.36 (KHTML, like Gecko) Chrome/87.0.4280.141 Mobile Safari/537.36"
::ffff:10.0.0.103 - - [20/Jun/2023:04:36:46 +0000] "POST /api/v1/menuitems HTTP/1.1" 200 1323299 "http://10.0.0.103:3000/" "Mozilla/5.0 (Linux; Android 8.0.0; SM-G955U Build/R16NW) AppleWebKit/537.36 (KHTML, like Gecko) Chrome/87.0.4280.141 Mobile Safari/537.36"
::ffff:10.0.0.103 - - [20/Jun/2023:04:36:46 +0000] "POST /api/v1/price HTTP/1.1" 200 5462 "http://10.0.0.103:3000/" "Mozilla/5.0 (Linux; Android 8.0.0; SM-G955U Build/R16NW) AppleWebKit/537.36 (KHTML, like Gecko) Chrome/87.0.4280.141 Mobile Safari/537.36"
::ffff:10.0.0.103 - - [20/Jun/2023:04:36:56 +0000] "POST /api/v1/hallplans HTTP/1.1" 200 63189 "http://10.0.0.103:3000/" "Mozilla/5.0 (Linux; Android 8.0.0; SM-G955U Build/R16NW) AppleWebKit/537.36 (KHTML, like Gecko) Chrome/87.0.4280.141 Mobile Safari/537.36"
::ffff:10.0.0.103 - - [20/Jun/2023:04:37:01 +0000] "POST /api/v1/menuitems HTTP/1.1" 200 1323300 "http://10.0.0.103:3000/" "Mozilla/5.0 (Linux; Android 8.0.0; SM-G955U Build/R16NW) AppleWebKit/537.36 (KHTML, like Gecko) Chrome/87.0.4280.141 Mobile Safari/537.36"
::ffff:10.0.0.103 - http_user1 [20/Jun/2023:04:37:02 +0000] "POST /api/v1/menuitems HTTP/1.1" 200 1323296 "-" "PostmanRuntime/7.32.3"
::ffff:10.0.0.103 - - [20/Jun/2023:04:37:02 +0000] "POST /api/v1/price HTTP/1.1" 200 5462 "http://10.0.0.103:3000/" "Mozilla/5.0 (Linux; Android 8.0.0; SM-G955U Build/R16NW) AppleWebKit/537.36 (KHTML, like Gecko) Chrome/87.0.4280.141 Mobile Safari/537.36"
::ffff:10.0.0.103 - - [20/Jun/2023:04:37:08 +0000] "POST /api/v1/hallplans HTTP/1.1" 200 63189 "http://10.0.0.103:3000/" "Mozilla/5.0 (Linux; Android 8.0.0; SM-G955U Build/R16NW) AppleWebKit/537.36 (KHTML, like Gecko) Chrome/87.0.4280.141 Mobile Safari/537.36"
::ffff:10.0.0.103 - - [20/Jun/2023:04:37:13 +0000] "POST /api/v1/restaurants/getrestaurants HTTP/1.1" 200 274 "http://10.0.0.103:3000/" "Mozilla/5.0 (Linux; Android 8.0.0; SM-G955U Build/R16NW) AppleWebKit/537.36 (KHTML, like Gecko) Chrome/87.0.4280.141 Mobile Safari/537.36"
::ffff:10.0.0.103 - - [20/Jun/2023:04:37:14 +0000] "POST /api/v1/menuitems HTTP/1.1" 200 1323299 "http://10.0.0.103:3000/" "Mozilla/5.0 (Linux; Android 8.0.0; SM-G955U Build/R16NW) AppleWebKit/537.36 (KHTML, like Gecko) Chrome/87.0.4280.141 Mobile Safari/537.36"
::ffff:10.0.0.103 - - [20/Jun/2023:04:37:14 +0000] "POST /api/v1/price HTTP/1.1" 200 5462 "http://10.0.0.103:3000/" "Mozilla/5.0 (Linux; Android 8.0.0; SM-G955U Build/R16NW) AppleWebKit/537.36 (KHTML, like Gecko) Chrome/87.0.4280.141 Mobile Safari/537.36"
::ffff:10.0.0.103 - http_user1 [20/Jun/2023:04:37:16 +0000] "POST /api/v1/menuitems HTTP/1.1" 200 1323297 "-" "PostmanRuntime/7.32.3"
::ffff:10.0.0.102 - - [20/Jun/2023:04:37:37 +0000] "POST /api/v1/restaurants/getrestaurants HTTP/1.1" - - "http://10.0.0.103:3000/" "Mozilla/5.0 (Linux; Android 10; K) AppleWebKit/537.36 (KHTML, like Gecko) Chrome/114.0.0.0 Mobile Safari/537.36"
::ffff:10.0.0.102 - - [20/Jun/2023:04:37:40 +0000] "POST /api/v1/restaurants/getrestaurants HTTP/1.1" - - "http://10.0.0.103:3000/" "Mozilla/5.0 (Linux; Android 10; K) AppleWebKit/537.36 (KHTML, like Gecko) Chrome/114.0.0.0 Mobile Safari/537.36"
::ffff:10.0.0.102 - - [20/Jun/2023:04:40:13 +0000] "POST /api/v1/restaurants/getrestaurants HTTP/1.1" 200 274 "http://10.0.0.103:3000/" "Mozilla/5.0 (Linux; Android 10; K) AppleWebKit/537.36 (KHTML, like Gecko) Chrome/114.0.0.0 Mobile Safari/537.36"
::ffff:10.0.0.103 - - [20/Jun/2023:04:42:54 +0000] "POST /api/v1/hallplans HTTP/1.1" 200 63189 "http://10.0.0.103:3000/" "Mozilla/5.0 (Linux; Android 8.0.0; SM-G955U Build/R16NW) AppleWebKit/537.36 (KHTML, like Gecko) Chrome/87.0.4280.141 Mobile Safari/537.36"
