::ffff:10.0.0.104 - - [27/Jul/2023:06:31:39 +0000] "POST /api/v1/restaurants/getrestaurants HTTP/1.1" 200 1836 "http://10.0.0.104:3000/" "Mozilla/5.0 (Windows NT 10.0; Win64; x64) AppleWebKit/537.36 (KHTML, like Gecko) Chrome/115.0.0.0 Safari/537.36"
::ffff:10.0.0.104 - - [27/Jul/2023:06:31:50 +0000] "POST /api/v1/restaurants/getrestaurants HTTP/1.1" 200 1836 "http://10.0.0.104:3000/" "Mozilla/5.0 (Windows NT 10.0; Win64; x64) AppleWebKit/537.36 (KHTML, like Gecko) Chrome/115.0.0.0 Safari/537.36"
::ffff:10.0.0.104 - - [27/Jul/2023:06:31:54 +0000] "POST /api/v1/restaurants/getrestaurants HTTP/1.1" 200 1836 "http://10.0.0.104:3000/" "Mozilla/5.0 (Windows NT 10.0; Win64; x64) AppleWebKit/537.36 (KHTML, like Gecko) Chrome/115.0.0.0 Safari/537.36"
::ffff:10.0.0.104 - - [27/Jul/2023:06:31:54 +0000] "POST /api/v1/restaurants/getrestaurants HTTP/1.1" 200 1836 "http://10.0.0.104:3000/" "Mozilla/5.0 (Windows NT 10.0; Win64; x64) AppleWebKit/537.36 (KHTML, like Gecko) Chrome/115.0.0.0 Safari/537.36"
::ffff:10.0.0.104 - - [27/Jul/2023:06:32:03 +0000] "POST /api/v1/settings/getsettings HTTP/1.1" 200 264 "http://10.0.0.104:3000/" "Mozilla/5.0 (Linux; Android 8.0.0; SM-G955U Build/R16NW) AppleWebKit/537.36 (KHTML, like Gecko) Chrome/87.0.4280.141 Mobile Safari/537.36"
::ffff:10.0.0.104 - - [27/Jul/2023:06:32:20 +0000] "POST /api/v1/settings/createsettings HTTP/1.1" 200 16 "http://10.0.0.104:3000/" "Mozilla/5.0 (Linux; Android 8.0.0; SM-G955U Build/R16NW) AppleWebKit/537.36 (KHTML, like Gecko) Chrome/87.0.4280.141 Mobile Safari/537.36"
::ffff:10.0.0.104 - - [27/Jul/2023:06:32:26 +0000] "POST /api/v1/price HTTP/1.1" 200 5460 "http://10.0.0.104:3000/" "Mozilla/5.0 (Linux; Android 8.0.0; SM-G955U Build/R16NW) AppleWebKit/537.36 (KHTML, like Gecko) Chrome/87.0.4280.141 Mobile Safari/537.36"
::ffff:10.0.0.104 - - [27/Jul/2023:06:37:08 +0000] "POST /api/v1/restaurants/getrestaurants HTTP/1.1" 200 1836 "http://10.0.0.104:3000/" "Mozilla/5.0 (Linux; Android 8.0.0; SM-G955U Build/R16NW) AppleWebKit/537.36 (KHTML, like Gecko) Chrome/87.0.4280.141 Mobile Safari/537.36"
::ffff:10.0.0.104 - - [27/Jul/2023:06:37:08 +0000] "POST /api/v1/restaurants/getrestaurants HTTP/1.1" 200 1836 "http://10.0.0.104:3000/" "Mozilla/5.0 (Linux; Android 8.0.0; SM-G955U Build/R16NW) AppleWebKit/537.36 (KHTML, like Gecko) Chrome/87.0.4280.141 Mobile Safari/537.36"
::ffff:10.0.0.104 - - [27/Jul/2023:06:37:10 +0000] "POST /api/v1/settings/getsettings HTTP/1.1" 200 264 "http://10.0.0.104:3000/" "Mozilla/5.0 (Linux; Android 8.0.0; SM-G955U Build/R16NW) AppleWebKit/537.36 (KHTML, like Gecko) Chrome/87.0.4280.141 Mobile Safari/537.36"
::ffff:10.0.0.104 - - [27/Jul/2023:06:37:12 +0000] "POST /api/v1/settings/createsettings HTTP/1.1" 200 16 "http://10.0.0.104:3000/" "Mozilla/5.0 (Linux; Android 8.0.0; SM-G955U Build/R16NW) AppleWebKit/537.36 (KHTML, like Gecko) Chrome/87.0.4280.141 Mobile Safari/537.36"
::ffff:10.0.0.104 - - [27/Jul/2023:06:37:16 +0000] "POST /api/v1/price HTTP/1.1" 200 5460 "http://10.0.0.104:3000/" "Mozilla/5.0 (Linux; Android 8.0.0; SM-G955U Build/R16NW) AppleWebKit/537.36 (KHTML, like Gecko) Chrome/87.0.4280.141 Mobile Safari/537.36"
::ffff:10.0.0.104 - - [27/Jul/2023:06:42:06 +0000] "POST /api/v1/settings/createsettings HTTP/1.1" 200 16 "http://10.0.0.104:3000/" "Mozilla/5.0 (Linux; Android 8.0.0; SM-G955U Build/R16NW) AppleWebKit/537.36 (KHTML, like Gecko) Chrome/87.0.4280.141 Mobile Safari/537.36"
::ffff:10.0.0.102 - - [27/Jul/2023:06:42:57 +0000] "POST /api/v1/restaurants/getrestaurants HTTP/1.1" 200 1836 "http://10.0.0.104:3000/" "Mozilla/5.0 (Linux; Android 10; K) AppleWebKit/537.36 (KHTML, like Gecko) Chrome/114.0.0.0 Mobile Safari/537.36"
::ffff:10.0.0.104 - - [27/Jul/2023:06:43:04 +0000] "POST /api/v1/tables HTTP/1.1" - - "http://10.0.0.104:3000/" "Mozilla/5.0 (Linux; Android 8.0.0; SM-G955U Build/R16NW) AppleWebKit/537.36 (KHTML, like Gecko) Chrome/87.0.4280.141 Mobile Safari/537.36"
::ffff:10.0.0.104 - - [27/Jul/2023:06:43:04 +0000] "POST /api/v1/hallplans HTTP/1.1" - - "http://10.0.0.104:3000/" "Mozilla/5.0 (Linux; Android 8.0.0; SM-G955U Build/R16NW) AppleWebKit/537.36 (KHTML, like Gecko) Chrome/87.0.4280.141 Mobile Safari/537.36"
::ffff:10.0.0.104 - - [27/Jul/2023:06:43:04 +0000] "POST /api/v1/hallplans HTTP/1.1" - - "http://10.0.0.104:3000/" "Mozilla/5.0 (Linux; Android 8.0.0; SM-G955U Build/R16NW) AppleWebKit/537.36 (KHTML, like Gecko) Chrome/87.0.4280.141 Mobile Safari/537.36"
::ffff:10.0.0.104 - - [27/Jul/2023:06:43:04 +0000] "POST /api/v1/menuitems HTTP/1.1" - - "http://10.0.0.104:3000/" "Mozilla/5.0 (Linux; Android 8.0.0; SM-G955U Build/R16NW) AppleWebKit/537.36 (KHTML, like Gecko) Chrome/87.0.4280.141 Mobile Safari/537.36"
::ffff:10.0.0.104 - - [27/Jul/2023:06:43:04 +0000] "POST /api/v1/menuitems HTTP/1.1" - - "http://10.0.0.104:3000/" "Mozilla/5.0 (Linux; Android 8.0.0; SM-G955U Build/R16NW) AppleWebKit/537.36 (KHTML, like Gecko) Chrome/87.0.4280.141 Mobile Safari/537.36"
::ffff:10.0.0.104 - - [27/Jul/2023:06:43:04 +0000] "POST /api/v1/tables HTTP/1.1" - - "http://10.0.0.104:3000/" "Mozilla/5.0 (Linux; Android 8.0.0; SM-G955U Build/R16NW) AppleWebKit/537.36 (KHTML, like Gecko) Chrome/87.0.4280.141 Mobile Safari/537.36"
::ffff:10.0.0.104 - - [27/Jul/2023:06:43:04 +0000] "POST /api/v1/restaurants/getrestaurants HTTP/1.1" 200 1836 "http://10.0.0.104:3000/" "Mozilla/5.0 (Windows NT 10.0; Win64; x64) AppleWebKit/537.36 (KHTML, like Gecko) Chrome/115.0.0.0 Safari/537.36"
::ffff:10.0.0.104 - - [27/Jul/2023:06:43:04 +0000] "POST /api/v1/restaurants/getrestaurants HTTP/1.1" 200 1836 "http://10.0.0.104:3000/" "Mozilla/5.0 (Linux; Android 8.0.0; SM-G955U Build/R16NW) AppleWebKit/537.36 (KHTML, like Gecko) Chrome/87.0.4280.141 Mobile Safari/537.36"
::ffff:10.0.0.104 - - [27/Jul/2023:06:43:06 +0000] "POST /api/v1/settings/getsettings HTTP/1.1" 200 264 "http://10.0.0.104:3000/" "Mozilla/5.0 (Linux; Android 8.0.0; SM-G955U Build/R16NW) AppleWebKit/537.36 (KHTML, like Gecko) Chrome/87.0.4280.141 Mobile Safari/537.36"
::ffff:10.0.0.104 - - [27/Jul/2023:06:43:11 +0000] "POST /api/v1/settings/createsettings HTTP/1.1" 200 16 "http://10.0.0.104:3000/" "Mozilla/5.0 (Linux; Android 8.0.0; SM-G955U Build/R16NW) AppleWebKit/537.36 (KHTML, like Gecko) Chrome/87.0.4280.141 Mobile Safari/537.36"
::ffff:10.0.0.104 - - [27/Jul/2023:06:43:13 +0000] "POST /api/v1/price HTTP/1.1" 200 5460 "http://10.0.0.104:3000/" "Mozilla/5.0 (Linux; Android 8.0.0; SM-G955U Build/R16NW) AppleWebKit/537.36 (KHTML, like Gecko) Chrome/87.0.4280.141 Mobile Safari/537.36"
::ffff:10.0.0.104 - - [27/Jul/2023:06:43:21 +0000] "POST /api/v1/hallplans/db HTTP/1.1" 200 7503 "http://10.0.0.104:3000/" "Mozilla/5.0 (Linux; Android 8.0.0; SM-G955U Build/R16NW) AppleWebKit/537.36 (KHTML, like Gecko) Chrome/87.0.4280.141 Mobile Safari/537.36"
::ffff:10.0.0.104 - - [27/Jul/2023:06:43:23 +0000] "POST /api/v1/tables/db HTTP/1.1" 200 26 "http://10.0.0.104:3000/" "Mozilla/5.0 (Linux; Android 8.0.0; SM-G955U Build/R16NW) AppleWebKit/537.36 (KHTML, like Gecko) Chrome/87.0.4280.141 Mobile Safari/537.36"
::ffff:10.0.0.104 - - [27/Jul/2023:06:43:28 +0000] "POST /api/v1/hallplans/db HTTP/1.1" 200 7503 "http://10.0.0.104:3000/" "Mozilla/5.0 (Linux; Android 8.0.0; SM-G955U Build/R16NW) AppleWebKit/537.36 (KHTML, like Gecko) Chrome/87.0.4280.141 Mobile Safari/537.36"
::ffff:10.0.0.104 - - [27/Jul/2023:06:43:29 +0000] "POST /api/v1/tables/db HTTP/1.1" 200 597 "http://10.0.0.104:3000/" "Mozilla/5.0 (Linux; Android 8.0.0; SM-G955U Build/R16NW) AppleWebKit/537.36 (KHTML, like Gecko) Chrome/87.0.4280.141 Mobile Safari/537.36"
::ffff:10.0.0.104 - - [27/Jul/2023:06:43:35 +0000] "POST /api/v1/settings/createsettings HTTP/1.1" 200 16 "http://10.0.0.104:3000/" "Mozilla/5.0 (Linux; Android 8.0.0; SM-G955U Build/R16NW) AppleWebKit/537.36 (KHTML, like Gecko) Chrome/87.0.4280.141 Mobile Safari/537.36"
::ffff:10.0.0.102 - - [27/Jul/2023:06:44:01 +0000] "POST /api/v1/restaurants/getrestaurants HTTP/1.1" 200 1836 "http://10.0.0.104:3000/" "Mozilla/5.0 (Linux; Android 10; K) AppleWebKit/537.36 (KHTML, like Gecko) Chrome/114.0.0.0 Mobile Safari/537.36"
::ffff:10.0.0.102 - - [27/Jul/2023:06:44:02 +0000] "POST /api/v1/hallplans/db HTTP/1.1" 200 7503 "http://10.0.0.104:3000/" "Mozilla/5.0 (Linux; Android 10; K) AppleWebKit/537.36 (KHTML, like Gecko) Chrome/114.0.0.0 Mobile Safari/537.36"
::ffff:10.0.0.102 - - [27/Jul/2023:06:44:04 +0000] "POST /api/v1/tables/db HTTP/1.1" 200 471 "http://10.0.0.104:3000/" "Mozilla/5.0 (Linux; Android 10; K) AppleWebKit/537.36 (KHTML, like Gecko) Chrome/114.0.0.0 Mobile Safari/537.36"
::ffff:10.0.0.102 - - [27/Jul/2023:06:44:05 +0000] "POST /api/v1/categories HTTP/1.1" 200 4128 "http://10.0.0.104:3000/" "Mozilla/5.0 (Linux; Android 10; K) AppleWebKit/537.36 (KHTML, like Gecko) Chrome/114.0.0.0 Mobile Safari/537.36"
::ffff:10.0.0.102 - - [27/Jul/2023:06:44:05 +0000] "POST /api/v1/settings/getsettings HTTP/1.1" 200 264 "http://10.0.0.104:3000/" "Mozilla/5.0 (Linux; Android 10; K) AppleWebKit/537.36 (KHTML, like Gecko) Chrome/114.0.0.0 Mobile Safari/537.36"
::ffff:10.0.0.102 - - [27/Jul/2023:06:44:05 +0000] "POST /api/v1/menu HTTP/1.1" 200 36180 "http://10.0.0.104:3000/" "Mozilla/5.0 (Linux; Android 10; K) AppleWebKit/537.36 (KHTML, like Gecko) Chrome/114.0.0.0 Mobile Safari/537.36"
::ffff:10.0.0.102 - - [27/Jul/2023:06:44:15 +0000] "POST /api/v1/categories HTTP/1.1" 200 4128 "http://10.0.0.104:3000/" "Mozilla/5.0 (Linux; Android 10; K) AppleWebKit/537.36 (KHTML, like Gecko) Chrome/114.0.0.0 Mobile Safari/537.36"
::ffff:10.0.0.102 - - [27/Jul/2023:06:44:15 +0000] "POST /api/v1/settings/getsettings HTTP/1.1" 200 264 "http://10.0.0.104:3000/" "Mozilla/5.0 (Linux; Android 10; K) AppleWebKit/537.36 (KHTML, like Gecko) Chrome/114.0.0.0 Mobile Safari/537.36"
::ffff:10.0.0.102 - - [27/Jul/2023:06:44:16 +0000] "POST /api/v1/menu HTTP/1.1" 200 36180 "http://10.0.0.104:3000/" "Mozilla/5.0 (Linux; Android 10; K) AppleWebKit/537.36 (KHTML, like Gecko) Chrome/114.0.0.0 Mobile Safari/537.36"
::ffff:10.0.0.104 - - [27/Jul/2023:06:45:17 +0000] "POST /api/v1/settings/createsettings HTTP/1.1" 200 16 "http://10.0.0.104:3000/" "Mozilla/5.0 (Linux; Android 8.0.0; SM-G955U Build/R16NW) AppleWebKit/537.36 (KHTML, like Gecko) Chrome/87.0.4280.141 Mobile Safari/537.36"
::ffff:10.0.0.104 - - [27/Jul/2023:06:45:20 +0000] "POST /api/v1/price HTTP/1.1" 200 5460 "http://10.0.0.104:3000/" "Mozilla/5.0 (Linux; Android 8.0.0; SM-G955U Build/R16NW) AppleWebKit/537.36 (KHTML, like Gecko) Chrome/87.0.4280.141 Mobile Safari/537.36"
::ffff:10.0.0.102 - - [27/Jul/2023:06:45:23 +0000] "POST /api/v1/restaurants/getrestaurants HTTP/1.1" 200 1836 "http://10.0.0.104:3000/" "Mozilla/5.0 (Linux; Android 10; K) AppleWebKit/537.36 (KHTML, like Gecko) Chrome/114.0.0.0 Mobile Safari/537.36"
::ffff:10.0.0.102 - - [27/Jul/2023:06:45:33 +0000] "POST /api/v1/hallplans/db HTTP/1.1" 200 7503 "http://10.0.0.104:3000/" "Mozilla/5.0 (Linux; Android 10; K) AppleWebKit/537.36 (KHTML, like Gecko) Chrome/114.0.0.0 Mobile Safari/537.36"
::ffff:10.0.0.102 - - [27/Jul/2023:06:45:34 +0000] "POST /api/v1/tables/db HTTP/1.1" 200 471 "http://10.0.0.104:3000/" "Mozilla/5.0 (Linux; Android 10; K) AppleWebKit/537.36 (KHTML, like Gecko) Chrome/114.0.0.0 Mobile Safari/537.36"
::ffff:10.0.0.104 - - [27/Jul/2023:06:50:15 +0000] "POST /api/v1/restaurants/getrestaurants HTTP/1.1" 200 1836 "http://10.0.0.104:3000/" "Mozilla/5.0 (Linux; Android 8.0.0; SM-G955U Build/R16NW) AppleWebKit/537.36 (KHTML, like Gecko) Chrome/87.0.4280.141 Mobile Safari/537.36"
::ffff:10.0.0.104 - - [27/Jul/2023:06:50:15 +0000] "POST /api/v1/restaurants/getrestaurants HTTP/1.1" 200 1836 "http://10.0.0.104:3000/" "Mozilla/5.0 (Linux; Android 8.0.0; SM-G955U Build/R16NW) AppleWebKit/537.36 (KHTML, like Gecko) Chrome/87.0.4280.141 Mobile Safari/537.36"
::ffff:10.0.0.104 - - [27/Jul/2023:06:50:17 +0000] "POST /api/v1/settings/getsettings HTTP/1.1" 200 264 "http://10.0.0.104:3000/" "Mozilla/5.0 (Linux; Android 8.0.0; SM-G955U Build/R16NW) AppleWebKit/537.36 (KHTML, like Gecko) Chrome/87.0.4280.141 Mobile Safari/537.36"
::ffff:10.0.0.104 - - [27/Jul/2023:06:50:36 +0000] "POST /api/v1/settings/createsettings HTTP/1.1" 200 16 "http://10.0.0.104:3000/" "Mozilla/5.0 (Linux; Android 8.0.0; SM-G955U Build/R16NW) AppleWebKit/537.36 (KHTML, like Gecko) Chrome/87.0.4280.141 Mobile Safari/537.36"
::ffff:10.0.0.104 - - [27/Jul/2023:06:50:37 +0000] "POST /api/v1/price HTTP/1.1" 500 61 "http://10.0.0.104:3000/" "Mozilla/5.0 (Linux; Android 8.0.0; SM-G955U Build/R16NW) AppleWebKit/537.36 (KHTML, like Gecko) Chrome/87.0.4280.141 Mobile Safari/537.36"
::ffff:10.0.0.104 - - [27/Jul/2023:06:50:42 +0000] "POST /api/v1/restaurants/getrestaurants HTTP/1.1" 200 1836 "http://10.0.0.104:3000/" "Mozilla/5.0 (Windows NT 10.0; Win64; x64) AppleWebKit/537.36 (KHTML, like Gecko) Chrome/115.0.0.0 Safari/537.36"
::ffff:10.0.0.104 - - [27/Jul/2023:06:50:47 +0000] "POST /api/v1/hallplans/db HTTP/1.1" 200 7503 "http://10.0.0.104:3000/" "Mozilla/5.0 (Linux; Android 8.0.0; SM-G955U Build/R16NW) AppleWebKit/537.36 (KHTML, like Gecko) Chrome/87.0.4280.141 Mobile Safari/537.36"
::ffff:10.0.0.104 - - [27/Jul/2023:06:50:49 +0000] "POST /api/v1/tables/db HTTP/1.1" 200 26 "http://10.0.0.104:3000/" "Mozilla/5.0 (Linux; Android 8.0.0; SM-G955U Build/R16NW) AppleWebKit/537.36 (KHTML, like Gecko) Chrome/87.0.4280.141 Mobile Safari/537.36"
::ffff:10.0.0.104 - - [27/Jul/2023:06:50:51 +0000] "POST /api/v1/hallplans/db HTTP/1.1" 200 7503 "http://10.0.0.104:3000/" "Mozilla/5.0 (Linux; Android 8.0.0; SM-G955U Build/R16NW) AppleWebKit/537.36 (KHTML, like Gecko) Chrome/87.0.4280.141 Mobile Safari/537.36"
::ffff:10.0.0.104 - - [27/Jul/2023:06:50:52 +0000] "POST /api/v1/tables/db HTTP/1.1" 200 597 "http://10.0.0.104:3000/" "Mozilla/5.0 (Linux; Android 8.0.0; SM-G955U Build/R16NW) AppleWebKit/537.36 (KHTML, like Gecko) Chrome/87.0.4280.141 Mobile Safari/537.36"
::ffff:10.0.0.104 - - [27/Jul/2023:06:50:53 +0000] "POST /api/v1/menu HTTP/1.1" 200 26 "http://10.0.0.104:3000/" "Mozilla/5.0 (Linux; Android 8.0.0; SM-G955U Build/R16NW) AppleWebKit/537.36 (KHTML, like Gecko) Chrome/87.0.4280.141 Mobile Safari/537.36"
::ffff:10.0.0.104 - - [27/Jul/2023:06:50:53 +0000] "POST /api/v1/settings/getsettings HTTP/1.1" 200 26 "http://10.0.0.104:3000/" "Mozilla/5.0 (Linux; Android 8.0.0; SM-G955U Build/R16NW) AppleWebKit/537.36 (KHTML, like Gecko) Chrome/87.0.4280.141 Mobile Safari/537.36"
::ffff:10.0.0.104 - - [27/Jul/2023:06:50:53 +0000] "POST /api/v1/categories HTTP/1.1" 200 26 "http://10.0.0.104:3000/" "Mozilla/5.0 (Linux; Android 8.0.0; SM-G955U Build/R16NW) AppleWebKit/537.36 (KHTML, like Gecko) Chrome/87.0.4280.141 Mobile Safari/537.36"
::ffff:10.0.0.104 - - [27/Jul/2023:06:51:01 +0000] "POST /api/v1/tables/db HTTP/1.1" 200 597 "http://10.0.0.104:3000/" "Mozilla/5.0 (Linux; Android 8.0.0; SM-G955U Build/R16NW) AppleWebKit/537.36 (KHTML, like Gecko) Chrome/87.0.4280.141 Mobile Safari/537.36"
::ffff:10.0.0.104 - - [27/Jul/2023:06:51:03 +0000] "POST /api/v1/hallplans/db HTTP/1.1" 200 7503 "http://10.0.0.104:3000/" "Mozilla/5.0 (Linux; Android 8.0.0; SM-G955U Build/R16NW) AppleWebKit/537.36 (KHTML, like Gecko) Chrome/87.0.4280.141 Mobile Safari/537.36"
::ffff:10.0.0.104 - - [27/Jul/2023:06:51:05 +0000] "POST /api/v1/tables/db HTTP/1.1" 200 26 "http://10.0.0.104:3000/" "Mozilla/5.0 (Linux; Android 8.0.0; SM-G955U Build/R16NW) AppleWebKit/537.36 (KHTML, like Gecko) Chrome/87.0.4280.141 Mobile Safari/537.36"
::ffff:10.0.0.104 - - [27/Jul/2023:06:51:07 +0000] "POST /api/v1/hallplans/db HTTP/1.1" 200 7503 "http://10.0.0.104:3000/" "Mozilla/5.0 (Linux; Android 8.0.0; SM-G955U Build/R16NW) AppleWebKit/537.36 (KHTML, like Gecko) Chrome/87.0.4280.141 Mobile Safari/537.36"
::ffff:10.0.0.104 - - [27/Jul/2023:06:51:08 +0000] "POST /api/v1/restaurants/getrestaurants HTTP/1.1" 200 1836 "http://10.0.0.104:3000/" "Mozilla/5.0 (Linux; Android 8.0.0; SM-G955U Build/R16NW) AppleWebKit/537.36 (KHTML, like Gecko) Chrome/87.0.4280.141 Mobile Safari/537.36"
::ffff:10.0.0.104 - - [27/Jul/2023:06:51:11 +0000] "POST /api/v1/hallplans/db HTTP/1.1" 200 7503 "http://10.0.0.104:3000/" "Mozilla/5.0 (Linux; Android 8.0.0; SM-G955U Build/R16NW) AppleWebKit/537.36 (KHTML, like Gecko) Chrome/87.0.4280.141 Mobile Safari/537.36"
::ffff:10.0.0.104 - - [27/Jul/2023:06:51:12 +0000] "POST /api/v1/tables/db HTTP/1.1" 200 601 "http://10.0.0.104:3000/" "Mozilla/5.0 (Linux; Android 8.0.0; SM-G955U Build/R16NW) AppleWebKit/537.36 (KHTML, like Gecko) Chrome/87.0.4280.141 Mobile Safari/537.36"
::ffff:10.0.0.104 - - [27/Jul/2023:06:51:12 +0000] "POST /api/v1/categories HTTP/1.1" 200 26 "http://10.0.0.104:3000/" "Mozilla/5.0 (Linux; Android 8.0.0; SM-G955U Build/R16NW) AppleWebKit/537.36 (KHTML, like Gecko) Chrome/87.0.4280.141 Mobile Safari/537.36"
::ffff:10.0.0.104 - - [27/Jul/2023:06:51:12 +0000] "POST /api/v1/menu HTTP/1.1" 200 26 "http://10.0.0.104:3000/" "Mozilla/5.0 (Linux; Android 8.0.0; SM-G955U Build/R16NW) AppleWebKit/537.36 (KHTML, like Gecko) Chrome/87.0.4280.141 Mobile Safari/537.36"
::ffff:10.0.0.104 - - [27/Jul/2023:06:51:12 +0000] "POST /api/v1/settings/getsettings HTTP/1.1" 200 26 "http://10.0.0.104:3000/" "Mozilla/5.0 (Linux; Android 8.0.0; SM-G955U Build/R16NW) AppleWebKit/537.36 (KHTML, like Gecko) Chrome/87.0.4280.141 Mobile Safari/537.36"
::ffff:10.0.0.102 - - [27/Jul/2023:06:51:28 +0000] "POST /api/v1/restaurants/getrestaurants HTTP/1.1" 200 1836 "http://10.0.0.104:3000/" "Mozilla/5.0 (Linux; Android 10; K) AppleWebKit/537.36 (KHTML, like Gecko) Chrome/114.0.0.0 Mobile Safari/537.36"
::ffff:10.0.0.102 - - [27/Jul/2023:06:51:29 +0000] "POST /api/v1/hallplans/db HTTP/1.1" 200 7503 "http://10.0.0.104:3000/" "Mozilla/5.0 (Linux; Android 10; K) AppleWebKit/537.36 (KHTML, like Gecko) Chrome/114.0.0.0 Mobile Safari/537.36"
::ffff:10.0.0.102 - - [27/Jul/2023:06:51:30 +0000] "POST /api/v1/restaurants/getrestaurants HTTP/1.1" 200 1836 "http://10.0.0.104:3000/" "Mozilla/5.0 (Linux; Android 10; K) AppleWebKit/537.36 (KHTML, like Gecko) Chrome/114.0.0.0 Mobile Safari/537.36"
::ffff:10.0.0.102 - - [27/Jul/2023:06:51:32 +0000] "POST /api/v1/hallplans/db HTTP/1.1" 200 7503 "http://10.0.0.104:3000/" "Mozilla/5.0 (Linux; Android 10; K) AppleWebKit/537.36 (KHTML, like Gecko) Chrome/114.0.0.0 Mobile Safari/537.36"
::ffff:10.0.0.102 - - [27/Jul/2023:06:51:33 +0000] "POST /api/v1/tables/db HTTP/1.1" 200 26 "http://10.0.0.104:3000/" "Mozilla/5.0 (Linux; Android 10; K) AppleWebKit/537.36 (KHTML, like Gecko) Chrome/114.0.0.0 Mobile Safari/537.36"
::ffff:10.0.0.102 - - [27/Jul/2023:06:51:36 +0000] "POST /api/v1/hallplans/db HTTP/1.1" 200 7503 "http://10.0.0.104:3000/" "Mozilla/5.0 (Linux; Android 10; K) AppleWebKit/537.36 (KHTML, like Gecko) Chrome/114.0.0.0 Mobile Safari/537.36"
::ffff:10.0.0.102 - - [27/Jul/2023:06:51:37 +0000] "POST /api/v1/tables/db HTTP/1.1" 200 597 "http://10.0.0.104:3000/" "Mozilla/5.0 (Linux; Android 10; K) AppleWebKit/537.36 (KHTML, like Gecko) Chrome/114.0.0.0 Mobile Safari/537.36"
::ffff:10.0.0.102 - - [27/Jul/2023:06:51:38 +0000] "POST /api/v1/categories HTTP/1.1" 200 4128 "http://10.0.0.104:3000/" "Mozilla/5.0 (Linux; Android 10; K) AppleWebKit/537.36 (KHTML, like Gecko) Chrome/114.0.0.0 Mobile Safari/537.36"
::ffff:10.0.0.102 - - [27/Jul/2023:06:51:38 +0000] "POST /api/v1/settings/getsettings HTTP/1.1" 200 264 "http://10.0.0.104:3000/" "Mozilla/5.0 (Linux; Android 10; K) AppleWebKit/537.36 (KHTML, like Gecko) Chrome/114.0.0.0 Mobile Safari/537.36"
::ffff:10.0.0.102 - - [27/Jul/2023:06:51:38 +0000] "POST /api/v1/menu HTTP/1.1" 200 36180 "http://10.0.0.104:3000/" "Mozilla/5.0 (Linux; Android 10; K) AppleWebKit/537.36 (KHTML, like Gecko) Chrome/114.0.0.0 Mobile Safari/537.36"
::ffff:10.0.0.104 - - [27/Jul/2023:06:51:44 +0000] "POST /api/v1/tables/db HTTP/1.1" 200 601 "http://10.0.0.104:3000/" "Mozilla/5.0 (Linux; Android 8.0.0; SM-G955U Build/R16NW) AppleWebKit/537.36 (KHTML, like Gecko) Chrome/87.0.4280.141 Mobile Safari/537.36"
::ffff:10.0.0.104 - - [27/Jul/2023:06:51:44 +0000] "POST /api/v1/hallplans/db HTTP/1.1" 200 7503 "http://10.0.0.104:3000/" "Mozilla/5.0 (Linux; Android 8.0.0; SM-G955U Build/R16NW) AppleWebKit/537.36 (KHTML, like Gecko) Chrome/87.0.4280.141 Mobile Safari/537.36"
::ffff:10.0.0.104 - - [27/Jul/2023:06:51:45 +0000] "POST /api/v1/restaurants/getrestaurants HTTP/1.1" 200 1836 "http://10.0.0.104:3000/" "Mozilla/5.0 (Linux; Android 8.0.0; SM-G955U Build/R16NW) AppleWebKit/537.36 (KHTML, like Gecko) Chrome/87.0.4280.141 Mobile Safari/537.36"
::ffff:10.0.0.104 - - [27/Jul/2023:06:51:48 +0000] "POST /api/v1/restaurants/getrestaurants HTTP/1.1" 200 1836 "http://10.0.0.104:3000/" "Mozilla/5.0 (Linux; Android 8.0.0; SM-G955U Build/R16NW) AppleWebKit/537.36 (KHTML, like Gecko) Chrome/87.0.4280.141 Mobile Safari/537.36"
::ffff:10.0.0.104 - - [27/Jul/2023:06:51:55 +0000] "POST /api/v1/settings/createsettings HTTP/1.1" 200 16 "http://10.0.0.104:3000/" "Mozilla/5.0 (Linux; Android 8.0.0; SM-G955U Build/R16NW) AppleWebKit/537.36 (KHTML, like Gecko) Chrome/87.0.4280.141 Mobile Safari/537.36"
::ffff:10.0.0.104 - - [27/Jul/2023:06:53:00 +0000] "POST /api/v1/menuitems HTTP/1.1" - - "http://10.0.0.104:3000/" "Mozilla/5.0 (Linux; Android 8.0.0; SM-G955U Build/R16NW) AppleWebKit/537.36 (KHTML, like Gecko) Chrome/87.0.4280.141 Mobile Safari/537.36"
::ffff:10.0.0.104 - - [27/Jul/2023:06:53:00 +0000] "POST /api/v1/hallplans HTTP/1.1" - - "http://10.0.0.104:3000/" "Mozilla/5.0 (Linux; Android 8.0.0; SM-G955U Build/R16NW) AppleWebKit/537.36 (KHTML, like Gecko) Chrome/87.0.4280.141 Mobile Safari/537.36"
::ffff:10.0.0.104 - - [27/Jul/2023:06:53:00 +0000] "POST /api/v1/hallplans HTTP/1.1" - - "http://10.0.0.104:3000/" "Mozilla/5.0 (Linux; Android 8.0.0; SM-G955U Build/R16NW) AppleWebKit/537.36 (KHTML, like Gecko) Chrome/87.0.4280.141 Mobile Safari/537.36"
::ffff:10.0.0.104 - - [27/Jul/2023:06:53:00 +0000] "POST /api/v1/menuitems HTTP/1.1" - - "http://10.0.0.104:3000/" "Mozilla/5.0 (Linux; Android 8.0.0; SM-G955U Build/R16NW) AppleWebKit/537.36 (KHTML, like Gecko) Chrome/87.0.4280.141 Mobile Safari/537.36"
::ffff:10.0.0.104 - - [27/Jul/2023:06:53:00 +0000] "POST /api/v1/tables HTTP/1.1" - - "http://10.0.0.104:3000/" "Mozilla/5.0 (Linux; Android 8.0.0; SM-G955U Build/R16NW) AppleWebKit/537.36 (KHTML, like Gecko) Chrome/87.0.4280.141 Mobile Safari/537.36"
::ffff:10.0.0.104 - - [27/Jul/2023:06:53:00 +0000] "POST /api/v1/tables HTTP/1.1" - - "http://10.0.0.104:3000/" "Mozilla/5.0 (Linux; Android 8.0.0; SM-G955U Build/R16NW) AppleWebKit/537.36 (KHTML, like Gecko) Chrome/87.0.4280.141 Mobile Safari/537.36"
::ffff:10.0.0.104 - - [27/Jul/2023:06:53:00 +0000] "POST /api/v1/restaurants/getrestaurants HTTP/1.1" 200 1836 "http://10.0.0.104:3000/" "Mozilla/5.0 (Linux; Android 8.0.0; SM-G955U Build/R16NW) AppleWebKit/537.36 (KHTML, like Gecko) Chrome/87.0.4280.141 Mobile Safari/537.36"
::ffff:10.0.0.104 - - [27/Jul/2023:06:53:00 +0000] "POST /api/v1/restaurants/getrestaurants HTTP/1.1" 200 1836 "http://10.0.0.104:3000/" "Mozilla/5.0 (Linux; Android 8.0.0; SM-G955U Build/R16NW) AppleWebKit/537.36 (KHTML, like Gecko) Chrome/87.0.4280.141 Mobile Safari/537.36"
::ffff:10.0.0.104 - - [27/Jul/2023:06:53:04 +0000] "POST /api/v1/restaurants/getrestaurants HTTP/1.1" 200 1836 "http://10.0.0.104:3000/" "Mozilla/5.0 (Linux; Android 8.0.0; SM-G955U Build/R16NW) AppleWebKit/537.36 (KHTML, like Gecko) Chrome/87.0.4280.141 Mobile Safari/537.36"
::ffff:10.0.0.104 - - [27/Jul/2023:06:53:24 +0000] "POST /api/v1/restaurants/getrestaurants HTTP/1.1" 200 1836 "http://10.0.0.104:3000/" "Mozilla/5.0 (Linux; Android 8.0.0; SM-G955U Build/R16NW) AppleWebKit/537.36 (KHTML, like Gecko) Chrome/87.0.4280.141 Mobile Safari/537.36"
::ffff:10.0.0.104 - - [27/Jul/2023:06:53:24 +0000] "POST /api/v1/restaurants/getrestaurants HTTP/1.1" 200 1836 "http://10.0.0.104:3000/" "Mozilla/5.0 (Linux; Android 8.0.0; SM-G955U Build/R16NW) AppleWebKit/537.36 (KHTML, like Gecko) Chrome/87.0.4280.141 Mobile Safari/537.36"
::ffff:10.0.0.104 - - [27/Jul/2023:06:53:31 +0000] "POST /api/v1/settings/getsettings HTTP/1.1" 200 264 "http://10.0.0.104:3000/" "Mozilla/5.0 (Linux; Android 8.0.0; SM-G955U Build/R16NW) AppleWebKit/537.36 (KHTML, like Gecko) Chrome/87.0.4280.141 Mobile Safari/537.36"
::ffff:10.0.0.104 - - [27/Jul/2023:06:53:32 +0000] "POST /api/v1/settings/createsettings HTTP/1.1" 200 16 "http://10.0.0.104:3000/" "Mozilla/5.0 (Linux; Android 8.0.0; SM-G955U Build/R16NW) AppleWebKit/537.36 (KHTML, like Gecko) Chrome/87.0.4280.141 Mobile Safari/537.36"
::ffff:10.0.0.104 - - [27/Jul/2023:06:53:38 +0000] "POST /api/v1/price HTTP/1.1" 500 61 "http://10.0.0.104:3000/" "Mozilla/5.0 (Linux; Android 8.0.0; SM-G955U Build/R16NW) AppleWebKit/537.36 (KHTML, like Gecko) Chrome/87.0.4280.141 Mobile Safari/537.36"
::ffff:10.0.0.102 - - [27/Jul/2023:06:53:40 +0000] "POST /api/v1/restaurants/getrestaurants HTTP/1.1" 200 1836 "http://10.0.0.104:3000/" "Mozilla/5.0 (Linux; Android 10; K) AppleWebKit/537.36 (KHTML, like Gecko) Chrome/114.0.0.0 Mobile Safari/537.36"
::ffff:10.0.0.102 - - [27/Jul/2023:06:53:42 +0000] "POST /api/v1/hallplans/db HTTP/1.1" 200 7503 "http://10.0.0.104:3000/" "Mozilla/5.0 (Linux; Android 10; K) AppleWebKit/537.36 (KHTML, like Gecko) Chrome/114.0.0.0 Mobile Safari/537.36"
::ffff:10.0.0.102 - - [27/Jul/2023:06:53:43 +0000] "POST /api/v1/tables/db HTTP/1.1" 200 601 "http://10.0.0.104:3000/" "Mozilla/5.0 (Linux; Android 10; K) AppleWebKit/537.36 (KHTML, like Gecko) Chrome/114.0.0.0 Mobile Safari/537.36"
::ffff:10.0.0.102 - - [27/Jul/2023:06:53:44 +0000] "POST /api/v1/settings/getsettings HTTP/1.1" 200 264 "http://10.0.0.104:3000/" "Mozilla/5.0 (Linux; Android 10; K) AppleWebKit/537.36 (KHTML, like Gecko) Chrome/114.0.0.0 Mobile Safari/537.36"
::ffff:10.0.0.102 - - [27/Jul/2023:06:53:44 +0000] "POST /api/v1/categories HTTP/1.1" 200 4128 "http://10.0.0.104:3000/" "Mozilla/5.0 (Linux; Android 10; K) AppleWebKit/537.36 (KHTML, like Gecko) Chrome/114.0.0.0 Mobile Safari/537.36"
::ffff:10.0.0.102 - - [27/Jul/2023:06:53:44 +0000] "POST /api/v1/menu HTTP/1.1" 200 36180 "http://10.0.0.104:3000/" "Mozilla/5.0 (Linux; Android 10; K) AppleWebKit/537.36 (KHTML, like Gecko) Chrome/114.0.0.0 Mobile Safari/537.36"
::ffff:10.0.0.102 - - [27/Jul/2023:06:53:46 +0000] "POST /api/v1/rkeeper/createorder HTTP/1.1" 200 2900 "http://10.0.0.104:3000/" "Mozilla/5.0 (Linux; Android 10; K) AppleWebKit/537.36 (KHTML, like Gecko) Chrome/114.0.0.0 Mobile Safari/537.36"
::ffff:10.0.0.102 - - [27/Jul/2023:06:53:52 +0000] "POST /api/v1/orders/insertorderdetails HTTP/1.1" 200 16 "http://10.0.0.104:3000/" "Mozilla/5.0 (Linux; Android 10; K) AppleWebKit/537.36 (KHTML, like Gecko) Chrome/114.0.0.0 Mobile Safari/537.36"
::ffff:10.0.0.102 - - [27/Jul/2023:06:53:52 +0000] "POST /api/v1/rkeeper/saveorder HTTP/1.1" 200 1359 "http://10.0.0.104:3000/" "Mozilla/5.0 (Linux; Android 10; K) AppleWebKit/537.36 (KHTML, like Gecko) Chrome/114.0.0.0 Mobile Safari/537.36"
::ffff:10.0.0.102 - - [27/Jul/2023:06:53:54 +0000] "POST /api/v1/pass/createorderpass HTTP/1.1" 200 230 "http://10.0.0.104:3000/" "Mozilla/5.0 (Linux; Android 10; K) AppleWebKit/537.36 (KHTML, like Gecko) Chrome/114.0.0.0 Mobile Safari/537.36"
::ffff:10.0.0.102 - - [27/Jul/2023:06:53:58 +0000] "POST /api/v1/pass/order_inquiry_pass HTTP/1.1" 200 388 "http://10.0.0.104:3000/" "Mozilla/5.0 (Linux; Android 10; K) AppleWebKit/537.36 (KHTML, like Gecko) Chrome/114.0.0.0 Mobile Safari/537.36"
::ffff:10.0.0.102 - - [27/Jul/2023:06:54:01 +0000] "POST /api/v1/pass/order_inquiry_pass HTTP/1.1" 200 388 "http://10.0.0.104:3000/" "Mozilla/5.0 (Linux; Android 10; K) AppleWebKit/537.36 (KHTML, like Gecko) Chrome/114.0.0.0 Mobile Safari/537.36"
::ffff:10.0.0.102 - - [27/Jul/2023:06:54:03 +0000] "POST /api/v1/pass/order_inquiry_pass HTTP/1.1" 200 388 "http://10.0.0.104:3000/" "Mozilla/5.0 (Linux; Android 10; K) AppleWebKit/537.36 (KHTML, like Gecko) Chrome/114.0.0.0 Mobile Safari/537.36"
::ffff:10.0.0.102 - - [27/Jul/2023:06:54:06 +0000] "POST /api/v1/pass/order_inquiry_pass HTTP/1.1" 200 388 "http://10.0.0.104:3000/" "Mozilla/5.0 (Linux; Android 10; K) AppleWebKit/537.36 (KHTML, like Gecko) Chrome/114.0.0.0 Mobile Safari/537.36"
::ffff:10.0.0.102 - - [27/Jul/2023:06:54:09 +0000] "POST /api/v1/pass/order_inquiry_pass HTTP/1.1" 200 388 "http://10.0.0.104:3000/" "Mozilla/5.0 (Linux; Android 10; K) AppleWebKit/537.36 (KHTML, like Gecko) Chrome/114.0.0.0 Mobile Safari/537.36"
::ffff:10.0.0.102 - - [27/Jul/2023:06:54:12 +0000] "POST /api/v1/pass/order_inquiry_pass HTTP/1.1" 200 388 "http://10.0.0.104:3000/" "Mozilla/5.0 (Linux; Android 10; K) AppleWebKit/537.36 (KHTML, like Gecko) Chrome/114.0.0.0 Mobile Safari/537.36"
::ffff:10.0.0.102 - - [27/Jul/2023:06:54:15 +0000] "POST /api/v1/pass/order_inquiry_pass HTTP/1.1" 200 388 "http://10.0.0.104:3000/" "Mozilla/5.0 (Linux; Android 10; K) AppleWebKit/537.36 (KHTML, like Gecko) Chrome/114.0.0.0 Mobile Safari/537.36"
::ffff:10.0.0.102 - - [27/Jul/2023:06:54:18 +0000] "POST /api/v1/pass/order_inquiry_pass HTTP/1.1" 200 388 "http://10.0.0.104:3000/" "Mozilla/5.0 (Linux; Android 10; K) AppleWebKit/537.36 (KHTML, like Gecko) Chrome/114.0.0.0 Mobile Safari/537.36"
::ffff:10.0.0.102 - - [27/Jul/2023:06:54:21 +0000] "POST /api/v1/pass/order_inquiry_pass HTTP/1.1" 200 388 "http://10.0.0.104:3000/" "Mozilla/5.0 (Linux; Android 10; K) AppleWebKit/537.36 (KHTML, like Gecko) Chrome/114.0.0.0 Mobile Safari/537.36"
::ffff:10.0.0.102 - - [27/Jul/2023:06:54:24 +0000] "POST /api/v1/pass/order_inquiry_pass HTTP/1.1" 200 388 "http://10.0.0.104:3000/" "Mozilla/5.0 (Linux; Android 10; K) AppleWebKit/537.36 (KHTML, like Gecko) Chrome/114.0.0.0 Mobile Safari/537.36"
::ffff:10.0.0.104 - - [27/Jul/2023:06:55:55 +0000] "POST /api/v1/restaurants/getrestaurants HTTP/1.1" 200 1836 "http://10.0.0.104:3000/" "Mozilla/5.0 (Linux; Android 8.0.0; SM-G955U Build/R16NW) AppleWebKit/537.36 (KHTML, like Gecko) Chrome/87.0.4280.141 Mobile Safari/537.36"
::ffff:10.0.0.104 - - [27/Jul/2023:06:55:56 +0000] "POST /api/v1/restaurants/getrestaurants HTTP/1.1" 200 1836 "http://10.0.0.104:3000/" "Mozilla/5.0 (Linux; Android 8.0.0; SM-G955U Build/R16NW) AppleWebKit/537.36 (KHTML, like Gecko) Chrome/87.0.4280.141 Mobile Safari/537.36"
::ffff:10.0.0.104 - - [27/Jul/2023:06:56:06 +0000] "POST /api/v1/restaurants/getrestaurants HTTP/1.1" 200 1836 "http://10.0.0.104:3000/" "Mozilla/5.0 (Linux; Android 8.0.0; SM-G955U Build/R16NW) AppleWebKit/537.36 (KHTML, like Gecko) Chrome/87.0.4280.141 Mobile Safari/537.36"
::ffff:10.0.0.104 - - [27/Jul/2023:06:56:06 +0000] "POST /api/v1/restaurants/getrestaurants HTTP/1.1" 200 1836 "http://10.0.0.104:3000/" "Mozilla/5.0 (Linux; Android 8.0.0; SM-G955U Build/R16NW) AppleWebKit/537.36 (KHTML, like Gecko) Chrome/87.0.4280.141 Mobile Safari/537.36"
::ffff:10.0.0.104 - - [27/Jul/2023:06:56:08 +0000] "POST /api/v1/settings/getsettings HTTP/1.1" 200 264 "http://10.0.0.104:3000/" "Mozilla/5.0 (Linux; Android 8.0.0; SM-G955U Build/R16NW) AppleWebKit/537.36 (KHTML, like Gecko) Chrome/87.0.4280.141 Mobile Safari/537.36"
::ffff:10.0.0.104 - - [27/Jul/2023:06:56:10 +0000] "POST /api/v1/settings/createsettings HTTP/1.1" 200 16 "http://10.0.0.104:3000/" "Mozilla/5.0 (Linux; Android 8.0.0; SM-G955U Build/R16NW) AppleWebKit/537.36 (KHTML, like Gecko) Chrome/87.0.4280.141 Mobile Safari/537.36"
::ffff:10.0.0.104 - - [27/Jul/2023:06:56:13 +0000] "POST /api/v1/price HTTP/1.1" 500 61 "http://10.0.0.104:3000/" "Mozilla/5.0 (Linux; Android 8.0.0; SM-G955U Build/R16NW) AppleWebKit/537.36 (KHTML, like Gecko) Chrome/87.0.4280.141 Mobile Safari/537.36"
::ffff:10.0.0.103 - - [27/Jul/2023:06:56:15 +0000] "POST /api/v1/restaurants/getrestaurants HTTP/1.1" 200 1836 "http://10.0.0.104:3000/" "Mozilla/5.0 (iPhone; CPU iPhone OS 16_5 like Mac OS X) AppleWebKit/605.1.15 (KHTML, like Gecko) CriOS/114.0.5735.99 Mobile/15E148 Safari/604.1"
::ffff:10.0.0.102 - - [27/Jul/2023:06:56:16 +0000] "POST /api/v1/restaurants/getrestaurants HTTP/1.1" 200 1836 "http://10.0.0.104:3000/" "Mozilla/5.0 (Linux; Android 10; K) AppleWebKit/537.36 (KHTML, like Gecko) Chrome/114.0.0.0 Mobile Safari/537.36"
::ffff:10.0.0.103 - - [27/Jul/2023:06:56:16 +0000] "POST /api/v1/hallplans/db HTTP/1.1" 200 7503 "http://10.0.0.104:3000/" "Mozilla/5.0 (iPhone; CPU iPhone OS 16_5 like Mac OS X) AppleWebKit/605.1.15 (KHTML, like Gecko) CriOS/114.0.5735.99 Mobile/15E148 Safari/604.1"
::ffff:10.0.0.103 - - [27/Jul/2023:06:56:17 +0000] "POST /api/v1/tables/db HTTP/1.1" 200 597 "http://10.0.0.104:3000/" "Mozilla/5.0 (iPhone; CPU iPhone OS 16_5 like Mac OS X) AppleWebKit/605.1.15 (KHTML, like Gecko) CriOS/114.0.5735.99 Mobile/15E148 Safari/604.1"
::ffff:10.0.0.102 - - [27/Jul/2023:06:56:18 +0000] "POST /api/v1/hallplans/db HTTP/1.1" 200 7503 "http://10.0.0.104:3000/" "Mozilla/5.0 (Linux; Android 10; K) AppleWebKit/537.36 (KHTML, like Gecko) Chrome/114.0.0.0 Mobile Safari/537.36"
::ffff:10.0.0.103 - - [27/Jul/2023:06:56:18 +0000] "POST /api/v1/categories HTTP/1.1" 200 26 "http://10.0.0.104:3000/" "Mozilla/5.0 (iPhone; CPU iPhone OS 16_5 like Mac OS X) AppleWebKit/605.1.15 (KHTML, like Gecko) CriOS/114.0.5735.99 Mobile/15E148 Safari/604.1"
::ffff:10.0.0.103 - - [27/Jul/2023:06:56:18 +0000] "POST /api/v1/menu HTTP/1.1" 200 26 "http://10.0.0.104:3000/" "Mozilla/5.0 (iPhone; CPU iPhone OS 16_5 like Mac OS X) AppleWebKit/605.1.15 (KHTML, like Gecko) CriOS/114.0.5735.99 Mobile/15E148 Safari/604.1"
::ffff:10.0.0.103 - - [27/Jul/2023:06:56:18 +0000] "POST /api/v1/settings/getsettings HTTP/1.1" 200 26 "http://10.0.0.104:3000/" "Mozilla/5.0 (iPhone; CPU iPhone OS 16_5 like Mac OS X) AppleWebKit/605.1.15 (KHTML, like Gecko) CriOS/114.0.5735.99 Mobile/15E148 Safari/604.1"
::ffff:10.0.0.102 - - [27/Jul/2023:06:56:21 +0000] "POST /api/v1/tables/db HTTP/1.1" 200 597 "http://10.0.0.104:3000/" "Mozilla/5.0 (Linux; Android 10; K) AppleWebKit/537.36 (KHTML, like Gecko) Chrome/114.0.0.0 Mobile Safari/537.36"
::ffff:10.0.0.102 - - [27/Jul/2023:06:56:22 +0000] "POST /api/v1/categories HTTP/1.1" 200 4128 "http://10.0.0.104:3000/" "Mozilla/5.0 (Linux; Android 10; K) AppleWebKit/537.36 (KHTML, like Gecko) Chrome/114.0.0.0 Mobile Safari/537.36"
::ffff:10.0.0.102 - - [27/Jul/2023:06:56:22 +0000] "POST /api/v1/settings/getsettings HTTP/1.1" 200 264 "http://10.0.0.104:3000/" "Mozilla/5.0 (Linux; Android 10; K) AppleWebKit/537.36 (KHTML, like Gecko) Chrome/114.0.0.0 Mobile Safari/537.36"
::ffff:10.0.0.102 - - [27/Jul/2023:06:56:23 +0000] "POST /api/v1/menu HTTP/1.1" 200 36180 "http://10.0.0.104:3000/" "Mozilla/5.0 (Linux; Android 10; K) AppleWebKit/537.36 (KHTML, like Gecko) Chrome/114.0.0.0 Mobile Safari/537.36"
::ffff:10.0.0.103 - - [27/Jul/2023:06:56:23 +0000] "POST /api/v1/tables/db HTTP/1.1" 200 597 "http://10.0.0.104:3000/" "Mozilla/5.0 (iPhone; CPU iPhone OS 16_5 like Mac OS X) AppleWebKit/605.1.15 (KHTML, like Gecko) CriOS/114.0.5735.99 Mobile/15E148 Safari/604.1"
::ffff:10.0.0.103 - - [27/Jul/2023:06:56:24 +0000] "POST /api/v1/categories HTTP/1.1" 200 26 "http://10.0.0.104:3000/" "Mozilla/5.0 (iPhone; CPU iPhone OS 16_5 like Mac OS X) AppleWebKit/605.1.15 (KHTML, like Gecko) CriOS/114.0.5735.99 Mobile/15E148 Safari/604.1"
::ffff:10.0.0.103 - - [27/Jul/2023:06:56:24 +0000] "POST /api/v1/menu HTTP/1.1" 200 26 "http://10.0.0.104:3000/" "Mozilla/5.0 (iPhone; CPU iPhone OS 16_5 like Mac OS X) AppleWebKit/605.1.15 (KHTML, like Gecko) CriOS/114.0.5735.99 Mobile/15E148 Safari/604.1"
::ffff:10.0.0.103 - - [27/Jul/2023:06:56:24 +0000] "POST /api/v1/settings/getsettings HTTP/1.1" 200 26 "http://10.0.0.104:3000/" "Mozilla/5.0 (iPhone; CPU iPhone OS 16_5 like Mac OS X) AppleWebKit/605.1.15 (KHTML, like Gecko) CriOS/114.0.5735.99 Mobile/15E148 Safari/604.1"
::ffff:10.0.0.103 - - [27/Jul/2023:06:56:29 +0000] "POST /api/v1/tables/db HTTP/1.1" 200 597 "http://10.0.0.104:3000/" "Mozilla/5.0 (iPhone; CPU iPhone OS 16_5 like Mac OS X) AppleWebKit/605.1.15 (KHTML, like Gecko) CriOS/114.0.5735.99 Mobile/15E148 Safari/604.1"
::ffff:10.0.0.103 - - [27/Jul/2023:06:56:30 +0000] "POST /api/v1/categories HTTP/1.1" 200 26 "http://10.0.0.104:3000/" "Mozilla/5.0 (iPhone; CPU iPhone OS 16_5 like Mac OS X) AppleWebKit/605.1.15 (KHTML, like Gecko) CriOS/114.0.5735.99 Mobile/15E148 Safari/604.1"
::ffff:10.0.0.103 - - [27/Jul/2023:06:56:30 +0000] "POST /api/v1/menu HTTP/1.1" 200 26 "http://10.0.0.104:3000/" "Mozilla/5.0 (iPhone; CPU iPhone OS 16_5 like Mac OS X) AppleWebKit/605.1.15 (KHTML, like Gecko) CriOS/114.0.5735.99 Mobile/15E148 Safari/604.1"
::ffff:10.0.0.103 - - [27/Jul/2023:06:56:30 +0000] "POST /api/v1/settings/getsettings HTTP/1.1" 200 26 "http://10.0.0.104:3000/" "Mozilla/5.0 (iPhone; CPU iPhone OS 16_5 like Mac OS X) AppleWebKit/605.1.15 (KHTML, like Gecko) CriOS/114.0.5735.99 Mobile/15E148 Safari/604.1"
::ffff:10.0.0.103 - - [27/Jul/2023:06:56:32 +0000] "POST /api/v1/tables/db HTTP/1.1" 200 597 "http://10.0.0.104:3000/" "Mozilla/5.0 (iPhone; CPU iPhone OS 16_5 like Mac OS X) AppleWebKit/605.1.15 (KHTML, like Gecko) CriOS/114.0.5735.99 Mobile/15E148 Safari/604.1"
::ffff:10.0.0.103 - - [27/Jul/2023:06:56:32 +0000] "POST /api/v1/hallplans/db HTTP/1.1" 200 7503 "http://10.0.0.104:3000/" "Mozilla/5.0 (iPhone; CPU iPhone OS 16_5 like Mac OS X) AppleWebKit/605.1.15 (KHTML, like Gecko) CriOS/114.0.5735.99 Mobile/15E148 Safari/604.1"
::ffff:10.0.0.103 - - [27/Jul/2023:06:56:33 +0000] "POST /api/v1/restaurants/getrestaurants HTTP/1.1" 200 1836 "http://10.0.0.104:3000/" "Mozilla/5.0 (iPhone; CPU iPhone OS 16_5 like Mac OS X) AppleWebKit/605.1.15 (KHTML, like Gecko) CriOS/114.0.5735.99 Mobile/15E148 Safari/604.1"
::ffff:10.0.0.103 - - [27/Jul/2023:06:56:42 +0000] "POST /api/v1/hallplans/db HTTP/1.1" 200 7503 "http://10.0.0.104:3000/" "Mozilla/5.0 (iPhone; CPU iPhone OS 16_5 like Mac OS X) AppleWebKit/605.1.15 (KHTML, like Gecko) CriOS/114.0.5735.99 Mobile/15E148 Safari/604.1"
::ffff:10.0.0.103 - - [27/Jul/2023:06:56:43 +0000] "POST /api/v1/tables/db HTTP/1.1" 200 597 "http://10.0.0.104:3000/" "Mozilla/5.0 (iPhone; CPU iPhone OS 16_5 like Mac OS X) AppleWebKit/605.1.15 (KHTML, like Gecko) CriOS/114.0.5735.99 Mobile/15E148 Safari/604.1"
::ffff:10.0.0.103 - - [27/Jul/2023:06:56:43 +0000] "POST /api/v1/categories HTTP/1.1" 200 4128 "http://10.0.0.104:3000/" "Mozilla/5.0 (iPhone; CPU iPhone OS 16_5 like Mac OS X) AppleWebKit/605.1.15 (KHTML, like Gecko) CriOS/114.0.5735.99 Mobile/15E148 Safari/604.1"
::ffff:10.0.0.103 - - [27/Jul/2023:06:56:43 +0000] "POST /api/v1/settings/getsettings HTTP/1.1" 200 264 "http://10.0.0.104:3000/" "Mozilla/5.0 (iPhone; CPU iPhone OS 16_5 like Mac OS X) AppleWebKit/605.1.15 (KHTML, like Gecko) CriOS/114.0.5735.99 Mobile/15E148 Safari/604.1"
::ffff:10.0.0.103 - - [27/Jul/2023:06:56:44 +0000] "POST /api/v1/menu HTTP/1.1" 200 36180 "http://10.0.0.104:3000/" "Mozilla/5.0 (iPhone; CPU iPhone OS 16_5 like Mac OS X) AppleWebKit/605.1.15 (KHTML, like Gecko) CriOS/114.0.5735.99 Mobile/15E148 Safari/604.1"
::ffff:10.0.0.104 - - [27/Jul/2023:06:56:54 +0000] "POST /api/v1/settings/createsettings HTTP/1.1" 200 16 "http://10.0.0.104:3000/" "Mozilla/5.0 (Linux; Android 8.0.0; SM-G955U Build/R16NW) AppleWebKit/537.36 (KHTML, like Gecko) Chrome/87.0.4280.141 Mobile Safari/537.36"
::ffff:10.0.0.103 - - [27/Jul/2023:06:56:59 +0000] "POST /api/v1/categories HTTP/1.1" 200 4128 "http://10.0.0.104:3000/" "Mozilla/5.0 (iPhone; CPU iPhone OS 16_5 like Mac OS X) AppleWebKit/605.1.15 (KHTML, like Gecko) CriOS/114.0.5735.99 Mobile/15E148 Safari/604.1"
::ffff:10.0.0.103 - - [27/Jul/2023:06:56:59 +0000] "POST /api/v1/settings/getsettings HTTP/1.1" 200 264 "http://10.0.0.104:3000/" "Mozilla/5.0 (iPhone; CPU iPhone OS 16_5 like Mac OS X) AppleWebKit/605.1.15 (KHTML, like Gecko) CriOS/114.0.5735.99 Mobile/15E148 Safari/604.1"
::ffff:10.0.0.103 - - [27/Jul/2023:06:56:59 +0000] "POST /api/v1/menu HTTP/1.1" 200 36180 "http://10.0.0.104:3000/" "Mozilla/5.0 (iPhone; CPU iPhone OS 16_5 like Mac OS X) AppleWebKit/605.1.15 (KHTML, like Gecko) CriOS/114.0.5735.99 Mobile/15E148 Safari/604.1"
::ffff:10.0.0.102 - - [27/Jul/2023:06:56:59 +0000] "POST /api/v1/restaurants/getrestaurants HTTP/1.1" 200 1836 "http://10.0.0.104:3000/" "Mozilla/5.0 (Linux; Android 10; K) AppleWebKit/537.36 (KHTML, like Gecko) Chrome/114.0.0.0 Mobile Safari/537.36"
::ffff:10.0.0.102 - - [27/Jul/2023:06:57:01 +0000] "POST /api/v1/hallplans/db HTTP/1.1" 200 7503 "http://10.0.0.104:3000/" "Mozilla/5.0 (Linux; Android 10; K) AppleWebKit/537.36 (KHTML, like Gecko) Chrome/114.0.0.0 Mobile Safari/537.36"
::ffff:10.0.0.102 - - [27/Jul/2023:06:57:02 +0000] "POST /api/v1/tables/db HTTP/1.1" 200 601 "http://10.0.0.104:3000/" "Mozilla/5.0 (Linux; Android 10; K) AppleWebKit/537.36 (KHTML, like Gecko) Chrome/114.0.0.0 Mobile Safari/537.36"
::ffff:10.0.0.102 - - [27/Jul/2023:06:57:03 +0000] "POST /api/v1/categories HTTP/1.1" 200 26 "http://10.0.0.104:3000/" "Mozilla/5.0 (Linux; Android 10; K) AppleWebKit/537.36 (KHTML, like Gecko) Chrome/114.0.0.0 Mobile Safari/537.36"
::ffff:10.0.0.102 - - [27/Jul/2023:06:57:03 +0000] "POST /api/v1/menu HTTP/1.1" 200 26 "http://10.0.0.104:3000/" "Mozilla/5.0 (Linux; Android 10; K) AppleWebKit/537.36 (KHTML, like Gecko) Chrome/114.0.0.0 Mobile Safari/537.36"
::ffff:10.0.0.102 - - [27/Jul/2023:06:57:03 +0000] "POST /api/v1/settings/getsettings HTTP/1.1" 200 26 "http://10.0.0.104:3000/" "Mozilla/5.0 (Linux; Android 10; K) AppleWebKit/537.36 (KHTML, like Gecko) Chrome/114.0.0.0 Mobile Safari/537.36"
::ffff:10.0.0.102 - - [27/Jul/2023:06:57:06 +0000] "POST /api/v1/tables/db HTTP/1.1" 200 601 "http://10.0.0.104:3000/" "Mozilla/5.0 (Linux; Android 10; K) AppleWebKit/537.36 (KHTML, like Gecko) Chrome/114.0.0.0 Mobile Safari/537.36"
::ffff:10.0.0.102 - - [27/Jul/2023:06:57:07 +0000] "POST /api/v1/hallplans/db HTTP/1.1" 200 7503 "http://10.0.0.104:3000/" "Mozilla/5.0 (Linux; Android 10; K) AppleWebKit/537.36 (KHTML, like Gecko) Chrome/114.0.0.0 Mobile Safari/537.36"
::ffff:10.0.0.102 - - [27/Jul/2023:06:57:09 +0000] "POST /api/v1/restaurants/getrestaurants HTTP/1.1" 200 1836 "http://10.0.0.104:3000/" "Mozilla/5.0 (Linux; Android 10; K) AppleWebKit/537.36 (KHTML, like Gecko) Chrome/114.0.0.0 Mobile Safari/537.36"
::ffff:10.0.0.107 - - [27/Jul/2023:06:57:11 +0000] "POST /api/v1/restaurants/getrestaurants HTTP/1.1" 200 1836 "http://10.0.0.104:3000/" "Mozilla/5.0 (Windows NT 10.0; Win64; x64) AppleWebKit/537.36 (KHTML, like Gecko) Chrome/114.0.0.0 Safari/537.36"
::ffff:10.0.0.107 - - [27/Jul/2023:06:57:13 +0000] "POST /api/v1/hallplans/db HTTP/1.1" 200 7503 "http://10.0.0.104:3000/" "Mozilla/5.0 (Windows NT 10.0; Win64; x64) AppleWebKit/537.36 (KHTML, like Gecko) Chrome/114.0.0.0 Safari/537.36"
::ffff:10.0.0.107 - - [27/Jul/2023:06:57:14 +0000] "POST /api/v1/tables/db HTTP/1.1" 200 597 "http://10.0.0.104:3000/" "Mozilla/5.0 (Windows NT 10.0; Win64; x64) AppleWebKit/537.36 (KHTML, like Gecko) Chrome/114.0.0.0 Safari/537.36"
::ffff:10.0.0.107 - - [27/Jul/2023:06:57:15 +0000] "POST /api/v1/categories HTTP/1.1" 200 4128 "http://10.0.0.104:3000/" "Mozilla/5.0 (Windows NT 10.0; Win64; x64) AppleWebKit/537.36 (KHTML, like Gecko) Chrome/114.0.0.0 Safari/537.36"
::ffff:10.0.0.107 - - [27/Jul/2023:06:57:15 +0000] "POST /api/v1/settings/getsettings HTTP/1.1" 200 264 "http://10.0.0.104:3000/" "Mozilla/5.0 (Windows NT 10.0; Win64; x64) AppleWebKit/537.36 (KHTML, like Gecko) Chrome/114.0.0.0 Safari/537.36"
::ffff:10.0.0.107 - - [27/Jul/2023:06:57:15 +0000] "POST /api/v1/menu HTTP/1.1" 200 36180 "http://10.0.0.104:3000/" "Mozilla/5.0 (Windows NT 10.0; Win64; x64) AppleWebKit/537.36 (KHTML, like Gecko) Chrome/114.0.0.0 Safari/537.36"
::ffff:10.0.0.104 - - [27/Jul/2023:06:57:42 +0000] "POST /api/v1/tables/db HTTP/1.1" 200 26 "http://10.0.0.104:3000/" "Mozilla/5.0 (Linux; Android 8.0.0; SM-G955U Build/R16NW) AppleWebKit/537.36 (KHTML, like Gecko) Chrome/87.0.4280.141 Mobile Safari/537.36"
::ffff:10.0.0.104 - - [27/Jul/2023:06:57:49 +0000] "POST /api/v1/restaurants/getrestaurants HTTP/1.1" 200 1836 "http://10.0.0.104:3000/" "Mozilla/5.0 (Linux; Android 8.0.0; SM-G955U Build/R16NW) AppleWebKit/537.36 (KHTML, like Gecko) Chrome/87.0.4280.141 Mobile Safari/537.36"
::ffff:10.0.0.104 - - [27/Jul/2023:06:57:49 +0000] "POST /api/v1/restaurants/getrestaurants HTTP/1.1" 200 1836 "http://10.0.0.104:3000/" "Mozilla/5.0 (Linux; Android 8.0.0; SM-G955U Build/R16NW) AppleWebKit/537.36 (KHTML, like Gecko) Chrome/87.0.4280.141 Mobile Safari/537.36"
::ffff:10.0.0.104 - - [27/Jul/2023:06:58:03 +0000] "POST /api/v1/restaurants/getrestaurants HTTP/1.1" 200 1836 "http://10.0.0.104:3000/" "Mozilla/5.0 (Linux; Android 8.0.0; SM-G955U Build/R16NW) AppleWebKit/537.36 (KHTML, like Gecko) Chrome/87.0.4280.141 Mobile Safari/537.36"
::ffff:10.0.0.104 - - [27/Jul/2023:06:58:03 +0000] "POST /api/v1/restaurants/getrestaurants HTTP/1.1" 200 1836 "http://10.0.0.104:3000/" "Mozilla/5.0 (Linux; Android 8.0.0; SM-G955U Build/R16NW) AppleWebKit/537.36 (KHTML, like Gecko) Chrome/87.0.4280.141 Mobile Safari/537.36"
::ffff:10.0.0.104 - - [27/Jul/2023:06:58:04 +0000] "POST /api/v1/settings/getsettings HTTP/1.1" 200 264 "http://10.0.0.104:3000/" "Mozilla/5.0 (Linux; Android 8.0.0; SM-G955U Build/R16NW) AppleWebKit/537.36 (KHTML, like Gecko) Chrome/87.0.4280.141 Mobile Safari/537.36"
::ffff:10.0.0.104 - - [27/Jul/2023:06:58:08 +0000] "POST /api/v1/settings/createsettings HTTP/1.1" 200 16 "http://10.0.0.104:3000/" "Mozilla/5.0 (Linux; Android 8.0.0; SM-G955U Build/R16NW) AppleWebKit/537.36 (KHTML, like Gecko) Chrome/87.0.4280.141 Mobile Safari/537.36"
::ffff:10.0.0.104 - - [27/Jul/2023:06:58:12 +0000] "POST /api/v1/price HTTP/1.1" 500 61 "http://10.0.0.104:3000/" "Mozilla/5.0 (Linux; Android 8.0.0; SM-G955U Build/R16NW) AppleWebKit/537.36 (KHTML, like Gecko) Chrome/87.0.4280.141 Mobile Safari/537.36"
::ffff:10.0.0.107 - - [27/Jul/2023:06:58:14 +0000] "POST /api/v1/categories HTTP/1.1" 200 4128 "http://10.0.0.104:3000/" "Mozilla/5.0 (Windows NT 10.0; Win64; x64) AppleWebKit/537.36 (KHTML, like Gecko) Chrome/114.0.0.0 Safari/537.36"
::ffff:10.0.0.107 - - [27/Jul/2023:06:58:14 +0000] "POST /api/v1/settings/getsettings HTTP/1.1" 200 264 "http://10.0.0.104:3000/" "Mozilla/5.0 (Windows NT 10.0; Win64; x64) AppleWebKit/537.36 (KHTML, like Gecko) Chrome/114.0.0.0 Safari/537.36"
::ffff:10.0.0.103 - - [27/Jul/2023:06:58:14 +0000] "POST /api/v1/categories HTTP/1.1" 200 4128 "http://10.0.0.104:3000/" "Mozilla/5.0 (iPhone; CPU iPhone OS 16_5 like Mac OS X) AppleWebKit/605.1.15 (KHTML, like Gecko) CriOS/114.0.5735.99 Mobile/15E148 Safari/604.1"
::ffff:10.0.0.103 - - [27/Jul/2023:06:58:15 +0000] "POST /api/v1/settings/getsettings HTTP/1.1" 200 264 "http://10.0.0.104:3000/" "Mozilla/5.0 (iPhone; CPU iPhone OS 16_5 like Mac OS X) AppleWebKit/605.1.15 (KHTML, like Gecko) CriOS/114.0.5735.99 Mobile/15E148 Safari/604.1"
::ffff:10.0.0.107 - - [27/Jul/2023:06:58:15 +0000] "POST /api/v1/menu HTTP/1.1" 200 36180 "http://10.0.0.104:3000/" "Mozilla/5.0 (Windows NT 10.0; Win64; x64) AppleWebKit/537.36 (KHTML, like Gecko) Chrome/114.0.0.0 Safari/537.36"
::ffff:10.0.0.103 - - [27/Jul/2023:06:58:15 +0000] "POST /api/v1/menu HTTP/1.1" 200 36180 "http://10.0.0.104:3000/" "Mozilla/5.0 (iPhone; CPU iPhone OS 16_5 like Mac OS X) AppleWebKit/605.1.15 (KHTML, like Gecko) CriOS/114.0.5735.99 Mobile/15E148 Safari/604.1"
::ffff:10.0.0.102 - - [27/Jul/2023:06:58:15 +0000] "POST /api/v1/restaurants/getrestaurants HTTP/1.1" 200 1836 "http://10.0.0.104:3000/" "Mozilla/5.0 (Linux; Android 10; K) AppleWebKit/537.36 (KHTML, like Gecko) Chrome/114.0.0.0 Mobile Safari/537.36"
::ffff:10.0.0.102 - - [27/Jul/2023:06:58:17 +0000] "POST /api/v1/hallplans/db HTTP/1.1" 200 7503 "http://10.0.0.104:3000/" "Mozilla/5.0 (Linux; Android 10; K) AppleWebKit/537.36 (KHTML, like Gecko) Chrome/114.0.0.0 Mobile Safari/537.36"
::ffff:10.0.0.102 - - [27/Jul/2023:06:58:18 +0000] "POST /api/v1/tables/db HTTP/1.1" 200 601 "http://10.0.0.104:3000/" "Mozilla/5.0 (Linux; Android 10; K) AppleWebKit/537.36 (KHTML, like Gecko) Chrome/114.0.0.0 Mobile Safari/537.36"
::ffff:10.0.0.102 - - [27/Jul/2023:06:59:51 +0000] "POST /api/v1/tables/db HTTP/1.1" 200 601 "http://10.0.0.104:3000/" "Mozilla/5.0 (Linux; Android 10; K) AppleWebKit/537.36 (KHTML, like Gecko) Chrome/114.0.0.0 Mobile Safari/537.36"
::ffff:10.0.0.104 - - [27/Jul/2023:10:00:24 +0000] "POST /api/v1/menuitems HTTP/1.1" - - "http://10.0.0.104:3000/" "Mozilla/5.0 (Linux; Android 8.0.0; SM-G955U Build/R16NW) AppleWebKit/537.36 (KHTML, like Gecko) Chrome/87.0.4280.141 Mobile Safari/537.36"
::ffff:10.0.0.104 - - [27/Jul/2023:10:00:24 +0000] "POST /api/v1/hallplans HTTP/1.1" - - "http://10.0.0.104:3000/" "Mozilla/5.0 (Linux; Android 8.0.0; SM-G955U Build/R16NW) AppleWebKit/537.36 (KHTML, like Gecko) Chrome/87.0.4280.141 Mobile Safari/537.36"
::ffff:10.0.0.104 - - [27/Jul/2023:10:00:24 +0000] "POST /api/v1/tables HTTP/1.1" - - "http://10.0.0.104:3000/" "Mozilla/5.0 (Linux; Android 8.0.0; SM-G955U Build/R16NW) AppleWebKit/537.36 (KHTML, like Gecko) Chrome/87.0.4280.141 Mobile Safari/537.36"
